[0.216s] DEBUG:colcon:Command line arguments: ['/usr/bin/colcon', 'build']
[0.216s] DEBUG:colcon:Parsed command line arguments: Namespace(log_base=None, log_level=None, verb_name='build', build_base='build', install_base='install', merge_install=False, symlink_install=False, test_result_base=None, continue_on_error=False, executor='parallel', parallel_workers=20, event_handlers=None, ignore_user_meta=False, metas=['./colcon.meta'], base_paths=['.'], packages_ignore=None, packages_ignore_regex=None, paths=None, packages_up_to=None, packages_up_to_regex=None, packages_above=None, packages_above_and_dependencies=None, packages_above_depth=None, packages_select_by_dep=None, packages_skip_by_dep=None, packages_skip_up_to=None, packages_select_build_failed=False, packages_skip_build_finished=False, packages_select_test_failures=False, packages_skip_test_passed=False, packages_select=None, packages_skip=None, packages_select_regex=None, packages_skip_regex=None, packages_start=None, packages_end=None, allow_overriding=[], cmake_args=None, cmake_target=None, cmake_target_skip_unavailable=False, cmake_clean_cache=False, cmake_clean_first=False, cmake_force_configure=False, ament_cmake_args=None, catkin_cmake_args=None, catkin_skip_building_tests=False, verb_parser=<colcon_defaults.argument_parser.defaults.DefaultArgumentsDecorator object at 0x7b19d4114520>, verb_extension=<colcon_core.verb.build.BuildVerb object at 0x7b19d40e3dc0>, main=<bound method BuildVerb.main of <colcon_core.verb.build.BuildVerb object at 0x7b19d40e3dc0>>)
[0.313s] Level 1:colcon.colcon_core.package_discovery:discover_packages(colcon_meta) check parameters
[0.313s] Level 1:colcon.colcon_core.package_discovery:discover_packages(recursive) check parameters
[0.313s] Level 1:colcon.colcon_core.package_discovery:discover_packages(ignore) check parameters
[0.313s] Level 1:colcon.colcon_core.package_discovery:discover_packages(path) check parameters
[0.313s] Level 1:colcon.colcon_core.package_discovery:discover_packages(colcon_meta) discover
[0.313s] Level 1:colcon.colcon_core.package_discovery:discover_packages(recursive) discover
[0.313s] INFO:colcon.colcon_core.package_discovery:Crawling recursively for packages in '/home/guo/fishbot/ros2bookcode/chapt7/chapt7_ws'
[0.314s] Level 1:colcon.colcon_core.package_identification:_identify(.) by extensions ['ignore', 'ignore_ament_install']
[0.314s] Level 1:colcon.colcon_core.package_identification:_identify(.) by extension 'ignore'
[0.314s] Level 1:colcon.colcon_core.package_identification:_identify(.) by extension 'ignore_ament_install'
[0.314s] Level 1:colcon.colcon_core.package_identification:_identify(.) by extensions ['colcon_pkg']
[0.314s] Level 1:colcon.colcon_core.package_identification:_identify(.) by extension 'colcon_pkg'
[0.314s] Level 1:colcon.colcon_core.package_identification:_identify(.) by extensions ['colcon_meta']
[0.314s] Level 1:colcon.colcon_core.package_identification:_identify(.) by extension 'colcon_meta'
[0.314s] Level 1:colcon.colcon_core.package_identification:_identify(.) by extensions ['ros']
[0.314s] Level 1:colcon.colcon_core.package_identification:_identify(.) by extension 'ros'
[0.325s] Level 1:colcon.colcon_core.package_identification:_identify(.) by extensions ['cmake', 'python']
[0.325s] Level 1:colcon.colcon_core.package_identification:_identify(.) by extension 'cmake'
[0.325s] Level 1:colcon.colcon_core.package_identification:_identify(.) by extension 'python'
[0.326s] Level 1:colcon.colcon_core.package_identification:_identify(.) by extensions ['python_setup_py']
[0.326s] Level 1:colcon.colcon_core.package_identification:_identify(.) by extension 'python_setup_py'
[0.326s] Level 1:colcon.colcon_core.package_identification:_identify(build) by extensions ['ignore', 'ignore_ament_install']
[0.326s] Level 1:colcon.colcon_core.package_identification:_identify(build) by extension 'ignore'
[0.326s] Level 1:colcon.colcon_core.package_identification:_identify(build) ignored
[0.326s] Level 1:colcon.colcon_core.package_identification:_identify(install) by extensions ['ignore', 'ignore_ament_install']
[0.326s] Level 1:colcon.colcon_core.package_identification:_identify(install) by extension 'ignore'
[0.326s] Level 1:colcon.colcon_core.package_identification:_identify(install) ignored
[0.326s] Level 1:colcon.colcon_core.package_identification:_identify(log) by extensions ['ignore', 'ignore_ament_install']
[0.326s] Level 1:colcon.colcon_core.package_identification:_identify(log) by extension 'ignore'
[0.326s] Level 1:colcon.colcon_core.package_identification:_identify(log) ignored
[0.326s] Level 1:colcon.colcon_core.package_identification:_identify(src) by extensions ['ignore', 'ignore_ament_install']
[0.326s] Level 1:colcon.colcon_core.package_identification:_identify(src) by extension 'ignore'
[0.326s] Level 1:colcon.colcon_core.package_identification:_identify(src) by extension 'ignore_ament_install'
[0.326s] Level 1:colcon.colcon_core.package_identification:_identify(src) by extensions ['colcon_pkg']
[0.326s] Level 1:colcon.colcon_core.package_identification:_identify(src) by extension 'colcon_pkg'
[0.326s] Level 1:colcon.colcon_core.package_identification:_identify(src) by extensions ['colcon_meta']
[0.326s] Level 1:colcon.colcon_core.package_identification:_identify(src) by extension 'colcon_meta'
[0.326s] Level 1:colcon.colcon_core.package_identification:_identify(src) by extensions ['ros']
[0.326s] Level 1:colcon.colcon_core.package_identification:_identify(src) by extension 'ros'
[0.326s] Level 1:colcon.colcon_core.package_identification:_identify(src) by extensions ['cmake', 'python']
[0.326s] Level 1:colcon.colcon_core.package_identification:_identify(src) by extension 'cmake'
[0.326s] Level 1:colcon.colcon_core.package_identification:_identify(src) by extension 'python'
[0.326s] Level 1:colcon.colcon_core.package_identification:_identify(src) by extensions ['python_setup_py']
[0.326s] Level 1:colcon.colcon_core.package_identification:_identify(src) by extension 'python_setup_py'
[0.326s] Level 1:colcon.colcon_core.package_identification:_identify(src/autopatrol_interfaces) by extensions ['ignore', 'ignore_ament_install']
[0.326s] Level 1:colcon.colcon_core.package_identification:_identify(src/autopatrol_interfaces) by extension 'ignore'
[0.326s] Level 1:colcon.colcon_core.package_identification:_identify(src/autopatrol_interfaces) by extension 'ignore_ament_install'
[0.327s] Level 1:colcon.colcon_core.package_identification:_identify(src/autopatrol_interfaces) by extensions ['colcon_pkg']
[0.327s] Level 1:colcon.colcon_core.package_identification:_identify(src/autopatrol_interfaces) by extension 'colcon_pkg'
[0.327s] Level 1:colcon.colcon_core.package_identification:_identify(src/autopatrol_interfaces) by extensions ['colcon_meta']
[0.327s] Level 1:colcon.colcon_core.package_identification:_identify(src/autopatrol_interfaces) by extension 'colcon_meta'
[0.327s] Level 1:colcon.colcon_core.package_identification:_identify(src/autopatrol_interfaces) by extensions ['ros']
[0.327s] Level 1:colcon.colcon_core.package_identification:_identify(src/autopatrol_interfaces) by extension 'ros'
[0.328s] DEBUG:colcon.colcon_core.package_identification:Package 'src/autopatrol_interfaces' with type 'ros.ament_cmake' and name 'autopatrol_interfaces'
[0.329s] Level 1:colcon.colcon_core.package_identification:_identify(src/autopatrol_robot) by extensions ['ignore', 'ignore_ament_install']
[0.329s] Level 1:colcon.colcon_core.package_identification:_identify(src/autopatrol_robot) by extension 'ignore'
[0.329s] Level 1:colcon.colcon_core.package_identification:_identify(src/autopatrol_robot) by extension 'ignore_ament_install'
[0.329s] Level 1:colcon.colcon_core.package_identification:_identify(src/autopatrol_robot) by extensions ['colcon_pkg']
[0.329s] Level 1:colcon.colcon_core.package_identification:_identify(src/autopatrol_robot) by extension 'colcon_pkg'
[0.329s] Level 1:colcon.colcon_core.package_identification:_identify(src/autopatrol_robot) by extensions ['colcon_meta']
[0.329s] Level 1:colcon.colcon_core.package_identification:_identify(src/autopatrol_robot) by extension 'colcon_meta'
[0.329s] Level 1:colcon.colcon_core.package_identification:_identify(src/autopatrol_robot) by extensions ['ros']
[0.329s] Level 1:colcon.colcon_core.package_identification:_identify(src/autopatrol_robot) by extension 'ros'
[0.329s] DEBUG:colcon.colcon_core.package_identification:Package 'src/autopatrol_robot' with type 'ros.ament_python' and name 'autopatrol_robot'
[0.329s] Level 1:colcon.colcon_core.package_identification:_identify(src/fishbot_application) by extensions ['ignore', 'ignore_ament_install']
[0.329s] Level 1:colcon.colcon_core.package_identification:_identify(src/fishbot_application) by extension 'ignore'
[0.329s] Level 1:colcon.colcon_core.package_identification:_identify(src/fishbot_application) by extension 'ignore_ament_install'
[0.329s] Level 1:colcon.colcon_core.package_identification:_identify(src/fishbot_application) by extensions ['colcon_pkg']
[0.329s] Level 1:colcon.colcon_core.package_identification:_identify(src/fishbot_application) by extension 'colcon_pkg'
[0.329s] Level 1:colcon.colcon_core.package_identification:_identify(src/fishbot_application) by extensions ['colcon_meta']
[0.329s] Level 1:colcon.colcon_core.package_identification:_identify(src/fishbot_application) by extension 'colcon_meta'
[0.329s] Level 1:colcon.colcon_core.package_identification:_identify(src/fishbot_application) by extensions ['ros']
[0.329s] Level 1:colcon.colcon_core.package_identification:_identify(src/fishbot_application) by extension 'ros'
[0.330s] DEBUG:colcon.colcon_core.package_identification:Package 'src/fishbot_application' with type 'ros.ament_python' and name 'fishbot_application'
[0.330s] Level 1:colcon.colcon_core.package_identification:_identify(src/fishbot_application_cpp) by extensions ['ignore', 'ignore_ament_install']
[0.330s] Level 1:colcon.colcon_core.package_identification:_identify(src/fishbot_application_cpp) by extension 'ignore'
[0.330s] Level 1:colcon.colcon_core.package_identification:_identify(src/fishbot_application_cpp) by extension 'ignore_ament_install'
[0.330s] Level 1:colcon.colcon_core.package_identification:_identify(src/fishbot_application_cpp) by extensions ['colcon_pkg']
[0.330s] Level 1:colcon.colcon_core.package_identification:_identify(src/fishbot_application_cpp) by extension 'colcon_pkg'
[0.330s] Level 1:colcon.colcon_core.package_identification:_identify(src/fishbot_application_cpp) by extensions ['colcon_meta']
[0.330s] Level 1:colcon.colcon_core.package_identification:_identify(src/fishbot_application_cpp) by extension 'colcon_meta'
[0.330s] Level 1:colcon.colcon_core.package_identification:_identify(src/fishbot_application_cpp) by extensions ['ros']
[0.330s] Level 1:colcon.colcon_core.package_identification:_identify(src/fishbot_application_cpp) by extension 'ros'
[0.330s] DEBUG:colcon.colcon_core.package_identification:Package 'src/fishbot_application_cpp' with type 'ros.ament_cmake' and name 'fishbot_application_cpp'
[0.330s] Level 1:colcon.colcon_core.package_identification:_identify(src/fishbot_description) by extensions ['ignore', 'ignore_ament_install']
[0.330s] Level 1:colcon.colcon_core.package_identification:_identify(src/fishbot_description) by extension 'ignore'
[0.330s] Level 1:colcon.colcon_core.package_identification:_identify(src/fishbot_description) by extension 'ignore_ament_install'
[0.330s] Level 1:colcon.colcon_core.package_identification:_identify(src/fishbot_description) by extensions ['colcon_pkg']
[0.331s] Level 1:colcon.colcon_core.package_identification:_identify(src/fishbot_description) by extension 'colcon_pkg'
[0.331s] Level 1:colcon.colcon_core.package_identification:_identify(src/fishbot_description) by extensions ['colcon_meta']
[0.331s] Level 1:colcon.colcon_core.package_identification:_identify(src/fishbot_description) by extension 'colcon_meta'
[0.331s] Level 1:colcon.colcon_core.package_identification:_identify(src/fishbot_description) by extensions ['ros']
[0.331s] Level 1:colcon.colcon_core.package_identification:_identify(src/fishbot_description) by extension 'ros'
[0.331s] DEBUG:colcon.colcon_core.package_identification:Package 'src/fishbot_description' with type 'ros.ament_cmake' and name 'fishbot_description'
[0.331s] Level 1:colcon.colcon_core.package_identification:_identify(src/fishbot_navigation2) by extensions ['ignore', 'ignore_ament_install']
[0.331s] Level 1:colcon.colcon_core.package_identification:_identify(src/fishbot_navigation2) by extension 'ignore'
[0.331s] Level 1:colcon.colcon_core.package_identification:_identify(src/fishbot_navigation2) by extension 'ignore_ament_install'
[0.331s] Level 1:colcon.colcon_core.package_identification:_identify(src/fishbot_navigation2) by extensions ['colcon_pkg']
[0.331s] Level 1:colcon.colcon_core.package_identification:_identify(src/fishbot_navigation2) by extension 'colcon_pkg'
[0.331s] Level 1:colcon.colcon_core.package_identification:_identify(src/fishbot_navigation2) by extensions ['colcon_meta']
[0.331s] Level 1:colcon.colcon_core.package_identification:_identify(src/fishbot_navigation2) by extension 'colcon_meta'
[0.331s] Level 1:colcon.colcon_core.package_identification:_identify(src/fishbot_navigation2) by extensions ['ros']
[0.331s] Level 1:colcon.colcon_core.package_identification:_identify(src/fishbot_navigation2) by extension 'ros'
[0.331s] DEBUG:colcon.colcon_core.package_identification:Package 'src/fishbot_navigation2' with type 'ros.ament_cmake' and name 'fishbot_navigation2'
[0.331s] Level 1:colcon.colcon_core.package_identification:_identify(src/navigation2) by extensions ['ignore', 'ignore_ament_install']
[0.331s] Level 1:colcon.colcon_core.package_identification:_identify(src/navigation2) by extension 'ignore'
[0.331s] Level 1:colcon.colcon_core.package_identification:_identify(src/navigation2) by extension 'ignore_ament_install'
[0.331s] Level 1:colcon.colcon_core.package_identification:_identify(src/navigation2) by extensions ['colcon_pkg']
[0.332s] Level 1:colcon.colcon_core.package_identification:_identify(src/navigation2) by extension 'colcon_pkg'
[0.332s] Level 1:colcon.colcon_core.package_identification:_identify(src/navigation2) by extensions ['colcon_meta']
[0.332s] Level 1:colcon.colcon_core.package_identification:_identify(src/navigation2) by extension 'colcon_meta'
[0.332s] Level 1:colcon.colcon_core.package_identification:_identify(src/navigation2) by extensions ['ros']
[0.332s] Level 1:colcon.colcon_core.package_identification:_identify(src/navigation2) by extension 'ros'
[0.332s] Level 1:colcon.colcon_core.package_identification:_identify(src/navigation2) by extensions ['cmake', 'python']
[0.332s] Level 1:colcon.colcon_core.package_identification:_identify(src/navigation2) by extension 'cmake'
[0.332s] Level 1:colcon.colcon_core.package_identification:_identify(src/navigation2) by extension 'python'
[0.332s] Level 1:colcon.colcon_core.package_identification:_identify(src/navigation2) by extensions ['python_setup_py']
[0.332s] Level 1:colcon.colcon_core.package_identification:_identify(src/navigation2) by extension 'python_setup_py'
[0.332s] Level 1:colcon.colcon_core.package_discovery:discover_packages(recursive) using defaults
[0.332s] Level 1:colcon.colcon_core.package_discovery:discover_packages(ignore) discover
[0.332s] Level 1:colcon.colcon_core.package_discovery:discover_packages(ignore) using defaults
[0.332s] Level 1:colcon.colcon_core.package_discovery:discover_packages(path) discover
[0.332s] Level 1:colcon.colcon_core.package_discovery:discover_packages(path) using defaults
[0.346s] Level 1:colcon.colcon_core.package_discovery:discover_packages(prefix_path) check parameters
[0.347s] Level 1:colcon.colcon_core.package_discovery:discover_packages(prefix_path) discover
[0.357s] DEBUG:colcon.colcon_installed_package_information.package_discovery:Found 384 installed packages in /opt/ros/humble
[0.358s] Level 1:colcon.colcon_core.package_discovery:discover_packages(prefix_path) using defaults
[0.385s] Level 5:colcon.colcon_core.verb:set package 'autopatrol_interfaces' build argument 'cmake_args' from command line to 'None'
[0.385s] Level 5:colcon.colcon_core.verb:set package 'autopatrol_interfaces' build argument 'cmake_target' from command line to 'None'
[0.385s] Level 5:colcon.colcon_core.verb:set package 'autopatrol_interfaces' build argument 'cmake_target_skip_unavailable' from command line to 'False'
[0.385s] Level 5:colcon.colcon_core.verb:set package 'autopatrol_interfaces' build argument 'cmake_clean_cache' from command line to 'False'
[0.385s] Level 5:colcon.colcon_core.verb:set package 'autopatrol_interfaces' build argument 'cmake_clean_first' from command line to 'False'
[0.385s] Level 5:colcon.colcon_core.verb:set package 'autopatrol_interfaces' build argument 'cmake_force_configure' from command line to 'False'
[0.386s] Level 5:colcon.colcon_core.verb:set package 'autopatrol_interfaces' build argument 'ament_cmake_args' from command line to 'None'
[0.386s] Level 5:colcon.colcon_core.verb:set package 'autopatrol_interfaces' build argument 'catkin_cmake_args' from command line to 'None'
[0.386s] Level 5:colcon.colcon_core.verb:set package 'autopatrol_interfaces' build argument 'catkin_skip_building_tests' from command line to 'False'
[0.386s] DEBUG:colcon.colcon_core.verb:Building package 'autopatrol_interfaces' with the following arguments: {'ament_cmake_args': None, 'build_base': '/home/guo/fishbot/ros2bookcode/chapt7/chapt7_ws/build/autopatrol_interfaces', 'catkin_cmake_args': None, 'catkin_skip_building_tests': False, 'cmake_args': None, 'cmake_clean_cache': False, 'cmake_clean_first': False, 'cmake_force_configure': False, 'cmake_target': None, 'cmake_target_skip_unavailable': False, 'install_base': '/home/guo/fishbot/ros2bookcode/chapt7/chapt7_ws/install/autopatrol_interfaces', 'merge_install': False, 'path': '/home/guo/fishbot/ros2bookcode/chapt7/chapt7_ws/src/autopatrol_interfaces', 'symlink_install': False, 'test_result_base': None}
[0.386s] Level 5:colcon.colcon_core.verb:set package 'autopatrol_robot' build argument 'cmake_args' from command line to 'None'
[0.386s] Level 5:colcon.colcon_core.verb:set package 'autopatrol_robot' build argument 'cmake_target' from command line to 'None'
[0.386s] Level 5:colcon.colcon_core.verb:set package 'autopatrol_robot' build argument 'cmake_target_skip_unavailable' from command line to 'False'
[0.386s] Level 5:colcon.colcon_core.verb:set package 'autopatrol_robot' build argument 'cmake_clean_cache' from command line to 'False'
[0.386s] Level 5:colcon.colcon_core.verb:set package 'autopatrol_robot' build argument 'cmake_clean_first' from command line to 'False'
[0.386s] Level 5:colcon.colcon_core.verb:set package 'autopatrol_robot' build argument 'cmake_force_configure' from command line to 'False'
[0.386s] Level 5:colcon.colcon_core.verb:set package 'autopatrol_robot' build argument 'ament_cmake_args' from command line to 'None'
[0.386s] Level 5:colcon.colcon_core.verb:set package 'autopatrol_robot' build argument 'catkin_cmake_args' from command line to 'None'
[0.386s] Level 5:colcon.colcon_core.verb:set package 'autopatrol_robot' build argument 'catkin_skip_building_tests' from command line to 'False'
[0.386s] DEBUG:colcon.colcon_core.verb:Building package 'autopatrol_robot' with the following arguments: {'ament_cmake_args': None, 'build_base': '/home/guo/fishbot/ros2bookcode/chapt7/chapt7_ws/build/autopatrol_robot', 'catkin_cmake_args': None, 'catkin_skip_building_tests': False, 'cmake_args': None, 'cmake_clean_cache': False, 'cmake_clean_first': False, 'cmake_force_configure': False, 'cmake_target': None, 'cmake_target_skip_unavailable': False, 'install_base': '/home/guo/fishbot/ros2bookcode/chapt7/chapt7_ws/install/autopatrol_robot', 'merge_install': False, 'path': '/home/guo/fishbot/ros2bookcode/chapt7/chapt7_ws/src/autopatrol_robot', 'symlink_install': False, 'test_result_base': None}
[0.386s] Level 5:colcon.colcon_core.verb:set package 'fishbot_application' build argument 'cmake_args' from command line to 'None'
[0.386s] Level 5:colcon.colcon_core.verb:set package 'fishbot_application' build argument 'cmake_target' from command line to 'None'
[0.386s] Level 5:colcon.colcon_core.verb:set package 'fishbot_application' build argument 'cmake_target_skip_unavailable' from command line to 'False'
[0.386s] Level 5:colcon.colcon_core.verb:set package 'fishbot_application' build argument 'cmake_clean_cache' from command line to 'False'
[0.386s] Level 5:colcon.colcon_core.verb:set package 'fishbot_application' build argument 'cmake_clean_first' from command line to 'False'
[0.386s] Level 5:colcon.colcon_core.verb:set package 'fishbot_application' build argument 'cmake_force_configure' from command line to 'False'
[0.386s] Level 5:colcon.colcon_core.verb:set package 'fishbot_application' build argument 'ament_cmake_args' from command line to 'None'
[0.386s] Level 5:colcon.colcon_core.verb:set package 'fishbot_application' build argument 'catkin_cmake_args' from command line to 'None'
[0.386s] Level 5:colcon.colcon_core.verb:set package 'fishbot_application' build argument 'catkin_skip_building_tests' from command line to 'False'
[0.386s] DEBUG:colcon.colcon_core.verb:Building package 'fishbot_application' with the following arguments: {'ament_cmake_args': None, 'build_base': '/home/guo/fishbot/ros2bookcode/chapt7/chapt7_ws/build/fishbot_application', 'catkin_cmake_args': None, 'catkin_skip_building_tests': False, 'cmake_args': None, 'cmake_clean_cache': False, 'cmake_clean_first': False, 'cmake_force_configure': False, 'cmake_target': None, 'cmake_target_skip_unavailable': False, 'install_base': '/home/guo/fishbot/ros2bookcode/chapt7/chapt7_ws/install/fishbot_application', 'merge_install': False, 'path': '/home/guo/fishbot/ros2bookcode/chapt7/chapt7_ws/src/fishbot_application', 'symlink_install': False, 'test_result_base': None}
[0.386s] Level 5:colcon.colcon_core.verb:set package 'fishbot_application_cpp' build argument 'cmake_args' from command line to 'None'
[0.386s] Level 5:colcon.colcon_core.verb:set package 'fishbot_application_cpp' build argument 'cmake_target' from command line to 'None'
[0.386s] Level 5:colcon.colcon_core.verb:set package 'fishbot_application_cpp' build argument 'cmake_target_skip_unavailable' from command line to 'False'
[0.386s] Level 5:colcon.colcon_core.verb:set package 'fishbot_application_cpp' build argument 'cmake_clean_cache' from command line to 'False'
[0.386s] Level 5:colcon.colcon_core.verb:set package 'fishbot_application_cpp' build argument 'cmake_clean_first' from command line to 'False'
[0.386s] Level 5:colcon.colcon_core.verb:set package 'fishbot_application_cpp' build argument 'cmake_force_configure' from command line to 'False'
[0.386s] Level 5:colcon.colcon_core.verb:set package 'fishbot_application_cpp' build argument 'ament_cmake_args' from command line to 'None'
[0.387s] Level 5:colcon.colcon_core.verb:set package 'fishbot_application_cpp' build argument 'catkin_cmake_args' from command line to 'None'
[0.387s] Level 5:colcon.colcon_core.verb:set package 'fishbot_application_cpp' build argument 'catkin_skip_building_tests' from command line to 'False'
[0.387s] DEBUG:colcon.colcon_core.verb:Building package 'fishbot_application_cpp' with the following arguments: {'ament_cmake_args': None, 'build_base': '/home/guo/fishbot/ros2bookcode/chapt7/chapt7_ws/build/fishbot_application_cpp', 'catkin_cmake_args': None, 'catkin_skip_building_tests': False, 'cmake_args': None, 'cmake_clean_cache': False, 'cmake_clean_first': False, 'cmake_force_configure': False, 'cmake_target': None, 'cmake_target_skip_unavailable': False, 'install_base': '/home/guo/fishbot/ros2bookcode/chapt7/chapt7_ws/install/fishbot_application_cpp', 'merge_install': False, 'path': '/home/guo/fishbot/ros2bookcode/chapt7/chapt7_ws/src/fishbot_application_cpp', 'symlink_install': False, 'test_result_base': None}
[0.387s] Level 5:colcon.colcon_core.verb:set package 'fishbot_description' build argument 'cmake_args' from command line to 'None'
[0.387s] Level 5:colcon.colcon_core.verb:set package 'fishbot_description' build argument 'cmake_target' from command line to 'None'
[0.387s] Level 5:colcon.colcon_core.verb:set package 'fishbot_description' build argument 'cmake_target_skip_unavailable' from command line to 'False'
[0.387s] Level 5:colcon.colcon_core.verb:set package 'fishbot_description' build argument 'cmake_clean_cache' from command line to 'False'
[0.387s] Level 5:colcon.colcon_core.verb:set package 'fishbot_description' build argument 'cmake_clean_first' from command line to 'False'
[0.387s] Level 5:colcon.colcon_core.verb:set package 'fishbot_description' build argument 'cmake_force_configure' from command line to 'False'
[0.387s] Level 5:colcon.colcon_core.verb:set package 'fishbot_description' build argument 'ament_cmake_args' from command line to 'None'
[0.387s] Level 5:colcon.colcon_core.verb:set package 'fishbot_description' build argument 'catkin_cmake_args' from command line to 'None'
[0.387s] Level 5:colcon.colcon_core.verb:set package 'fishbot_description' build argument 'catkin_skip_building_tests' from command line to 'False'
[0.387s] DEBUG:colcon.colcon_core.verb:Building package 'fishbot_description' with the following arguments: {'ament_cmake_args': None, 'build_base': '/home/guo/fishbot/ros2bookcode/chapt7/chapt7_ws/build/fishbot_description', 'catkin_cmake_args': None, 'catkin_skip_building_tests': False, 'cmake_args': None, 'cmake_clean_cache': False, 'cmake_clean_first': False, 'cmake_force_configure': False, 'cmake_target': None, 'cmake_target_skip_unavailable': False, 'install_base': '/home/guo/fishbot/ros2bookcode/chapt7/chapt7_ws/install/fishbot_description', 'merge_install': False, 'path': '/home/guo/fishbot/ros2bookcode/chapt7/chapt7_ws/src/fishbot_description', 'symlink_install': False, 'test_result_base': None}
[0.387s] Level 5:colcon.colcon_core.verb:set package 'fishbot_navigation2' build argument 'cmake_args' from command line to 'None'
[0.387s] Level 5:colcon.colcon_core.verb:set package 'fishbot_navigation2' build argument 'cmake_target' from command line to 'None'
[0.387s] Level 5:colcon.colcon_core.verb:set package 'fishbot_navigation2' build argument 'cmake_target_skip_unavailable' from command line to 'False'
[0.387s] Level 5:colcon.colcon_core.verb:set package 'fishbot_navigation2' build argument 'cmake_clean_cache' from command line to 'False'
[0.387s] Level 5:colcon.colcon_core.verb:set package 'fishbot_navigation2' build argument 'cmake_clean_first' from command line to 'False'
[0.387s] Level 5:colcon.colcon_core.verb:set package 'fishbot_navigation2' build argument 'cmake_force_configure' from command line to 'False'
[0.387s] Level 5:colcon.colcon_core.verb:set package 'fishbot_navigation2' build argument 'ament_cmake_args' from command line to 'None'
[0.387s] Level 5:colcon.colcon_core.verb:set package 'fishbot_navigation2' build argument 'catkin_cmake_args' from command line to 'None'
[0.387s] Level 5:colcon.colcon_core.verb:set package 'fishbot_navigation2' build argument 'catkin_skip_building_tests' from command line to 'False'
[0.387s] DEBUG:colcon.colcon_core.verb:Building package 'fishbot_navigation2' with the following arguments: {'ament_cmake_args': None, 'build_base': '/home/guo/fishbot/ros2bookcode/chapt7/chapt7_ws/build/fishbot_navigation2', 'catkin_cmake_args': None, 'catkin_skip_building_tests': False, 'cmake_args': None, 'cmake_clean_cache': False, 'cmake_clean_first': False, 'cmake_force_configure': False, 'cmake_target': None, 'cmake_target_skip_unavailable': False, 'install_base': '/home/guo/fishbot/ros2bookcode/chapt7/chapt7_ws/install/fishbot_navigation2', 'merge_install': False, 'path': '/home/guo/fishbot/ros2bookcode/chapt7/chapt7_ws/src/fishbot_navigation2', 'symlink_install': False, 'test_result_base': None}
[0.387s] INFO:colcon.colcon_core.executor:Executing jobs using 'parallel' executor
[0.388s] DEBUG:colcon.colcon_parallel_executor.executor.parallel:run_until_complete
[0.388s] INFO:colcon.colcon_ros.task.ament_cmake.build:Building ROS package in '/home/guo/fishbot/ros2bookcode/chapt7/chapt7_ws/src/autopatrol_interfaces' with build type 'ament_cmake'
[0.388s] INFO:colcon.colcon_cmake.task.cmake.build:Building CMake package in '/home/guo/fishbot/ros2bookcode/chapt7/chapt7_ws/src/autopatrol_interfaces'
[0.391s] INFO:colcon.colcon_core.plugin_system:Skipping extension 'colcon_core.shell.bat': Not used on non-Windows systems
[0.391s] INFO:colcon.colcon_core.shell:Skip shell extension 'powershell' for command environment: Not usable outside of PowerShell
[0.391s] DEBUG:colcon.colcon_core.shell:Skip shell extension 'dsv' for command environment
[0.394s] INFO:colcon.colcon_ros.task.ament_python.build:Building ROS package in '/home/guo/fishbot/ros2bookcode/chapt7/chapt7_ws/src/autopatrol_robot' with build type 'ament_python'
[0.394s] Level 1:colcon.colcon_core.shell:create_environment_hook('autopatrol_robot', 'ament_prefix_path')
[0.394s] INFO:colcon.colcon_core.shell:Creating environment hook '/home/guo/fishbot/ros2bookcode/chapt7/chapt7_ws/install/autopatrol_robot/share/autopatrol_robot/hook/ament_prefix_path.ps1'
[0.395s] INFO:colcon.colcon_core.shell:Creating environment descriptor '/home/guo/fishbot/ros2bookcode/chapt7/chapt7_ws/install/autopatrol_robot/share/autopatrol_robot/hook/ament_prefix_path.dsv'
[0.396s] INFO:colcon.colcon_core.shell:Creating environment hook '/home/guo/fishbot/ros2bookcode/chapt7/chapt7_ws/install/autopatrol_robot/share/autopatrol_robot/hook/ament_prefix_path.sh'
[0.396s] INFO:colcon.colcon_core.shell:Skip shell extension 'powershell' for command environment: Not usable outside of PowerShell
[0.396s] DEBUG:colcon.colcon_core.shell:Skip shell extension 'dsv' for command environment
[0.398s] INFO:colcon.colcon_ros.task.ament_python.build:Building ROS package in '/home/guo/fishbot/ros2bookcode/chapt7/chapt7_ws/src/fishbot_application' with build type 'ament_python'
[0.398s] Level 1:colcon.colcon_core.shell:create_environment_hook('fishbot_application', 'ament_prefix_path')
[0.398s] INFO:colcon.colcon_core.shell:Creating environment hook '/home/guo/fishbot/ros2bookcode/chapt7/chapt7_ws/install/fishbot_application/share/fishbot_application/hook/ament_prefix_path.ps1'
[0.400s] INFO:colcon.colcon_core.shell:Creating environment descriptor '/home/guo/fishbot/ros2bookcode/chapt7/chapt7_ws/install/fishbot_application/share/fishbot_application/hook/ament_prefix_path.dsv'
[0.400s] INFO:colcon.colcon_core.shell:Creating environment hook '/home/guo/fishbot/ros2bookcode/chapt7/chapt7_ws/install/fishbot_application/share/fishbot_application/hook/ament_prefix_path.sh'
[0.400s] INFO:colcon.colcon_core.shell:Skip shell extension 'powershell' for command environment: Not usable outside of PowerShell
[0.400s] DEBUG:colcon.colcon_core.shell:Skip shell extension 'dsv' for command environment
[0.402s] INFO:colcon.colcon_ros.task.ament_cmake.build:Building ROS package in '/home/guo/fishbot/ros2bookcode/chapt7/chapt7_ws/src/fishbot_application_cpp' with build type 'ament_cmake'
[0.403s] INFO:colcon.colcon_cmake.task.cmake.build:Building CMake package in '/home/guo/fishbot/ros2bookcode/chapt7/chapt7_ws/src/fishbot_application_cpp'
[0.403s] INFO:colcon.colcon_core.shell:Skip shell extension 'powershell' for command environment: Not usable outside of PowerShell
[0.403s] DEBUG:colcon.colcon_core.shell:Skip shell extension 'dsv' for command environment
[0.405s] INFO:colcon.colcon_ros.task.ament_cmake.build:Building ROS package in '/home/guo/fishbot/ros2bookcode/chapt7/chapt7_ws/src/fishbot_description' with build type 'ament_cmake'
[0.405s] INFO:colcon.colcon_cmake.task.cmake.build:Building CMake package in '/home/guo/fishbot/ros2bookcode/chapt7/chapt7_ws/src/fishbot_description'
[0.405s] INFO:colcon.colcon_core.shell:Skip shell extension 'powershell' for command environment: Not usable outside of PowerShell
[0.405s] DEBUG:colcon.colcon_core.shell:Skip shell extension 'dsv' for command environment
[0.408s] INFO:colcon.colcon_ros.task.ament_cmake.build:Building ROS package in '/home/guo/fishbot/ros2bookcode/chapt7/chapt7_ws/src/fishbot_navigation2' with build type 'ament_cmake'
[0.408s] INFO:colcon.colcon_cmake.task.cmake.build:Building CMake package in '/home/guo/fishbot/ros2bookcode/chapt7/chapt7_ws/src/fishbot_navigation2'
[0.408s] INFO:colcon.colcon_core.shell:Skip shell extension 'powershell' for command environment: Not usable outside of PowerShell
[0.408s] DEBUG:colcon.colcon_core.shell:Skip shell extension 'dsv' for command environment
[0.415s] DEBUG:colcon.colcon_core.event_handler.log_command:Invoking command in '/home/guo/fishbot/ros2bookcode/chapt7/chapt7_ws/build/autopatrol_interfaces': CMAKE_PREFIX_PATH=/opt/ros/humble /usr/bin/cmake /home/guo/fishbot/ros2bookcode/chapt7/chapt7_ws/src/autopatrol_interfaces -DCMAKE_INSTALL_PREFIX=/home/guo/fishbot/ros2bookcode/chapt7/chapt7_ws/install/autopatrol_interfaces
[0.565s] INFO:colcon.colcon_core.task.python.build:Building Python package in '/home/guo/fishbot/ros2bookcode/chapt7/chapt7_ws/src/autopatrol_robot'
[0.566s] INFO:colcon.colcon_core.shell:Skip shell extension 'powershell' for command environment: Not usable outside of PowerShell
[0.566s] DEBUG:colcon.colcon_core.shell:Skip shell extension 'dsv' for command environment
[0.728s] INFO:colcon.colcon_core.task.python.build:Building Python package in '/home/guo/fishbot/ros2bookcode/chapt7/chapt7_ws/src/fishbot_application'
[0.728s] INFO:colcon.colcon_core.shell:Skip shell extension 'powershell' for command environment: Not usable outside of PowerShell
[0.728s] DEBUG:colcon.colcon_core.shell:Skip shell extension 'dsv' for command environment
[0.734s] DEBUG:colcon.colcon_core.event_handler.log_command:Invoking command in '/home/guo/fishbot/ros2bookcode/chapt7/chapt7_ws/build/fishbot_application_cpp': CMAKE_PREFIX_PATH=/opt/ros/humble /usr/bin/cmake /home/guo/fishbot/ros2bookcode/chapt7/chapt7_ws/src/fishbot_application_cpp -DCMAKE_INSTALL_PREFIX=/home/guo/fishbot/ros2bookcode/chapt7/chapt7_ws/install/fishbot_application_cpp
[0.741s] DEBUG:colcon.colcon_core.event_handler.log_command:Invoking command in '/home/guo/fishbot/ros2bookcode/chapt7/chapt7_ws/build/fishbot_description': CMAKE_PREFIX_PATH=/opt/ros/humble /usr/bin/cmake /home/guo/fishbot/ros2bookcode/chapt7/chapt7_ws/src/fishbot_description -DCMAKE_INSTALL_PREFIX=/home/guo/fishbot/ros2bookcode/chapt7/chapt7_ws/install/fishbot_description
[0.747s] DEBUG:colcon.colcon_core.event_handler.log_command:Invoking command in '/home/guo/fishbot/ros2bookcode/chapt7/chapt7_ws/build/fishbot_navigation2': CMAKE_PREFIX_PATH=/opt/ros/humble /usr/bin/cmake /home/guo/fishbot/ros2bookcode/chapt7/chapt7_ws/src/fishbot_navigation2 -DCMAKE_INSTALL_PREFIX=/home/guo/fishbot/ros2bookcode/chapt7/chapt7_ws/install/fishbot_navigation2
[1.074s] DEBUG:colcon.colcon_core.event_handler.log_command:Invoking command in '/home/guo/fishbot/ros2bookcode/chapt7/chapt7_ws/src/fishbot_application': PYTHONPATH=/home/guo/fishbot/ros2bookcode/chapt7/chapt7_ws/build/fishbot_application/prefix_override:/usr/lib/python3/dist-packages/colcon_core/task/python/colcon_distutils_commands:/home/guo/fishbot/ros2bookcode/chapt7/chapt7_ws/install/fishbot_application/lib/python3.10/site-packages:${PYTHONPATH} /usr/bin/python3 -W ignore:setup.py install is deprecated -W ignore:easy_install command is deprecated setup.py egg_info --egg-base ../../build/fishbot_application build --build-base /home/guo/fishbot/ros2bookcode/chapt7/chapt7_ws/build/fishbot_application/build install --record /home/guo/fishbot/ros2bookcode/chapt7/chapt7_ws/build/fishbot_application/install.log --single-version-externally-managed install_data
[1.077s] DEBUG:colcon.colcon_core.event_handler.log_command:Invoking command in '/home/guo/fishbot/ros2bookcode/chapt7/chapt7_ws/src/autopatrol_robot': PYTHONPATH=/home/guo/fishbot/ros2bookcode/chapt7/chapt7_ws/build/autopatrol_robot/prefix_override:/usr/lib/python3/dist-packages/colcon_core/task/python/colcon_distutils_commands:/home/guo/fishbot/ros2bookcode/chapt7/chapt7_ws/install/autopatrol_robot/lib/python3.10/site-packages:${PYTHONPATH} /usr/bin/python3 -W ignore:setup.py install is deprecated -W ignore:easy_install command is deprecated setup.py egg_info --egg-base ../../build/autopatrol_robot build --build-base /home/guo/fishbot/ros2bookcode/chapt7/chapt7_ws/build/autopatrol_robot/build install --record /home/guo/fishbot/ros2bookcode/chapt7/chapt7_ws/build/autopatrol_robot/install.log --single-version-externally-managed install_data
[1.254s] DEBUG:colcon.colcon_core.event_handler.log_command:Invoked command in '/home/guo/fishbot/ros2bookcode/chapt7/chapt7_ws/src/fishbot_application' returned '0': PYTHONPATH=/home/guo/fishbot/ros2bookcode/chapt7/chapt7_ws/build/fishbot_application/prefix_override:/usr/lib/python3/dist-packages/colcon_core/task/python/colcon_distutils_commands:/home/guo/fishbot/ros2bookcode/chapt7/chapt7_ws/install/fishbot_application/lib/python3.10/site-packages:${PYTHONPATH} /usr/bin/python3 -W ignore:setup.py install is deprecated -W ignore:easy_install command is deprecated setup.py egg_info --egg-base ../../build/fishbot_application build --build-base /home/guo/fishbot/ros2bookcode/chapt7/chapt7_ws/build/fishbot_application/build install --record /home/guo/fishbot/ros2bookcode/chapt7/chapt7_ws/build/fishbot_application/install.log --single-version-externally-managed install_data
[1.256s] Level 1:colcon.colcon_core.environment:checking '/home/guo/fishbot/ros2bookcode/chapt7/chapt7_ws/install/fishbot_application' for CMake module files
[1.256s] Level 1:colcon.colcon_core.environment:checking '/home/guo/fishbot/ros2bookcode/chapt7/chapt7_ws/install/fishbot_application' for CMake config files
[1.257s] Level 1:colcon.colcon_core.environment:checking '/home/guo/fishbot/ros2bookcode/chapt7/chapt7_ws/install/fishbot_application/lib'
[1.257s] Level 1:colcon.colcon_core.environment:checking '/home/guo/fishbot/ros2bookcode/chapt7/chapt7_ws/install/fishbot_application/bin'
[1.257s] Level 1:colcon.colcon_core.environment:checking '/home/guo/fishbot/ros2bookcode/chapt7/chapt7_ws/install/fishbot_application/lib/pkgconfig/fishbot_application.pc'
[1.257s] Level 1:colcon.colcon_core.environment:checking '/home/guo/fishbot/ros2bookcode/chapt7/chapt7_ws/install/fishbot_application/lib/python3.10/site-packages'
[1.257s] Level 1:colcon.colcon_core.shell:create_environment_hook('fishbot_application', 'pythonpath')
[1.257s] INFO:colcon.colcon_core.shell:Creating environment hook '/home/guo/fishbot/ros2bookcode/chapt7/chapt7_ws/install/fishbot_application/share/fishbot_application/hook/pythonpath.ps1'
[1.258s] INFO:colcon.colcon_core.shell:Creating environment descriptor '/home/guo/fishbot/ros2bookcode/chapt7/chapt7_ws/install/fishbot_application/share/fishbot_application/hook/pythonpath.dsv'
[1.258s] INFO:colcon.colcon_core.shell:Creating environment hook '/home/guo/fishbot/ros2bookcode/chapt7/chapt7_ws/install/fishbot_application/share/fishbot_application/hook/pythonpath.sh'
[1.258s] Level 1:colcon.colcon_core.environment:checking '/home/guo/fishbot/ros2bookcode/chapt7/chapt7_ws/install/fishbot_application/bin'
[1.258s] Level 1:colcon.colcon_core.environment:create_environment_scripts_only(fishbot_application)
[1.258s] INFO:colcon.colcon_core.shell:Creating package script '/home/guo/fishbot/ros2bookcode/chapt7/chapt7_ws/install/fishbot_application/share/fishbot_application/package.ps1'
[1.259s] INFO:colcon.colcon_core.shell:Creating package descriptor '/home/guo/fishbot/ros2bookcode/chapt7/chapt7_ws/install/fishbot_application/share/fishbot_application/package.dsv'
[1.259s] INFO:colcon.colcon_core.shell:Creating package script '/home/guo/fishbot/ros2bookcode/chapt7/chapt7_ws/install/fishbot_application/share/fishbot_application/package.sh'
[1.260s] INFO:colcon.colcon_core.shell:Creating package script '/home/guo/fishbot/ros2bookcode/chapt7/chapt7_ws/install/fishbot_application/share/fishbot_application/package.bash'
[1.260s] INFO:colcon.colcon_core.shell:Creating package script '/home/guo/fishbot/ros2bookcode/chapt7/chapt7_ws/install/fishbot_application/share/fishbot_application/package.zsh'
[1.260s] Level 1:colcon.colcon_core.environment:create_file_with_runtime_dependencies(/home/guo/fishbot/ros2bookcode/chapt7/chapt7_ws/install/fishbot_application/share/colcon-core/packages/fishbot_application)
[1.263s] Level 1:colcon.colcon_core.environment:checking '/home/guo/fishbot/ros2bookcode/chapt7/chapt7_ws/install/autopatrol_robot' for CMake module files
[1.263s] DEBUG:colcon.colcon_core.event_handler.log_command:Invoked command in '/home/guo/fishbot/ros2bookcode/chapt7/chapt7_ws/src/autopatrol_robot' returned '0': PYTHONPATH=/home/guo/fishbot/ros2bookcode/chapt7/chapt7_ws/build/autopatrol_robot/prefix_override:/usr/lib/python3/dist-packages/colcon_core/task/python/colcon_distutils_commands:/home/guo/fishbot/ros2bookcode/chapt7/chapt7_ws/install/autopatrol_robot/lib/python3.10/site-packages:${PYTHONPATH} /usr/bin/python3 -W ignore:setup.py install is deprecated -W ignore:easy_install command is deprecated setup.py egg_info --egg-base ../../build/autopatrol_robot build --build-base /home/guo/fishbot/ros2bookcode/chapt7/chapt7_ws/build/autopatrol_robot/build install --record /home/guo/fishbot/ros2bookcode/chapt7/chapt7_ws/build/autopatrol_robot/install.log --single-version-externally-managed install_data
[1.264s] Level 1:colcon.colcon_core.environment:checking '/home/guo/fishbot/ros2bookcode/chapt7/chapt7_ws/install/autopatrol_robot' for CMake config files
[1.264s] Level 1:colcon.colcon_core.environment:checking '/home/guo/fishbot/ros2bookcode/chapt7/chapt7_ws/install/autopatrol_robot/lib'
[1.264s] Level 1:colcon.colcon_core.environment:checking '/home/guo/fishbot/ros2bookcode/chapt7/chapt7_ws/install/autopatrol_robot/bin'
[1.264s] Level 1:colcon.colcon_core.environment:checking '/home/guo/fishbot/ros2bookcode/chapt7/chapt7_ws/install/autopatrol_robot/lib/pkgconfig/autopatrol_robot.pc'
[1.264s] Level 1:colcon.colcon_core.environment:checking '/home/guo/fishbot/ros2bookcode/chapt7/chapt7_ws/install/autopatrol_robot/lib/python3.10/site-packages'
[1.264s] Level 1:colcon.colcon_core.shell:create_environment_hook('autopatrol_robot', 'pythonpath')
[1.264s] INFO:colcon.colcon_core.shell:Creating environment hook '/home/guo/fishbot/ros2bookcode/chapt7/chapt7_ws/install/autopatrol_robot/share/autopatrol_robot/hook/pythonpath.ps1'
[1.265s] INFO:colcon.colcon_core.shell:Creating environment descriptor '/home/guo/fishbot/ros2bookcode/chapt7/chapt7_ws/install/autopatrol_robot/share/autopatrol_robot/hook/pythonpath.dsv'
[1.265s] INFO:colcon.colcon_core.shell:Creating environment hook '/home/guo/fishbot/ros2bookcode/chapt7/chapt7_ws/install/autopatrol_robot/share/autopatrol_robot/hook/pythonpath.sh'
[1.265s] Level 1:colcon.colcon_core.environment:checking '/home/guo/fishbot/ros2bookcode/chapt7/chapt7_ws/install/autopatrol_robot/bin'
[1.266s] Level 1:colcon.colcon_core.environment:create_environment_scripts_only(autopatrol_robot)
[1.266s] INFO:colcon.colcon_core.shell:Creating package script '/home/guo/fishbot/ros2bookcode/chapt7/chapt7_ws/install/autopatrol_robot/share/autopatrol_robot/package.ps1'
[1.266s] INFO:colcon.colcon_core.shell:Creating package descriptor '/home/guo/fishbot/ros2bookcode/chapt7/chapt7_ws/install/autopatrol_robot/share/autopatrol_robot/package.dsv'
[1.266s] INFO:colcon.colcon_core.shell:Creating package script '/home/guo/fishbot/ros2bookcode/chapt7/chapt7_ws/install/autopatrol_robot/share/autopatrol_robot/package.sh'
[1.267s] INFO:colcon.colcon_core.shell:Creating package script '/home/guo/fishbot/ros2bookcode/chapt7/chapt7_ws/install/autopatrol_robot/share/autopatrol_robot/package.bash'
[1.267s] INFO:colcon.colcon_core.shell:Creating package script '/home/guo/fishbot/ros2bookcode/chapt7/chapt7_ws/install/autopatrol_robot/share/autopatrol_robot/package.zsh'
[1.267s] Level 1:colcon.colcon_core.environment:create_file_with_runtime_dependencies(/home/guo/fishbot/ros2bookcode/chapt7/chapt7_ws/install/autopatrol_robot/share/colcon-core/packages/autopatrol_robot)
[3.464s] DEBUG:colcon.colcon_core.event_handler.log_command:Invoked command in '/home/guo/fishbot/ros2bookcode/chapt7/chapt7_ws/build/fishbot_description' returned '0': CMAKE_PREFIX_PATH=/opt/ros/humble /usr/bin/cmake /home/guo/fishbot/ros2bookcode/chapt7/chapt7_ws/src/fishbot_description -DCMAKE_INSTALL_PREFIX=/home/guo/fishbot/ros2bookcode/chapt7/chapt7_ws/install/fishbot_description
[3.467s] DEBUG:colcon.colcon_core.event_handler.log_command:Invoking command in '/home/guo/fishbot/ros2bookcode/chapt7/chapt7_ws/build/fishbot_description': CMAKE_PREFIX_PATH=/opt/ros/humble /usr/bin/cmake --build /home/guo/fishbot/ros2bookcode/chapt7/chapt7_ws/build/fishbot_description -- -j20 -l20
[3.505s] DEBUG:colcon.colcon_core.event_handler.log_command:Invoked command in '/home/guo/fishbot/ros2bookcode/chapt7/chapt7_ws/build/fishbot_navigation2' returned '0': CMAKE_PREFIX_PATH=/opt/ros/humble /usr/bin/cmake /home/guo/fishbot/ros2bookcode/chapt7/chapt7_ws/src/fishbot_navigation2 -DCMAKE_INSTALL_PREFIX=/home/guo/fishbot/ros2bookcode/chapt7/chapt7_ws/install/fishbot_navigation2
[3.508s] DEBUG:colcon.colcon_core.event_handler.log_command:Invoking command in '/home/guo/fishbot/ros2bookcode/chapt7/chapt7_ws/build/fishbot_navigation2': CMAKE_PREFIX_PATH=/opt/ros/humble /usr/bin/cmake --build /home/guo/fishbot/ros2bookcode/chapt7/chapt7_ws/build/fishbot_navigation2 -- -j20 -l20
[3.510s] DEBUG:colcon.colcon_core.event_handler.log_command:Invoked command in '/home/guo/fishbot/ros2bookcode/chapt7/chapt7_ws/build/fishbot_description' returned '0': CMAKE_PREFIX_PATH=/opt/ros/humble /usr/bin/cmake --build /home/guo/fishbot/ros2bookcode/chapt7/chapt7_ws/build/fishbot_description -- -j20 -l20
[3.517s] DEBUG:colcon.colcon_core.event_handler.log_command:Invoking command in '/home/guo/fishbot/ros2bookcode/chapt7/chapt7_ws/build/fishbot_description': CMAKE_PREFIX_PATH=/opt/ros/humble /usr/bin/cmake --install /home/guo/fishbot/ros2bookcode/chapt7/chapt7_ws/build/fishbot_description
[3.534s] Level 1:colcon.colcon_core.environment:create_environment_scripts_only(fishbot_description)
[3.534s] Level 1:colcon.colcon_core.environment:checking '/home/guo/fishbot/ros2bookcode/chapt7/chapt7_ws/install/fishbot_description' for CMake module files
[3.534s] DEBUG:colcon.colcon_core.event_handler.log_command:Invoked command in '/home/guo/fishbot/ros2bookcode/chapt7/chapt7_ws/build/fishbot_description' returned '0': CMAKE_PREFIX_PATH=/opt/ros/humble /usr/bin/cmake --install /home/guo/fishbot/ros2bookcode/chapt7/chapt7_ws/build/fishbot_description
[3.535s] Level 1:colcon.colcon_core.environment:checking '/home/guo/fishbot/ros2bookcode/chapt7/chapt7_ws/install/fishbot_description' for CMake config files
[3.535s] Level 1:colcon.colcon_core.shell:create_environment_hook('fishbot_description', 'cmake_prefix_path')
[3.536s] INFO:colcon.colcon_core.shell:Creating environment hook '/home/guo/fishbot/ros2bookcode/chapt7/chapt7_ws/install/fishbot_description/share/fishbot_description/hook/cmake_prefix_path.ps1'
[3.536s] INFO:colcon.colcon_core.shell:Creating environment descriptor '/home/guo/fishbot/ros2bookcode/chapt7/chapt7_ws/install/fishbot_description/share/fishbot_description/hook/cmake_prefix_path.dsv'
[3.537s] INFO:colcon.colcon_core.shell:Creating environment hook '/home/guo/fishbot/ros2bookcode/chapt7/chapt7_ws/install/fishbot_description/share/fishbot_description/hook/cmake_prefix_path.sh'
[3.537s] Level 1:colcon.colcon_core.environment:checking '/home/guo/fishbot/ros2bookcode/chapt7/chapt7_ws/install/fishbot_description/bin'
[3.537s] Level 1:colcon.colcon_core.environment:checking '/home/guo/fishbot/ros2bookcode/chapt7/chapt7_ws/install/fishbot_description/lib/pkgconfig/fishbot_description.pc'
[3.537s] Level 1:colcon.colcon_core.environment:checking '/home/guo/fishbot/ros2bookcode/chapt7/chapt7_ws/install/fishbot_description/lib/python3.10/site-packages'
[3.538s] Level 1:colcon.colcon_core.environment:checking '/home/guo/fishbot/ros2bookcode/chapt7/chapt7_ws/install/fishbot_description/bin'
[3.538s] INFO:colcon.colcon_core.shell:Creating package script '/home/guo/fishbot/ros2bookcode/chapt7/chapt7_ws/install/fishbot_description/share/fishbot_description/package.ps1'
[3.538s] INFO:colcon.colcon_core.shell:Creating package descriptor '/home/guo/fishbot/ros2bookcode/chapt7/chapt7_ws/install/fishbot_description/share/fishbot_description/package.dsv'
[3.538s] INFO:colcon.colcon_core.shell:Creating package script '/home/guo/fishbot/ros2bookcode/chapt7/chapt7_ws/install/fishbot_description/share/fishbot_description/package.sh'
[3.539s] INFO:colcon.colcon_core.shell:Creating package script '/home/guo/fishbot/ros2bookcode/chapt7/chapt7_ws/install/fishbot_description/share/fishbot_description/package.bash'
[3.539s] INFO:colcon.colcon_core.shell:Creating package script '/home/guo/fishbot/ros2bookcode/chapt7/chapt7_ws/install/fishbot_description/share/fishbot_description/package.zsh'
[3.539s] Level 1:colcon.colcon_core.environment:create_file_with_runtime_dependencies(/home/guo/fishbot/ros2bookcode/chapt7/chapt7_ws/install/fishbot_description/share/colcon-core/packages/fishbot_description)
[3.540s] Level 1:colcon.colcon_core.environment:create_environment_scripts_only(fishbot_description)
[3.540s] Level 1:colcon.colcon_core.environment:checking '/home/guo/fishbot/ros2bookcode/chapt7/chapt7_ws/install/fishbot_description' for CMake module files
[3.540s] Level 1:colcon.colcon_core.environment:checking '/home/guo/fishbot/ros2bookcode/chapt7/chapt7_ws/install/fishbot_description' for CMake config files
[3.541s] Level 1:colcon.colcon_core.shell:create_environment_hook('fishbot_description', 'cmake_prefix_path')
[3.541s] INFO:colcon.colcon_core.shell:Creating environment hook '/home/guo/fishbot/ros2bookcode/chapt7/chapt7_ws/install/fishbot_description/share/fishbot_description/hook/cmake_prefix_path.ps1'
[3.541s] INFO:colcon.colcon_core.shell:Creating environment descriptor '/home/guo/fishbot/ros2bookcode/chapt7/chapt7_ws/install/fishbot_description/share/fishbot_description/hook/cmake_prefix_path.dsv'
[3.541s] INFO:colcon.colcon_core.shell:Creating environment hook '/home/guo/fishbot/ros2bookcode/chapt7/chapt7_ws/install/fishbot_description/share/fishbot_description/hook/cmake_prefix_path.sh'
[3.542s] Level 1:colcon.colcon_core.environment:checking '/home/guo/fishbot/ros2bookcode/chapt7/chapt7_ws/install/fishbot_description/bin'
[3.542s] Level 1:colcon.colcon_core.environment:checking '/home/guo/fishbot/ros2bookcode/chapt7/chapt7_ws/install/fishbot_description/lib/pkgconfig/fishbot_description.pc'
[3.542s] Level 1:colcon.colcon_core.environment:checking '/home/guo/fishbot/ros2bookcode/chapt7/chapt7_ws/install/fishbot_description/lib/python3.10/site-packages'
[3.542s] Level 1:colcon.colcon_core.environment:checking '/home/guo/fishbot/ros2bookcode/chapt7/chapt7_ws/install/fishbot_description/bin'
[3.542s] INFO:colcon.colcon_core.shell:Creating package script '/home/guo/fishbot/ros2bookcode/chapt7/chapt7_ws/install/fishbot_description/share/fishbot_description/package.ps1'
[3.543s] INFO:colcon.colcon_core.shell:Creating package descriptor '/home/guo/fishbot/ros2bookcode/chapt7/chapt7_ws/install/fishbot_description/share/fishbot_description/package.dsv'
[3.543s] INFO:colcon.colcon_core.shell:Creating package script '/home/guo/fishbot/ros2bookcode/chapt7/chapt7_ws/install/fishbot_description/share/fishbot_description/package.sh'
[3.543s] INFO:colcon.colcon_core.shell:Creating package script '/home/guo/fishbot/ros2bookcode/chapt7/chapt7_ws/install/fishbot_description/share/fishbot_description/package.bash'
[3.544s] INFO:colcon.colcon_core.shell:Creating package script '/home/guo/fishbot/ros2bookcode/chapt7/chapt7_ws/install/fishbot_description/share/fishbot_description/package.zsh'
[3.544s] Level 1:colcon.colcon_core.environment:create_file_with_runtime_dependencies(/home/guo/fishbot/ros2bookcode/chapt7/chapt7_ws/install/fishbot_description/share/colcon-core/packages/fishbot_description)
[3.546s] DEBUG:colcon.colcon_core.event_handler.log_command:Invoked command in '/home/guo/fishbot/ros2bookcode/chapt7/chapt7_ws/build/fishbot_navigation2' returned '0': CMAKE_PREFIX_PATH=/opt/ros/humble /usr/bin/cmake --build /home/guo/fishbot/ros2bookcode/chapt7/chapt7_ws/build/fishbot_navigation2 -- -j20 -l20
[3.548s] DEBUG:colcon.colcon_core.event_handler.log_command:Invoking command in '/home/guo/fishbot/ros2bookcode/chapt7/chapt7_ws/build/fishbot_navigation2': CMAKE_PREFIX_PATH=/opt/ros/humble /usr/bin/cmake --install /home/guo/fishbot/ros2bookcode/chapt7/chapt7_ws/build/fishbot_navigation2
[3.558s] Level 1:colcon.colcon_core.environment:create_environment_scripts_only(fishbot_navigation2)
[3.558s] Level 1:colcon.colcon_core.environment:checking '/home/guo/fishbot/ros2bookcode/chapt7/chapt7_ws/install/fishbot_navigation2' for CMake module files
[3.559s] DEBUG:colcon.colcon_core.event_handler.log_command:Invoked command in '/home/guo/fishbot/ros2bookcode/chapt7/chapt7_ws/build/fishbot_navigation2' returned '0': CMAKE_PREFIX_PATH=/opt/ros/humble /usr/bin/cmake --install /home/guo/fishbot/ros2bookcode/chapt7/chapt7_ws/build/fishbot_navigation2
[3.559s] Level 1:colcon.colcon_core.environment:checking '/home/guo/fishbot/ros2bookcode/chapt7/chapt7_ws/install/fishbot_navigation2' for CMake config files
[3.559s] Level 1:colcon.colcon_core.shell:create_environment_hook('fishbot_navigation2', 'cmake_prefix_path')
[3.559s] INFO:colcon.colcon_core.shell:Creating environment hook '/home/guo/fishbot/ros2bookcode/chapt7/chapt7_ws/install/fishbot_navigation2/share/fishbot_navigation2/hook/cmake_prefix_path.ps1'
[3.560s] INFO:colcon.colcon_core.shell:Creating environment descriptor '/home/guo/fishbot/ros2bookcode/chapt7/chapt7_ws/install/fishbot_navigation2/share/fishbot_navigation2/hook/cmake_prefix_path.dsv'
[3.560s] INFO:colcon.colcon_core.shell:Creating environment hook '/home/guo/fishbot/ros2bookcode/chapt7/chapt7_ws/install/fishbot_navigation2/share/fishbot_navigation2/hook/cmake_prefix_path.sh'
[3.560s] Level 1:colcon.colcon_core.environment:checking '/home/guo/fishbot/ros2bookcode/chapt7/chapt7_ws/install/fishbot_navigation2/bin'
[3.561s] Level 1:colcon.colcon_core.environment:checking '/home/guo/fishbot/ros2bookcode/chapt7/chapt7_ws/install/fishbot_navigation2/lib/pkgconfig/fishbot_navigation2.pc'
[3.561s] Level 1:colcon.colcon_core.environment:checking '/home/guo/fishbot/ros2bookcode/chapt7/chapt7_ws/install/fishbot_navigation2/lib/python3.10/site-packages'
[3.561s] Level 1:colcon.colcon_core.environment:checking '/home/guo/fishbot/ros2bookcode/chapt7/chapt7_ws/install/fishbot_navigation2/bin'
[3.561s] INFO:colcon.colcon_core.shell:Creating package script '/home/guo/fishbot/ros2bookcode/chapt7/chapt7_ws/install/fishbot_navigation2/share/fishbot_navigation2/package.ps1'
[3.562s] INFO:colcon.colcon_core.shell:Creating package descriptor '/home/guo/fishbot/ros2bookcode/chapt7/chapt7_ws/install/fishbot_navigation2/share/fishbot_navigation2/package.dsv'
[3.562s] INFO:colcon.colcon_core.shell:Creating package script '/home/guo/fishbot/ros2bookcode/chapt7/chapt7_ws/install/fishbot_navigation2/share/fishbot_navigation2/package.sh'
[3.562s] INFO:colcon.colcon_core.shell:Creating package script '/home/guo/fishbot/ros2bookcode/chapt7/chapt7_ws/install/fishbot_navigation2/share/fishbot_navigation2/package.bash'
[3.562s] INFO:colcon.colcon_core.shell:Creating package script '/home/guo/fishbot/ros2bookcode/chapt7/chapt7_ws/install/fishbot_navigation2/share/fishbot_navigation2/package.zsh'
[3.563s] Level 1:colcon.colcon_core.environment:create_file_with_runtime_dependencies(/home/guo/fishbot/ros2bookcode/chapt7/chapt7_ws/install/fishbot_navigation2/share/colcon-core/packages/fishbot_navigation2)
[3.563s] Level 1:colcon.colcon_core.environment:create_environment_scripts_only(fishbot_navigation2)
[3.564s] Level 1:colcon.colcon_core.environment:checking '/home/guo/fishbot/ros2bookcode/chapt7/chapt7_ws/install/fishbot_navigation2' for CMake module files
[3.564s] Level 1:colcon.colcon_core.environment:checking '/home/guo/fishbot/ros2bookcode/chapt7/chapt7_ws/install/fishbot_navigation2' for CMake config files
[3.564s] Level 1:colcon.colcon_core.shell:create_environment_hook('fishbot_navigation2', 'cmake_prefix_path')
[3.564s] INFO:colcon.colcon_core.shell:Creating environment hook '/home/guo/fishbot/ros2bookcode/chapt7/chapt7_ws/install/fishbot_navigation2/share/fishbot_navigation2/hook/cmake_prefix_path.ps1'
[3.565s] INFO:colcon.colcon_core.shell:Creating environment descriptor '/home/guo/fishbot/ros2bookcode/chapt7/chapt7_ws/install/fishbot_navigation2/share/fishbot_navigation2/hook/cmake_prefix_path.dsv'
[3.565s] INFO:colcon.colcon_core.shell:Creating environment hook '/home/guo/fishbot/ros2bookcode/chapt7/chapt7_ws/install/fishbot_navigation2/share/fishbot_navigation2/hook/cmake_prefix_path.sh'
[3.565s] Level 1:colcon.colcon_core.environment:checking '/home/guo/fishbot/ros2bookcode/chapt7/chapt7_ws/install/fishbot_navigation2/bin'
[3.565s] Level 1:colcon.colcon_core.environment:checking '/home/guo/fishbot/ros2bookcode/chapt7/chapt7_ws/install/fishbot_navigation2/lib/pkgconfig/fishbot_navigation2.pc'
[3.565s] Level 1:colcon.colcon_core.environment:checking '/home/guo/fishbot/ros2bookcode/chapt7/chapt7_ws/install/fishbot_navigation2/lib/python3.10/site-packages'
[3.566s] Level 1:colcon.colcon_core.environment:checking '/home/guo/fishbot/ros2bookcode/chapt7/chapt7_ws/install/fishbot_navigation2/bin'
[3.566s] INFO:colcon.colcon_core.shell:Creating package script '/home/guo/fishbot/ros2bookcode/chapt7/chapt7_ws/install/fishbot_navigation2/share/fishbot_navigation2/package.ps1'
[3.566s] INFO:colcon.colcon_core.shell:Creating package descriptor '/home/guo/fishbot/ros2bookcode/chapt7/chapt7_ws/install/fishbot_navigation2/share/fishbot_navigation2/package.dsv'
[3.567s] INFO:colcon.colcon_core.shell:Creating package script '/home/guo/fishbot/ros2bookcode/chapt7/chapt7_ws/install/fishbot_navigation2/share/fishbot_navigation2/package.sh'
[3.567s] INFO:colcon.colcon_core.shell:Creating package script '/home/guo/fishbot/ros2bookcode/chapt7/chapt7_ws/install/fishbot_navigation2/share/fishbot_navigation2/package.bash'
[3.567s] INFO:colcon.colcon_core.shell:Creating package script '/home/guo/fishbot/ros2bookcode/chapt7/chapt7_ws/install/fishbot_navigation2/share/fishbot_navigation2/package.zsh'
[3.567s] Level 1:colcon.colcon_core.environment:create_file_with_runtime_dependencies(/home/guo/fishbot/ros2bookcode/chapt7/chapt7_ws/install/fishbot_navigation2/share/colcon-core/packages/fishbot_navigation2)
[5.032s] DEBUG:colcon.colcon_core.event_handler.log_command:Invoked command in '/home/guo/fishbot/ros2bookcode/chapt7/chapt7_ws/build/autopatrol_interfaces' returned '0': CMAKE_PREFIX_PATH=/opt/ros/humble /usr/bin/cmake /home/guo/fishbot/ros2bookcode/chapt7/chapt7_ws/src/autopatrol_interfaces -DCMAKE_INSTALL_PREFIX=/home/guo/fishbot/ros2bookcode/chapt7/chapt7_ws/install/autopatrol_interfaces
[5.033s] DEBUG:colcon.colcon_core.event_handler.log_command:Invoking command in '/home/guo/fishbot/ros2bookcode/chapt7/chapt7_ws/build/autopatrol_interfaces': CMAKE_PREFIX_PATH=/opt/ros/humble /usr/bin/cmake --build /home/guo/fishbot/ros2bookcode/chapt7/chapt7_ws/build/autopatrol_interfaces -- -j20 -l20
[6.783s] DEBUG:colcon.colcon_core.event_handler.log_command:Invoked command in '/home/guo/fishbot/ros2bookcode/chapt7/chapt7_ws/build/autopatrol_interfaces' returned '0': CMAKE_PREFIX_PATH=/opt/ros/humble /usr/bin/cmake --build /home/guo/fishbot/ros2bookcode/chapt7/chapt7_ws/build/autopatrol_interfaces -- -j20 -l20
[6.785s] DEBUG:colcon.colcon_core.event_handler.log_command:Invoking command in '/home/guo/fishbot/ros2bookcode/chapt7/chapt7_ws/build/autopatrol_interfaces': CMAKE_PREFIX_PATH=/opt/ros/humble /usr/bin/cmake --install /home/guo/fishbot/ros2bookcode/chapt7/chapt7_ws/build/autopatrol_interfaces
[6.829s] Level 1:colcon.colcon_core.environment:create_environment_scripts_only(autopatrol_interfaces)
[6.829s] Level 1:colcon.colcon_core.environment:checking '/home/guo/fishbot/ros2bookcode/chapt7/chapt7_ws/install/autopatrol_interfaces' for CMake module files
[6.830s] DEBUG:colcon.colcon_core.event_handler.log_command:Invoked command in '/home/guo/fishbot/ros2bookcode/chapt7/chapt7_ws/build/autopatrol_interfaces' returned '0': CMAKE_PREFIX_PATH=/opt/ros/humble /usr/bin/cmake --install /home/guo/fishbot/ros2bookcode/chapt7/chapt7_ws/build/autopatrol_interfaces
[6.830s] Level 1:colcon.colcon_core.environment:checking '/home/guo/fishbot/ros2bookcode/chapt7/chapt7_ws/install/autopatrol_interfaces' for CMake config files
[6.830s] Level 1:colcon.colcon_core.shell:create_environment_hook('autopatrol_interfaces', 'cmake_prefix_path')
[6.830s] INFO:colcon.colcon_core.shell:Creating environment hook '/home/guo/fishbot/ros2bookcode/chapt7/chapt7_ws/install/autopatrol_interfaces/share/autopatrol_interfaces/hook/cmake_prefix_path.ps1'
[6.831s] INFO:colcon.colcon_core.shell:Creating environment descriptor '/home/guo/fishbot/ros2bookcode/chapt7/chapt7_ws/install/autopatrol_interfaces/share/autopatrol_interfaces/hook/cmake_prefix_path.dsv'
[6.831s] INFO:colcon.colcon_core.shell:Creating environment hook '/home/guo/fishbot/ros2bookcode/chapt7/chapt7_ws/install/autopatrol_interfaces/share/autopatrol_interfaces/hook/cmake_prefix_path.sh'
[6.831s] Level 1:colcon.colcon_core.environment:checking '/home/guo/fishbot/ros2bookcode/chapt7/chapt7_ws/install/autopatrol_interfaces/lib'
[6.831s] Level 1:colcon.colcon_core.shell:create_environment_hook('autopatrol_interfaces', 'ld_library_path_lib')
[6.831s] INFO:colcon.colcon_core.shell:Creating environment hook '/home/guo/fishbot/ros2bookcode/chapt7/chapt7_ws/install/autopatrol_interfaces/share/autopatrol_interfaces/hook/ld_library_path_lib.ps1'
[6.832s] INFO:colcon.colcon_core.shell:Creating environment descriptor '/home/guo/fishbot/ros2bookcode/chapt7/chapt7_ws/install/autopatrol_interfaces/share/autopatrol_interfaces/hook/ld_library_path_lib.dsv'
[6.832s] INFO:colcon.colcon_core.shell:Creating environment hook '/home/guo/fishbot/ros2bookcode/chapt7/chapt7_ws/install/autopatrol_interfaces/share/autopatrol_interfaces/hook/ld_library_path_lib.sh'
[6.832s] Level 1:colcon.colcon_core.environment:checking '/home/guo/fishbot/ros2bookcode/chapt7/chapt7_ws/install/autopatrol_interfaces/bin'
[6.832s] Level 1:colcon.colcon_core.environment:checking '/home/guo/fishbot/ros2bookcode/chapt7/chapt7_ws/install/autopatrol_interfaces/lib/pkgconfig/autopatrol_interfaces.pc'
[6.832s] Level 1:colcon.colcon_core.environment:checking '/home/guo/fishbot/ros2bookcode/chapt7/chapt7_ws/install/autopatrol_interfaces/lib/python3.10/site-packages'
[6.833s] Level 1:colcon.colcon_core.environment:checking '/home/guo/fishbot/ros2bookcode/chapt7/chapt7_ws/install/autopatrol_interfaces/bin'
[6.833s] INFO:colcon.colcon_core.shell:Creating package script '/home/guo/fishbot/ros2bookcode/chapt7/chapt7_ws/install/autopatrol_interfaces/share/autopatrol_interfaces/package.ps1'
[6.833s] INFO:colcon.colcon_core.shell:Creating package descriptor '/home/guo/fishbot/ros2bookcode/chapt7/chapt7_ws/install/autopatrol_interfaces/share/autopatrol_interfaces/package.dsv'
[6.833s] INFO:colcon.colcon_core.shell:Creating package script '/home/guo/fishbot/ros2bookcode/chapt7/chapt7_ws/install/autopatrol_interfaces/share/autopatrol_interfaces/package.sh'
[6.833s] INFO:colcon.colcon_core.shell:Creating package script '/home/guo/fishbot/ros2bookcode/chapt7/chapt7_ws/install/autopatrol_interfaces/share/autopatrol_interfaces/package.bash'
[6.834s] INFO:colcon.colcon_core.shell:Creating package script '/home/guo/fishbot/ros2bookcode/chapt7/chapt7_ws/install/autopatrol_interfaces/share/autopatrol_interfaces/package.zsh'
[6.834s] Level 1:colcon.colcon_core.environment:create_file_with_runtime_dependencies(/home/guo/fishbot/ros2bookcode/chapt7/chapt7_ws/install/autopatrol_interfaces/share/colcon-core/packages/autopatrol_interfaces)
[6.834s] Level 1:colcon.colcon_core.environment:create_environment_scripts_only(autopatrol_interfaces)
[6.834s] Level 1:colcon.colcon_core.environment:checking '/home/guo/fishbot/ros2bookcode/chapt7/chapt7_ws/install/autopatrol_interfaces' for CMake module files
[6.835s] Level 1:colcon.colcon_core.environment:checking '/home/guo/fishbot/ros2bookcode/chapt7/chapt7_ws/install/autopatrol_interfaces' for CMake config files
[6.835s] Level 1:colcon.colcon_core.shell:create_environment_hook('autopatrol_interfaces', 'cmake_prefix_path')
[6.835s] INFO:colcon.colcon_core.shell:Creating environment hook '/home/guo/fishbot/ros2bookcode/chapt7/chapt7_ws/install/autopatrol_interfaces/share/autopatrol_interfaces/hook/cmake_prefix_path.ps1'
[6.835s] INFO:colcon.colcon_core.shell:Creating environment descriptor '/home/guo/fishbot/ros2bookcode/chapt7/chapt7_ws/install/autopatrol_interfaces/share/autopatrol_interfaces/hook/cmake_prefix_path.dsv'
[6.836s] INFO:colcon.colcon_core.shell:Creating environment hook '/home/guo/fishbot/ros2bookcode/chapt7/chapt7_ws/install/autopatrol_interfaces/share/autopatrol_interfaces/hook/cmake_prefix_path.sh'
[6.836s] Level 1:colcon.colcon_core.environment:checking '/home/guo/fishbot/ros2bookcode/chapt7/chapt7_ws/install/autopatrol_interfaces/lib'
[6.836s] Level 1:colcon.colcon_core.shell:create_environment_hook('autopatrol_interfaces', 'ld_library_path_lib')
[6.836s] INFO:colcon.colcon_core.shell:Creating environment hook '/home/guo/fishbot/ros2bookcode/chapt7/chapt7_ws/install/autopatrol_interfaces/share/autopatrol_interfaces/hook/ld_library_path_lib.ps1'
[6.836s] INFO:colcon.colcon_core.shell:Creating environment descriptor '/home/guo/fishbot/ros2bookcode/chapt7/chapt7_ws/install/autopatrol_interfaces/share/autopatrol_interfaces/hook/ld_library_path_lib.dsv'
[6.837s] INFO:colcon.colcon_core.shell:Creating environment hook '/home/guo/fishbot/ros2bookcode/chapt7/chapt7_ws/install/autopatrol_interfaces/share/autopatrol_interfaces/hook/ld_library_path_lib.sh'
[6.837s] Level 1:colcon.colcon_core.environment:checking '/home/guo/fishbot/ros2bookcode/chapt7/chapt7_ws/install/autopatrol_interfaces/bin'
[6.837s] Level 1:colcon.colcon_core.environment:checking '/home/guo/fishbot/ros2bookcode/chapt7/chapt7_ws/install/autopatrol_interfaces/lib/pkgconfig/autopatrol_interfaces.pc'
[6.837s] Level 1:colcon.colcon_core.environment:checking '/home/guo/fishbot/ros2bookcode/chapt7/chapt7_ws/install/autopatrol_interfaces/lib/python3.10/site-packages'
[6.837s] Level 1:colcon.colcon_core.environment:checking '/home/guo/fishbot/ros2bookcode/chapt7/chapt7_ws/install/autopatrol_interfaces/bin'
[6.838s] INFO:colcon.colcon_core.shell:Creating package script '/home/guo/fishbot/ros2bookcode/chapt7/chapt7_ws/install/autopatrol_interfaces/share/autopatrol_interfaces/package.ps1'
[6.838s] INFO:colcon.colcon_core.shell:Creating package descriptor '/home/guo/fishbot/ros2bookcode/chapt7/chapt7_ws/install/autopatrol_interfaces/share/autopatrol_interfaces/package.dsv'
[6.838s] INFO:colcon.colcon_core.shell:Creating package script '/home/guo/fishbot/ros2bookcode/chapt7/chapt7_ws/install/autopatrol_interfaces/share/autopatrol_interfaces/package.sh'
[6.838s] INFO:colcon.colcon_core.shell:Creating package script '/home/guo/fishbot/ros2bookcode/chapt7/chapt7_ws/install/autopatrol_interfaces/share/autopatrol_interfaces/package.bash'
[6.839s] INFO:colcon.colcon_core.shell:Creating package script '/home/guo/fishbot/ros2bookcode/chapt7/chapt7_ws/install/autopatrol_interfaces/share/autopatrol_interfaces/package.zsh'
[6.839s] Level 1:colcon.colcon_core.environment:create_file_with_runtime_dependencies(/home/guo/fishbot/ros2bookcode/chapt7/chapt7_ws/install/autopatrol_interfaces/share/colcon-core/packages/autopatrol_interfaces)
[15.994s] DEBUG:colcon.colcon_core.event_handler.log_command:Invoked command in '/home/guo/fishbot/ros2bookcode/chapt7/chapt7_ws/build/fishbot_application_cpp' returned '0': CMAKE_PREFIX_PATH=/opt/ros/humble /usr/bin/cmake /home/guo/fishbot/ros2bookcode/chapt7/chapt7_ws/src/fishbot_application_cpp -DCMAKE_INSTALL_PREFIX=/home/guo/fishbot/ros2bookcode/chapt7/chapt7_ws/install/fishbot_application_cpp
[15.995s] DEBUG:colcon.colcon_core.event_handler.log_command:Invoking command in '/home/guo/fishbot/ros2bookcode/chapt7/chapt7_ws/build/fishbot_application_cpp': CMAKE_PREFIX_PATH=/opt/ros/humble /usr/bin/cmake --build /home/guo/fishbot/ros2bookcode/chapt7/chapt7_ws/build/fishbot_application_cpp -- -j20 -l20
[18.962s] DEBUG:colcon.colcon_core.event_handler.log_command:Invoked command in '/home/guo/fishbot/ros2bookcode/chapt7/chapt7_ws/build/fishbot_application_cpp' returned '0': CMAKE_PREFIX_PATH=/opt/ros/humble /usr/bin/cmake --build /home/guo/fishbot/ros2bookcode/chapt7/chapt7_ws/build/fishbot_application_cpp -- -j20 -l20
[18.963s] DEBUG:colcon.colcon_core.event_handler.log_command:Invoking command in '/home/guo/fishbot/ros2bookcode/chapt7/chapt7_ws/build/fishbot_application_cpp': CMAKE_PREFIX_PATH=/opt/ros/humble /usr/bin/cmake --install /home/guo/fishbot/ros2bookcode/chapt7/chapt7_ws/build/fishbot_application_cpp
[18.972s] Level 1:colcon.colcon_core.environment:create_environment_scripts_only(fishbot_application_cpp)
[18.972s] Level 1:colcon.colcon_core.environment:checking '/home/guo/fishbot/ros2bookcode/chapt7/chapt7_ws/install/fishbot_application_cpp' for CMake module files
[18.972s] DEBUG:colcon.colcon_core.event_handler.log_command:Invoked command in '/home/guo/fishbot/ros2bookcode/chapt7/chapt7_ws/build/fishbot_application_cpp' returned '0': CMAKE_PREFIX_PATH=/opt/ros/humble /usr/bin/cmake --install /home/guo/fishbot/ros2bookcode/chapt7/chapt7_ws/build/fishbot_application_cpp
[18.973s] Level 1:colcon.colcon_core.environment:checking '/home/guo/fishbot/ros2bookcode/chapt7/chapt7_ws/install/fishbot_application_cpp' for CMake config files
[18.973s] Level 1:colcon.colcon_core.shell:create_environment_hook('fishbot_application_cpp', 'cmake_prefix_path')
[18.973s] INFO:colcon.colcon_core.shell:Creating environment hook '/home/guo/fishbot/ros2bookcode/chapt7/chapt7_ws/install/fishbot_application_cpp/share/fishbot_application_cpp/hook/cmake_prefix_path.ps1'
[18.973s] INFO:colcon.colcon_core.shell:Creating environment descriptor '/home/guo/fishbot/ros2bookcode/chapt7/chapt7_ws/install/fishbot_application_cpp/share/fishbot_application_cpp/hook/cmake_prefix_path.dsv'
[18.974s] INFO:colcon.colcon_core.shell:Creating environment hook '/home/guo/fishbot/ros2bookcode/chapt7/chapt7_ws/install/fishbot_application_cpp/share/fishbot_application_cpp/hook/cmake_prefix_path.sh'
[18.974s] Level 1:colcon.colcon_core.environment:checking '/home/guo/fishbot/ros2bookcode/chapt7/chapt7_ws/install/fishbot_application_cpp/lib'
[18.974s] Level 1:colcon.colcon_core.environment:checking '/home/guo/fishbot/ros2bookcode/chapt7/chapt7_ws/install/fishbot_application_cpp/bin'
[18.974s] Level 1:colcon.colcon_core.environment:checking '/home/guo/fishbot/ros2bookcode/chapt7/chapt7_ws/install/fishbot_application_cpp/lib/pkgconfig/fishbot_application_cpp.pc'
[18.974s] Level 1:colcon.colcon_core.environment:checking '/home/guo/fishbot/ros2bookcode/chapt7/chapt7_ws/install/fishbot_application_cpp/lib/python3.10/site-packages'
[18.974s] Level 1:colcon.colcon_core.environment:checking '/home/guo/fishbot/ros2bookcode/chapt7/chapt7_ws/install/fishbot_application_cpp/bin'
[18.975s] INFO:colcon.colcon_core.shell:Creating package script '/home/guo/fishbot/ros2bookcode/chapt7/chapt7_ws/install/fishbot_application_cpp/share/fishbot_application_cpp/package.ps1'
[18.975s] INFO:colcon.colcon_core.shell:Creating package descriptor '/home/guo/fishbot/ros2bookcode/chapt7/chapt7_ws/install/fishbot_application_cpp/share/fishbot_application_cpp/package.dsv'
[18.975s] INFO:colcon.colcon_core.shell:Creating package script '/home/guo/fishbot/ros2bookcode/chapt7/chapt7_ws/install/fishbot_application_cpp/share/fishbot_application_cpp/package.sh'
[18.975s] INFO:colcon.colcon_core.shell:Creating package script '/home/guo/fishbot/ros2bookcode/chapt7/chapt7_ws/install/fishbot_application_cpp/share/fishbot_application_cpp/package.bash'
[18.976s] INFO:colcon.colcon_core.shell:Creating package script '/home/guo/fishbot/ros2bookcode/chapt7/chapt7_ws/install/fishbot_application_cpp/share/fishbot_application_cpp/package.zsh'
[18.976s] Level 1:colcon.colcon_core.environment:create_file_with_runtime_dependencies(/home/guo/fishbot/ros2bookcode/chapt7/chapt7_ws/install/fishbot_application_cpp/share/colcon-core/packages/fishbot_application_cpp)
[18.976s] Level 1:colcon.colcon_core.environment:create_environment_scripts_only(fishbot_application_cpp)
[18.976s] Level 1:colcon.colcon_core.environment:checking '/home/guo/fishbot/ros2bookcode/chapt7/chapt7_ws/install/fishbot_application_cpp' for CMake module files
[18.977s] Level 1:colcon.colcon_core.environment:checking '/home/guo/fishbot/ros2bookcode/chapt7/chapt7_ws/install/fishbot_application_cpp' for CMake config files
[18.977s] Level 1:colcon.colcon_core.shell:create_environment_hook('fishbot_application_cpp', 'cmake_prefix_path')
[18.977s] INFO:colcon.colcon_core.shell:Creating environment hook '/home/guo/fishbot/ros2bookcode/chapt7/chapt7_ws/install/fishbot_application_cpp/share/fishbot_application_cpp/hook/cmake_prefix_path.ps1'
[18.977s] INFO:colcon.colcon_core.shell:Creating environment descriptor '/home/guo/fishbot/ros2bookcode/chapt7/chapt7_ws/install/fishbot_application_cpp/share/fishbot_application_cpp/hook/cmake_prefix_path.dsv'
[18.978s] INFO:colcon.colcon_core.shell:Creating environment hook '/home/guo/fishbot/ros2bookcode/chapt7/chapt7_ws/install/fishbot_application_cpp/share/fishbot_application_cpp/hook/cmake_prefix_path.sh'
[18.978s] Level 1:colcon.colcon_core.environment:checking '/home/guo/fishbot/ros2bookcode/chapt7/chapt7_ws/install/fishbot_application_cpp/lib'
[18.978s] Level 1:colcon.colcon_core.environment:checking '/home/guo/fishbot/ros2bookcode/chapt7/chapt7_ws/install/fishbot_application_cpp/bin'
[18.978s] Level 1:colcon.colcon_core.environment:checking '/home/guo/fishbot/ros2bookcode/chapt7/chapt7_ws/install/fishbot_application_cpp/lib/pkgconfig/fishbot_application_cpp.pc'
[18.978s] Level 1:colcon.colcon_core.environment:checking '/home/guo/fishbot/ros2bookcode/chapt7/chapt7_ws/install/fishbot_application_cpp/lib/python3.10/site-packages'
[18.978s] Level 1:colcon.colcon_core.environment:checking '/home/guo/fishbot/ros2bookcode/chapt7/chapt7_ws/install/fishbot_application_cpp/bin'
[18.978s] INFO:colcon.colcon_core.shell:Creating package script '/home/guo/fishbot/ros2bookcode/chapt7/chapt7_ws/install/fishbot_application_cpp/share/fishbot_application_cpp/package.ps1'
[18.979s] INFO:colcon.colcon_core.shell:Creating package descriptor '/home/guo/fishbot/ros2bookcode/chapt7/chapt7_ws/install/fishbot_application_cpp/share/fishbot_application_cpp/package.dsv'
[18.979s] INFO:colcon.colcon_core.shell:Creating package script '/home/guo/fishbot/ros2bookcode/chapt7/chapt7_ws/install/fishbot_application_cpp/share/fishbot_application_cpp/package.sh'
[18.979s] INFO:colcon.colcon_core.shell:Creating package script '/home/guo/fishbot/ros2bookcode/chapt7/chapt7_ws/install/fishbot_application_cpp/share/fishbot_application_cpp/package.bash'
[18.980s] INFO:colcon.colcon_core.shell:Creating package script '/home/guo/fishbot/ros2bookcode/chapt7/chapt7_ws/install/fishbot_application_cpp/share/fishbot_application_cpp/package.zsh'
[18.980s] Level 1:colcon.colcon_core.environment:create_file_with_runtime_dependencies(/home/guo/fishbot/ros2bookcode/chapt7/chapt7_ws/install/fishbot_application_cpp/share/colcon-core/packages/fishbot_application_cpp)
[18.980s] DEBUG:colcon.colcon_parallel_executor.executor.parallel:closing loop
[18.981s] DEBUG:colcon.colcon_parallel_executor.executor.parallel:loop closed
[18.981s] DEBUG:colcon.colcon_parallel_executor.executor.parallel:run_until_complete finished with '0'
[18.981s] DEBUG:colcon.colcon_core.event_reactor:joining thread
[19.081s] INFO:colcon.colcon_core.plugin_system:Skipping extension 'colcon_notification.desktop_notification.notify_send': Could not find 'notify-send'
[19.081s] INFO:colcon.colcon_core.plugin_system:Skipping extension 'colcon_notification.desktop_notification.terminal_notifier': Not used on non-Darwin systems
[19.081s] INFO:colcon.colcon_core.plugin_system:Skipping extension 'colcon_notification.desktop_notification.win32': Not used on non-Windows systems
[19.081s] INFO:colcon.colcon_notification.desktop_notification:Sending desktop notification using 'notify2'
[19.082s] DEBUG:colcon.colcon_notification.desktop_notification.notify2:Failed to initialize notify2: org.freedesktop.DBus.Error.ServiceUnknown: The name org.freedesktop.Notifications was not provided by any .service files
[19.082s] DEBUG:colcon.colcon_core.event_reactor:joined thread
[19.082s] INFO:colcon.colcon_core.shell:Creating prefix script '/home/guo/fishbot/ros2bookcode/chapt7/chapt7_ws/install/local_setup.ps1'
[19.083s] INFO:colcon.colcon_core.shell:Creating prefix util module '/home/guo/fishbot/ros2bookcode/chapt7/chapt7_ws/install/_local_setup_util_ps1.py'
[19.083s] INFO:colcon.colcon_core.shell:Creating prefix chain script '/home/guo/fishbot/ros2bookcode/chapt7/chapt7_ws/install/setup.ps1'
[19.084s] INFO:colcon.colcon_core.shell:Creating prefix script '/home/guo/fishbot/ros2bookcode/chapt7/chapt7_ws/install/local_setup.sh'
[19.084s] INFO:colcon.colcon_core.shell:Creating prefix util module '/home/guo/fishbot/ros2bookcode/chapt7/chapt7_ws/install/_local_setup_util_sh.py'
[19.084s] INFO:colcon.colcon_core.shell:Creating prefix chain script '/home/guo/fishbot/ros2bookcode/chapt7/chapt7_ws/install/setup.sh'
[19.085s] INFO:colcon.colcon_core.shell:Creating prefix script '/home/guo/fishbot/ros2bookcode/chapt7/chapt7_ws/install/local_setup.bash'
[19.085s] INFO:colcon.colcon_core.shell:Creating prefix chain script '/home/guo/fishbot/ros2bookcode/chapt7/chapt7_ws/install/setup.bash'
[19.086s] INFO:colcon.colcon_core.shell:Creating prefix script '/home/guo/fishbot/ros2bookcode/chapt7/chapt7_ws/install/local_setup.zsh'
[19.086s] INFO:colcon.colcon_core.shell:Creating prefix chain script '/home/guo/fishbot/ros2bookcode/chapt7/chapt7_ws/install/setup.zsh'
