[0.675s] Invoking command in '/home/guo/fishbot/ros2bookcode/chapt7/chapt7_ws/src/fishbot_application': PYTHONPATH=/home/guo/fishbot/ros2bookcode/chapt7/chapt7_ws/build/fishbot_application/prefix_override:/usr/lib/python3/dist-packages/colcon_core/task/python/colcon_distutils_commands:/home/guo/fishbot/ros2bookcode/chapt7/chapt7_ws/install/fishbot_application/lib/python3.10/site-packages:${PYTHONPATH} /usr/bin/python3 -W ignore:setup.py install is deprecated -W ignore:easy_install command is deprecated setup.py egg_info --egg-base ../../build/fishbot_application build --build-base /home/guo/fishbot/ros2bookcode/chapt7/chapt7_ws/build/fishbot_application/build install --record /home/guo/fishbot/ros2bookcode/chapt7/chapt7_ws/build/fishbot_application/install.log --single-version-externally-managed install_data
[0.812s] running egg_info
[0.813s] creating ../../build/fishbot_application/fishbot_application.egg-info
[0.813s] writing ../../build/fishbot_application/fishbot_application.egg-info/PKG-INFO
[0.814s] writing dependency_links to ../../build/fishbot_application/fishbot_application.egg-info/dependency_links.txt
[0.814s] writing entry points to ../../build/fishbot_application/fishbot_application.egg-info/entry_points.txt
[0.814s] writing requirements to ../../build/fishbot_application/fishbot_application.egg-info/requires.txt
[0.814s] writing top-level names to ../../build/fishbot_application/fishbot_application.egg-info/top_level.txt
[0.814s] writing manifest file '../../build/fishbot_application/fishbot_application.egg-info/SOURCES.txt'
[0.815s] reading manifest file '../../build/fishbot_application/fishbot_application.egg-info/SOURCES.txt'
[0.816s] writing manifest file '../../build/fishbot_application/fishbot_application.egg-info/SOURCES.txt'
[0.816s] running build
[0.816s] running build_py
[0.817s] creating /home/guo/fishbot/ros2bookcode/chapt7/chapt7_ws/build/fishbot_application/build
[0.817s] creating /home/guo/fishbot/ros2bookcode/chapt7/chapt7_ws/build/fishbot_application/build/lib
[0.817s] creating /home/guo/fishbot/ros2bookcode/chapt7/chapt7_ws/build/fishbot_application/build/lib/fishbot_application
[0.817s] copying fishbot_application/init_robot_pose.py -> /home/guo/fishbot/ros2bookcode/chapt7/chapt7_ws/build/fishbot_application/build/lib/fishbot_application
[0.817s] copying fishbot_application/waypoint_follower.py -> /home/guo/fishbot/ros2bookcode/chapt7/chapt7_ws/build/fishbot_application/build/lib/fishbot_application
[0.817s] copying fishbot_application/get_robot_pose.py -> /home/guo/fishbot/ros2bookcode/chapt7/chapt7_ws/build/fishbot_application/build/lib/fishbot_application
[0.817s] copying fishbot_application/nav_to_pose.py -> /home/guo/fishbot/ros2bookcode/chapt7/chapt7_ws/build/fishbot_application/build/lib/fishbot_application
[0.817s] copying fishbot_application/__init__.py -> /home/guo/fishbot/ros2bookcode/chapt7/chapt7_ws/build/fishbot_application/build/lib/fishbot_application
[0.818s] running install
[0.818s] running install_lib
[0.818s] creating /home/guo/fishbot/ros2bookcode/chapt7/chapt7_ws/install/fishbot_application/lib/python3.10/site-packages/fishbot_application
[0.818s] copying /home/guo/fishbot/ros2bookcode/chapt7/chapt7_ws/build/fishbot_application/build/lib/fishbot_application/init_robot_pose.py -> /home/guo/fishbot/ros2bookcode/chapt7/chapt7_ws/install/fishbot_application/lib/python3.10/site-packages/fishbot_application
[0.818s] copying /home/guo/fishbot/ros2bookcode/chapt7/chapt7_ws/build/fishbot_application/build/lib/fishbot_application/waypoint_follower.py -> /home/guo/fishbot/ros2bookcode/chapt7/chapt7_ws/install/fishbot_application/lib/python3.10/site-packages/fishbot_application
[0.819s] copying /home/guo/fishbot/ros2bookcode/chapt7/chapt7_ws/build/fishbot_application/build/lib/fishbot_application/get_robot_pose.py -> /home/guo/fishbot/ros2bookcode/chapt7/chapt7_ws/install/fishbot_application/lib/python3.10/site-packages/fishbot_application
[0.819s] copying /home/guo/fishbot/ros2bookcode/chapt7/chapt7_ws/build/fishbot_application/build/lib/fishbot_application/nav_to_pose.py -> /home/guo/fishbot/ros2bookcode/chapt7/chapt7_ws/install/fishbot_application/lib/python3.10/site-packages/fishbot_application
[0.819s] copying /home/guo/fishbot/ros2bookcode/chapt7/chapt7_ws/build/fishbot_application/build/lib/fishbot_application/__init__.py -> /home/guo/fishbot/ros2bookcode/chapt7/chapt7_ws/install/fishbot_application/lib/python3.10/site-packages/fishbot_application
[0.819s] byte-compiling /home/guo/fishbot/ros2bookcode/chapt7/chapt7_ws/install/fishbot_application/lib/python3.10/site-packages/fishbot_application/init_robot_pose.py to init_robot_pose.cpython-310.pyc
[0.819s] byte-compiling /home/guo/fishbot/ros2bookcode/chapt7/chapt7_ws/install/fishbot_application/lib/python3.10/site-packages/fishbot_application/waypoint_follower.py to waypoint_follower.cpython-310.pyc
[0.819s] byte-compiling /home/guo/fishbot/ros2bookcode/chapt7/chapt7_ws/install/fishbot_application/lib/python3.10/site-packages/fishbot_application/get_robot_pose.py to get_robot_pose.cpython-310.pyc
[0.820s] byte-compiling /home/guo/fishbot/ros2bookcode/chapt7/chapt7_ws/install/fishbot_application/lib/python3.10/site-packages/fishbot_application/nav_to_pose.py to nav_to_pose.cpython-310.pyc
[0.820s] byte-compiling /home/guo/fishbot/ros2bookcode/chapt7/chapt7_ws/install/fishbot_application/lib/python3.10/site-packages/fishbot_application/__init__.py to __init__.cpython-310.pyc
[0.820s] running install_data
[0.820s] creating /home/guo/fishbot/ros2bookcode/chapt7/chapt7_ws/install/fishbot_application/share/ament_index
[0.821s] creating /home/guo/fishbot/ros2bookcode/chapt7/chapt7_ws/install/fishbot_application/share/ament_index/resource_index
[0.821s] creating /home/guo/fishbot/ros2bookcode/chapt7/chapt7_ws/install/fishbot_application/share/ament_index/resource_index/packages
[0.821s] copying resource/fishbot_application -> /home/guo/fishbot/ros2bookcode/chapt7/chapt7_ws/install/fishbot_application/share/ament_index/resource_index/packages
[0.821s] copying package.xml -> /home/guo/fishbot/ros2bookcode/chapt7/chapt7_ws/install/fishbot_application/share/fishbot_application
[0.821s] running install_egg_info
[0.823s] Copying ../../build/fishbot_application/fishbot_application.egg-info to /home/guo/fishbot/ros2bookcode/chapt7/chapt7_ws/install/fishbot_application/lib/python3.10/site-packages/fishbot_application-0.0.0-py3.10.egg-info
[0.824s] running install_scripts
[0.839s] Installing get_robot_pose script to /home/guo/fishbot/ros2bookcode/chapt7/chapt7_ws/install/fishbot_application/lib/fishbot_application
[0.839s] Installing init_robot_pose script to /home/guo/fishbot/ros2bookcode/chapt7/chapt7_ws/install/fishbot_application/lib/fishbot_application
[0.839s] Installing nav_to_pose script to /home/guo/fishbot/ros2bookcode/chapt7/chapt7_ws/install/fishbot_application/lib/fishbot_application
[0.839s] Installing waypoint_follower script to /home/guo/fishbot/ros2bookcode/chapt7/chapt7_ws/install/fishbot_application/lib/fishbot_application
[0.840s] writing list of installed files to '/home/guo/fishbot/ros2bookcode/chapt7/chapt7_ws/build/fishbot_application/install.log'
[0.856s] Invoked command in '/home/guo/fishbot/ros2bookcode/chapt7/chapt7_ws/src/fishbot_application' returned '0': PYTHONPATH=/home/guo/fishbot/ros2bookcode/chapt7/chapt7_ws/build/fishbot_application/prefix_override:/usr/lib/python3/dist-packages/colcon_core/task/python/colcon_distutils_commands:/home/guo/fishbot/ros2bookcode/chapt7/chapt7_ws/install/fishbot_application/lib/python3.10/site-packages:${PYTHONPATH} /usr/bin/python3 -W ignore:setup.py install is deprecated -W ignore:easy_install command is deprecated setup.py egg_info --egg-base ../../build/fishbot_application build --build-base /home/guo/fishbot/ros2bookcode/chapt7/chapt7_ws/build/fishbot_application/build install --record /home/guo/fishbot/ros2bookcode/chapt7/chapt7_ws/build/fishbot_application/install.log --single-version-externally-managed install_data
