[0.331s] Invoking command in '/home/guo/fishbot/ros2bookcode/chapt7/chapt7_ws/build/fishbot_application_cpp': CMAKE_PREFIX_PATH=/opt/ros/humble /usr/bin/cmake /home/guo/fishbot/ros2bookcode/chapt7/chapt7_ws/src/fishbot_application_cpp -DCMAKE_INSTALL_PREFIX=/home/guo/fishbot/ros2bookcode/chapt7/chapt7_ws/install/fishbot_application_cpp
[0.549s] -- The C compiler identification is GNU 11.4.0
[1.784s] -- The CXX compiler identification is GNU 11.4.0
[2.513s] -- Detecting C compiler ABI info
[2.675s] -- Detecting C compiler ABI info - done
[2.683s] -- Check for working C compiler: /usr/bin/cc - skipped
[2.683s] -- Detecting C compile features
[2.684s] -- Detecting C compile features - done
[2.687s] -- Detecting CXX compiler ABI info
[2.919s] -- Detecting CXX compiler ABI info - done
[2.927s] -- Check for working CXX compiler: /usr/bin/c++ - skipped
[2.928s] -- Detecting CXX compile features
[2.928s] -- Detecting CXX compile features - done
[2.931s] -- Found ament_cmake: 1.3.12 (/opt/ros/humble/share/ament_cmake/cmake)
[3.076s] -- Found Python3: /usr/bin/python3 (found version "3.10.12") found components: Interpreter 
[3.145s] -- Found rclcpp: 16.0.17 (/opt/ros/humble/share/rclcpp/cmake)
[3.408s] -- Found rosidl_generator_c: 3.1.8 (/opt/ros/humble/share/rosidl_generator_c/cmake)
[3.412s] -- Found rosidl_adapter: 3.1.8 (/opt/ros/humble/share/rosidl_adapter/cmake)
[3.417s] -- Found rosidl_generator_cpp: 3.1.8 (/opt/ros/humble/share/rosidl_generator_cpp/cmake)
[3.426s] -- Using all available rosidl_typesupport_c: rosidl_typesupport_fastrtps_c;rosidl_typesupport_introspection_c
[3.436s] -- Using all available rosidl_typesupport_cpp: rosidl_typesupport_fastrtps_cpp;rosidl_typesupport_introspection_cpp
[3.467s] -- Found rmw_implementation_cmake: 6.1.2 (/opt/ros/humble/share/rmw_implementation_cmake/cmake)
[3.469s] -- Found rmw_fastrtps_cpp: 6.2.9 (/opt/ros/humble/share/rmw_fastrtps_cpp/cmake)
[5.760s] -- Found OpenSSL: /usr/lib/x86_64-linux-gnu/libcrypto.so (found version "3.0.2")  
[9.005s] -- Found FastRTPS: /opt/ros/humble/include  
[14.903s] -- Using RMW implementation 'rmw_fastrtps_cpp' as default
[14.917s] -- Looking for pthread.h
[15.111s] -- Looking for pthread.h - found
[15.111s] -- Performing Test CMAKE_HAVE_LIBC_PTHREAD
[15.377s] -- Performing Test CMAKE_HAVE_LIBC_PTHREAD - Success
[15.378s] -- Found Threads: TRUE  
[15.431s] -- Found nav2_msgs: 1.1.20 (/opt/ros/humble/share/nav2_msgs/cmake)
[15.510s] -- Found rclcpp_action: 16.0.17 (/opt/ros/humble/share/rclcpp_action/cmake)
[15.520s] -- Found ament_lint_auto: 0.12.14 (/opt/ros/humble/share/ament_lint_auto/cmake)
[15.569s] -- Added test 'cppcheck' to perform static code analysis on C / C++ code
[15.570s] -- Configured cppcheck include dirs: 
[15.570s] -- Configured cppcheck exclude dirs and/or files: 
[15.570s] -- Added test 'lint_cmake' to check CMake code style
[15.570s] -- Added test 'uncrustify' to check C / C++ code style
[15.570s] -- Configured uncrustify additional arguments: 
[15.571s] -- Added test 'xmllint' to check XML markup files
[15.572s] -- Configuring done
[15.580s] -- Generating done
[15.583s] -- Build files have been written to: /home/guo/fishbot/ros2bookcode/chapt7/chapt7_ws/build/fishbot_application_cpp
[15.591s] Invoked command in '/home/guo/fishbot/ros2bookcode/chapt7/chapt7_ws/build/fishbot_application_cpp' returned '0': CMAKE_PREFIX_PATH=/opt/ros/humble /usr/bin/cmake /home/guo/fishbot/ros2bookcode/chapt7/chapt7_ws/src/fishbot_application_cpp -DCMAKE_INSTALL_PREFIX=/home/guo/fishbot/ros2bookcode/chapt7/chapt7_ws/install/fishbot_application_cpp
[15.592s] Invoking command in '/home/guo/fishbot/ros2bookcode/chapt7/chapt7_ws/build/fishbot_application_cpp': CMAKE_PREFIX_PATH=/opt/ros/humble /usr/bin/cmake --build /home/guo/fishbot/ros2bookcode/chapt7/chapt7_ws/build/fishbot_application_cpp -- -j20 -l20
[15.623s] [ 50%] [32mBuilding CXX object CMakeFiles/nav2pose.dir/src/nav2pose.cpp.o[0m
[18.293s] [100%] [32m[1mLinking CXX executable nav2pose[0m
[18.553s] [100%] Built target nav2pose
[18.559s] Invoked command in '/home/guo/fishbot/ros2bookcode/chapt7/chapt7_ws/build/fishbot_application_cpp' returned '0': CMAKE_PREFIX_PATH=/opt/ros/humble /usr/bin/cmake --build /home/guo/fishbot/ros2bookcode/chapt7/chapt7_ws/build/fishbot_application_cpp -- -j20 -l20
[18.560s] Invoking command in '/home/guo/fishbot/ros2bookcode/chapt7/chapt7_ws/build/fishbot_application_cpp': CMAKE_PREFIX_PATH=/opt/ros/humble /usr/bin/cmake --install /home/guo/fishbot/ros2bookcode/chapt7/chapt7_ws/build/fishbot_application_cpp
[18.564s] -- Install configuration: ""
[18.565s] -- Installing: /home/guo/fishbot/ros2bookcode/chapt7/chapt7_ws/install/fishbot_application_cpp/lib/fishbot_application_cpp/nav2pose
[18.565s] -- Set runtime path of "/home/guo/fishbot/ros2bookcode/chapt7/chapt7_ws/install/fishbot_application_cpp/lib/fishbot_application_cpp/nav2pose" to ""
[18.566s] -- Installing: /home/guo/fishbot/ros2bookcode/chapt7/chapt7_ws/install/fishbot_application_cpp/share/ament_index/resource_index/package_run_dependencies/fishbot_application_cpp
[18.566s] -- Installing: /home/guo/fishbot/ros2bookcode/chapt7/chapt7_ws/install/fishbot_application_cpp/share/ament_index/resource_index/parent_prefix_path/fishbot_application_cpp
[18.566s] -- Installing: /home/guo/fishbot/ros2bookcode/chapt7/chapt7_ws/install/fishbot_application_cpp/share/fishbot_application_cpp/environment/ament_prefix_path.sh
[18.567s] -- Installing: /home/guo/fishbot/ros2bookcode/chapt7/chapt7_ws/install/fishbot_application_cpp/share/fishbot_application_cpp/environment/ament_prefix_path.dsv
[18.567s] -- Installing: /home/guo/fishbot/ros2bookcode/chapt7/chapt7_ws/install/fishbot_application_cpp/share/fishbot_application_cpp/environment/path.sh
[18.567s] -- Installing: /home/guo/fishbot/ros2bookcode/chapt7/chapt7_ws/install/fishbot_application_cpp/share/fishbot_application_cpp/environment/path.dsv
[18.567s] -- Installing: /home/guo/fishbot/ros2bookcode/chapt7/chapt7_ws/install/fishbot_application_cpp/share/fishbot_application_cpp/local_setup.bash
[18.567s] -- Installing: /home/guo/fishbot/ros2bookcode/chapt7/chapt7_ws/install/fishbot_application_cpp/share/fishbot_application_cpp/local_setup.sh
[18.567s] -- Installing: /home/guo/fishbot/ros2bookcode/chapt7/chapt7_ws/install/fishbot_application_cpp/share/fishbot_application_cpp/local_setup.zsh
[18.567s] -- Installing: /home/guo/fishbot/ros2bookcode/chapt7/chapt7_ws/install/fishbot_application_cpp/share/fishbot_application_cpp/local_setup.dsv
[18.567s] -- Installing: /home/guo/fishbot/ros2bookcode/chapt7/chapt7_ws/install/fishbot_application_cpp/share/fishbot_application_cpp/package.dsv
[18.567s] -- Installing: /home/guo/fishbot/ros2bookcode/chapt7/chapt7_ws/install/fishbot_application_cpp/share/ament_index/resource_index/packages/fishbot_application_cpp
[18.568s] -- Installing: /home/guo/fishbot/ros2bookcode/chapt7/chapt7_ws/install/fishbot_application_cpp/share/fishbot_application_cpp/cmake/fishbot_application_cppConfig.cmake
[18.568s] -- Installing: /home/guo/fishbot/ros2bookcode/chapt7/chapt7_ws/install/fishbot_application_cpp/share/fishbot_application_cpp/cmake/fishbot_application_cppConfig-version.cmake
[18.568s] -- Installing: /home/guo/fishbot/ros2bookcode/chapt7/chapt7_ws/install/fishbot_application_cpp/share/fishbot_application_cpp/package.xml
[18.569s] Invoked command in '/home/guo/fishbot/ros2bookcode/chapt7/chapt7_ws/build/fishbot_application_cpp' returned '0': CMAKE_PREFIX_PATH=/opt/ros/humble /usr/bin/cmake --install /home/guo/fishbot/ros2bookcode/chapt7/chapt7_ws/build/fishbot_application_cpp
