[0.203s] DEBUG:colcon:Command line arguments: ['/usr/bin/colcon', 'build']
[0.203s] DEBUG:colcon:Parsed command line arguments: Namespace(log_base=None, log_level=None, verb_name='build', build_base='build', install_base='install', merge_install=False, symlink_install=False, test_result_base=None, continue_on_error=False, executor='parallel', parallel_workers=20, event_handlers=None, ignore_user_meta=False, metas=['./colcon.meta'], base_paths=['.'], packages_ignore=None, packages_ignore_regex=None, paths=None, packages_up_to=None, packages_up_to_regex=None, packages_above=None, packages_above_and_dependencies=None, packages_above_depth=None, packages_select_by_dep=None, packages_skip_by_dep=None, packages_skip_up_to=None, packages_select_build_failed=False, packages_skip_build_finished=False, packages_select_test_failures=False, packages_skip_test_passed=False, packages_select=None, packages_skip=None, packages_select_regex=None, packages_skip_regex=None, packages_start=None, packages_end=None, allow_overriding=[], cmake_args=None, cmake_target=None, cmake_target_skip_unavailable=False, cmake_clean_cache=False, cmake_clean_first=False, cmake_force_configure=False, ament_cmake_args=None, catkin_cmake_args=None, catkin_skip_building_tests=False, verb_parser=<colcon_defaults.argument_parser.defaults.DefaultArgumentsDecorator object at 0x7bb2bf129450>, verb_extension=<colcon_core.verb.build.BuildVerb object at 0x7bb2bf128610>, main=<bound method BuildVerb.main of <colcon_core.verb.build.BuildVerb object at 0x7bb2bf128610>>)
[0.297s] Level 1:colcon.colcon_core.package_discovery:discover_packages(colcon_meta) check parameters
[0.298s] Level 1:colcon.colcon_core.package_discovery:discover_packages(recursive) check parameters
[0.298s] Level 1:colcon.colcon_core.package_discovery:discover_packages(ignore) check parameters
[0.298s] Level 1:colcon.colcon_core.package_discovery:discover_packages(path) check parameters
[0.298s] Level 1:colcon.colcon_core.package_discovery:discover_packages(colcon_meta) discover
[0.298s] Level 1:colcon.colcon_core.package_discovery:discover_packages(recursive) discover
[0.298s] INFO:colcon.colcon_core.package_discovery:Crawling recursively for packages in '/home/guo/fishbot/ros2bookcode/chapt7/chapt7_ws'
[0.298s] Level 1:colcon.colcon_core.package_identification:_identify(.) by extensions ['ignore', 'ignore_ament_install']
[0.298s] Level 1:colcon.colcon_core.package_identification:_identify(.) by extension 'ignore'
[0.298s] Level 1:colcon.colcon_core.package_identification:_identify(.) by extension 'ignore_ament_install'
[0.298s] Level 1:colcon.colcon_core.package_identification:_identify(.) by extensions ['colcon_pkg']
[0.298s] Level 1:colcon.colcon_core.package_identification:_identify(.) by extension 'colcon_pkg'
[0.298s] Level 1:colcon.colcon_core.package_identification:_identify(.) by extensions ['colcon_meta']
[0.298s] Level 1:colcon.colcon_core.package_identification:_identify(.) by extension 'colcon_meta'
[0.298s] Level 1:colcon.colcon_core.package_identification:_identify(.) by extensions ['ros']
[0.298s] Level 1:colcon.colcon_core.package_identification:_identify(.) by extension 'ros'
[0.305s] Level 1:colcon.colcon_core.package_identification:_identify(.) by extensions ['cmake', 'python']
[0.306s] Level 1:colcon.colcon_core.package_identification:_identify(.) by extension 'cmake'
[0.306s] Level 1:colcon.colcon_core.package_identification:_identify(.) by extension 'python'
[0.306s] Level 1:colcon.colcon_core.package_identification:_identify(.) by extensions ['python_setup_py']
[0.306s] Level 1:colcon.colcon_core.package_identification:_identify(.) by extension 'python_setup_py'
[0.306s] Level 1:colcon.colcon_core.package_identification:_identify(build) by extensions ['ignore', 'ignore_ament_install']
[0.306s] Level 1:colcon.colcon_core.package_identification:_identify(build) by extension 'ignore'
[0.306s] Level 1:colcon.colcon_core.package_identification:_identify(build) ignored
[0.306s] Level 1:colcon.colcon_core.package_identification:_identify(install) by extensions ['ignore', 'ignore_ament_install']
[0.306s] Level 1:colcon.colcon_core.package_identification:_identify(install) by extension 'ignore'
[0.306s] Level 1:colcon.colcon_core.package_identification:_identify(install) ignored
[0.306s] Level 1:colcon.colcon_core.package_identification:_identify(log) by extensions ['ignore', 'ignore_ament_install']
[0.306s] Level 1:colcon.colcon_core.package_identification:_identify(log) by extension 'ignore'
[0.306s] Level 1:colcon.colcon_core.package_identification:_identify(log) ignored
[0.306s] Level 1:colcon.colcon_core.package_identification:_identify(src) by extensions ['ignore', 'ignore_ament_install']
[0.307s] Level 1:colcon.colcon_core.package_identification:_identify(src) by extension 'ignore'
[0.307s] Level 1:colcon.colcon_core.package_identification:_identify(src) by extension 'ignore_ament_install'
[0.307s] Level 1:colcon.colcon_core.package_identification:_identify(src) by extensions ['colcon_pkg']
[0.307s] Level 1:colcon.colcon_core.package_identification:_identify(src) by extension 'colcon_pkg'
[0.307s] Level 1:colcon.colcon_core.package_identification:_identify(src) by extensions ['colcon_meta']
[0.307s] Level 1:colcon.colcon_core.package_identification:_identify(src) by extension 'colcon_meta'
[0.307s] Level 1:colcon.colcon_core.package_identification:_identify(src) by extensions ['ros']
[0.307s] Level 1:colcon.colcon_core.package_identification:_identify(src) by extension 'ros'
[0.307s] Level 1:colcon.colcon_core.package_identification:_identify(src) by extensions ['cmake', 'python']
[0.307s] Level 1:colcon.colcon_core.package_identification:_identify(src) by extension 'cmake'
[0.307s] Level 1:colcon.colcon_core.package_identification:_identify(src) by extension 'python'
[0.307s] Level 1:colcon.colcon_core.package_identification:_identify(src) by extensions ['python_setup_py']
[0.307s] Level 1:colcon.colcon_core.package_identification:_identify(src) by extension 'python_setup_py'
[0.307s] Level 1:colcon.colcon_core.package_identification:_identify(src/autopatrol_interfaces) by extensions ['ignore', 'ignore_ament_install']
[0.307s] Level 1:colcon.colcon_core.package_identification:_identify(src/autopatrol_interfaces) by extension 'ignore'
[0.307s] Level 1:colcon.colcon_core.package_identification:_identify(src/autopatrol_interfaces) by extension 'ignore_ament_install'
[0.307s] Level 1:colcon.colcon_core.package_identification:_identify(src/autopatrol_interfaces) by extensions ['colcon_pkg']
[0.307s] Level 1:colcon.colcon_core.package_identification:_identify(src/autopatrol_interfaces) by extension 'colcon_pkg'
[0.307s] Level 1:colcon.colcon_core.package_identification:_identify(src/autopatrol_interfaces) by extensions ['colcon_meta']
[0.308s] Level 1:colcon.colcon_core.package_identification:_identify(src/autopatrol_interfaces) by extension 'colcon_meta'
[0.308s] Level 1:colcon.colcon_core.package_identification:_identify(src/autopatrol_interfaces) by extensions ['ros']
[0.308s] Level 1:colcon.colcon_core.package_identification:_identify(src/autopatrol_interfaces) by extension 'ros'
[0.309s] DEBUG:colcon.colcon_core.package_identification:Package 'src/autopatrol_interfaces' with type 'ros.ament_cmake' and name 'autopatrol_interfaces'
[0.310s] Level 1:colcon.colcon_core.package_identification:_identify(src/autopatrol_robot) by extensions ['ignore', 'ignore_ament_install']
[0.310s] Level 1:colcon.colcon_core.package_identification:_identify(src/autopatrol_robot) by extension 'ignore'
[0.310s] Level 1:colcon.colcon_core.package_identification:_identify(src/autopatrol_robot) by extension 'ignore_ament_install'
[0.310s] Level 1:colcon.colcon_core.package_identification:_identify(src/autopatrol_robot) by extensions ['colcon_pkg']
[0.310s] Level 1:colcon.colcon_core.package_identification:_identify(src/autopatrol_robot) by extension 'colcon_pkg'
[0.310s] Level 1:colcon.colcon_core.package_identification:_identify(src/autopatrol_robot) by extensions ['colcon_meta']
[0.310s] Level 1:colcon.colcon_core.package_identification:_identify(src/autopatrol_robot) by extension 'colcon_meta'
[0.310s] Level 1:colcon.colcon_core.package_identification:_identify(src/autopatrol_robot) by extensions ['ros']
[0.310s] Level 1:colcon.colcon_core.package_identification:_identify(src/autopatrol_robot) by extension 'ros'
[0.310s] DEBUG:colcon.colcon_core.package_identification:Package 'src/autopatrol_robot' with type 'ros.ament_python' and name 'autopatrol_robot'
[0.311s] Level 1:colcon.colcon_core.package_identification:_identify(src/fishbot_application) by extensions ['ignore', 'ignore_ament_install']
[0.311s] Level 1:colcon.colcon_core.package_identification:_identify(src/fishbot_application) by extension 'ignore'
[0.311s] Level 1:colcon.colcon_core.package_identification:_identify(src/fishbot_application) by extension 'ignore_ament_install'
[0.311s] Level 1:colcon.colcon_core.package_identification:_identify(src/fishbot_application) by extensions ['colcon_pkg']
[0.311s] Level 1:colcon.colcon_core.package_identification:_identify(src/fishbot_application) by extension 'colcon_pkg'
[0.311s] Level 1:colcon.colcon_core.package_identification:_identify(src/fishbot_application) by extensions ['colcon_meta']
[0.311s] Level 1:colcon.colcon_core.package_identification:_identify(src/fishbot_application) by extension 'colcon_meta'
[0.311s] Level 1:colcon.colcon_core.package_identification:_identify(src/fishbot_application) by extensions ['ros']
[0.311s] Level 1:colcon.colcon_core.package_identification:_identify(src/fishbot_application) by extension 'ros'
[0.311s] DEBUG:colcon.colcon_core.package_identification:Package 'src/fishbot_application' with type 'ros.ament_python' and name 'fishbot_application'
[0.311s] Level 1:colcon.colcon_core.package_identification:_identify(src/fishbot_application_cpp) by extensions ['ignore', 'ignore_ament_install']
[0.311s] Level 1:colcon.colcon_core.package_identification:_identify(src/fishbot_application_cpp) by extension 'ignore'
[0.311s] Level 1:colcon.colcon_core.package_identification:_identify(src/fishbot_application_cpp) by extension 'ignore_ament_install'
[0.311s] Level 1:colcon.colcon_core.package_identification:_identify(src/fishbot_application_cpp) by extensions ['colcon_pkg']
[0.312s] Level 1:colcon.colcon_core.package_identification:_identify(src/fishbot_application_cpp) by extension 'colcon_pkg'
[0.312s] Level 1:colcon.colcon_core.package_identification:_identify(src/fishbot_application_cpp) by extensions ['colcon_meta']
[0.312s] Level 1:colcon.colcon_core.package_identification:_identify(src/fishbot_application_cpp) by extension 'colcon_meta'
[0.312s] Level 1:colcon.colcon_core.package_identification:_identify(src/fishbot_application_cpp) by extensions ['ros']
[0.312s] Level 1:colcon.colcon_core.package_identification:_identify(src/fishbot_application_cpp) by extension 'ros'
[0.312s] DEBUG:colcon.colcon_core.package_identification:Package 'src/fishbot_application_cpp' with type 'ros.ament_cmake' and name 'fishbot_application_cpp'
[0.312s] Level 1:colcon.colcon_core.package_identification:_identify(src/fishbot_description) by extensions ['ignore', 'ignore_ament_install']
[0.312s] Level 1:colcon.colcon_core.package_identification:_identify(src/fishbot_description) by extension 'ignore'
[0.312s] Level 1:colcon.colcon_core.package_identification:_identify(src/fishbot_description) by extension 'ignore_ament_install'
[0.312s] Level 1:colcon.colcon_core.package_identification:_identify(src/fishbot_description) by extensions ['colcon_pkg']
[0.312s] Level 1:colcon.colcon_core.package_identification:_identify(src/fishbot_description) by extension 'colcon_pkg'
[0.312s] Level 1:colcon.colcon_core.package_identification:_identify(src/fishbot_description) by extensions ['colcon_meta']
[0.312s] Level 1:colcon.colcon_core.package_identification:_identify(src/fishbot_description) by extension 'colcon_meta'
[0.312s] Level 1:colcon.colcon_core.package_identification:_identify(src/fishbot_description) by extensions ['ros']
[0.312s] Level 1:colcon.colcon_core.package_identification:_identify(src/fishbot_description) by extension 'ros'
[0.313s] DEBUG:colcon.colcon_core.package_identification:Package 'src/fishbot_description' with type 'ros.ament_cmake' and name 'fishbot_description'
[0.313s] Level 1:colcon.colcon_core.package_identification:_identify(src/fishbot_navigation2) by extensions ['ignore', 'ignore_ament_install']
[0.313s] Level 1:colcon.colcon_core.package_identification:_identify(src/fishbot_navigation2) by extension 'ignore'
[0.313s] Level 1:colcon.colcon_core.package_identification:_identify(src/fishbot_navigation2) by extension 'ignore_ament_install'
[0.313s] Level 1:colcon.colcon_core.package_identification:_identify(src/fishbot_navigation2) by extensions ['colcon_pkg']
[0.313s] Level 1:colcon.colcon_core.package_identification:_identify(src/fishbot_navigation2) by extension 'colcon_pkg'
[0.313s] Level 1:colcon.colcon_core.package_identification:_identify(src/fishbot_navigation2) by extensions ['colcon_meta']
[0.313s] Level 1:colcon.colcon_core.package_identification:_identify(src/fishbot_navigation2) by extension 'colcon_meta'
[0.313s] Level 1:colcon.colcon_core.package_identification:_identify(src/fishbot_navigation2) by extensions ['ros']
[0.313s] Level 1:colcon.colcon_core.package_identification:_identify(src/fishbot_navigation2) by extension 'ros'
[0.314s] DEBUG:colcon.colcon_core.package_identification:Package 'src/fishbot_navigation2' with type 'ros.ament_cmake' and name 'fishbot_navigation2'
[0.314s] Level 1:colcon.colcon_core.package_identification:_identify(src/navigation2) by extensions ['ignore', 'ignore_ament_install']
[0.314s] Level 1:colcon.colcon_core.package_identification:_identify(src/navigation2) by extension 'ignore'
[0.314s] Level 1:colcon.colcon_core.package_identification:_identify(src/navigation2) by extension 'ignore_ament_install'
[0.314s] Level 1:colcon.colcon_core.package_identification:_identify(src/navigation2) by extensions ['colcon_pkg']
[0.314s] Level 1:colcon.colcon_core.package_identification:_identify(src/navigation2) by extension 'colcon_pkg'
[0.314s] Level 1:colcon.colcon_core.package_identification:_identify(src/navigation2) by extensions ['colcon_meta']
[0.314s] Level 1:colcon.colcon_core.package_identification:_identify(src/navigation2) by extension 'colcon_meta'
[0.314s] Level 1:colcon.colcon_core.package_identification:_identify(src/navigation2) by extensions ['ros']
[0.314s] Level 1:colcon.colcon_core.package_identification:_identify(src/navigation2) by extension 'ros'
[0.314s] Level 1:colcon.colcon_core.package_identification:_identify(src/navigation2) by extensions ['cmake', 'python']
[0.314s] Level 1:colcon.colcon_core.package_identification:_identify(src/navigation2) by extension 'cmake'
[0.314s] Level 1:colcon.colcon_core.package_identification:_identify(src/navigation2) by extension 'python'
[0.314s] Level 1:colcon.colcon_core.package_identification:_identify(src/navigation2) by extensions ['python_setup_py']
[0.314s] Level 1:colcon.colcon_core.package_identification:_identify(src/navigation2) by extension 'python_setup_py'
[0.314s] Level 1:colcon.colcon_core.package_discovery:discover_packages(recursive) using defaults
[0.315s] Level 1:colcon.colcon_core.package_discovery:discover_packages(ignore) discover
[0.315s] Level 1:colcon.colcon_core.package_discovery:discover_packages(ignore) using defaults
[0.315s] Level 1:colcon.colcon_core.package_discovery:discover_packages(path) discover
[0.315s] Level 1:colcon.colcon_core.package_discovery:discover_packages(path) using defaults
[0.328s] Level 1:colcon.colcon_core.package_discovery:discover_packages(prefix_path) check parameters
[0.328s] Level 1:colcon.colcon_core.package_discovery:discover_packages(prefix_path) discover
[0.336s] DEBUG:colcon.colcon_installed_package_information.package_discovery:Found 6 installed packages in /home/guo/fishbot/ros2bookcode/chapt7/chapt7_ws/install
[0.337s] DEBUG:colcon.colcon_installed_package_information.package_discovery:Found 384 installed packages in /opt/ros/humble
[0.338s] Level 1:colcon.colcon_core.package_discovery:discover_packages(prefix_path) using defaults
[0.365s] Level 5:colcon.colcon_core.verb:set package 'autopatrol_interfaces' build argument 'cmake_args' from command line to 'None'
[0.365s] Level 5:colcon.colcon_core.verb:set package 'autopatrol_interfaces' build argument 'cmake_target' from command line to 'None'
[0.365s] Level 5:colcon.colcon_core.verb:set package 'autopatrol_interfaces' build argument 'cmake_target_skip_unavailable' from command line to 'False'
[0.365s] Level 5:colcon.colcon_core.verb:set package 'autopatrol_interfaces' build argument 'cmake_clean_cache' from command line to 'False'
[0.366s] Level 5:colcon.colcon_core.verb:set package 'autopatrol_interfaces' build argument 'cmake_clean_first' from command line to 'False'
[0.366s] Level 5:colcon.colcon_core.verb:set package 'autopatrol_interfaces' build argument 'cmake_force_configure' from command line to 'False'
[0.366s] Level 5:colcon.colcon_core.verb:set package 'autopatrol_interfaces' build argument 'ament_cmake_args' from command line to 'None'
[0.366s] Level 5:colcon.colcon_core.verb:set package 'autopatrol_interfaces' build argument 'catkin_cmake_args' from command line to 'None'
[0.366s] Level 5:colcon.colcon_core.verb:set package 'autopatrol_interfaces' build argument 'catkin_skip_building_tests' from command line to 'False'
[0.366s] DEBUG:colcon.colcon_core.verb:Building package 'autopatrol_interfaces' with the following arguments: {'ament_cmake_args': None, 'build_base': '/home/guo/fishbot/ros2bookcode/chapt7/chapt7_ws/build/autopatrol_interfaces', 'catkin_cmake_args': None, 'catkin_skip_building_tests': False, 'cmake_args': None, 'cmake_clean_cache': False, 'cmake_clean_first': False, 'cmake_force_configure': False, 'cmake_target': None, 'cmake_target_skip_unavailable': False, 'install_base': '/home/guo/fishbot/ros2bookcode/chapt7/chapt7_ws/install/autopatrol_interfaces', 'merge_install': False, 'path': '/home/guo/fishbot/ros2bookcode/chapt7/chapt7_ws/src/autopatrol_interfaces', 'symlink_install': False, 'test_result_base': None}
[0.366s] Level 5:colcon.colcon_core.verb:set package 'autopatrol_robot' build argument 'cmake_args' from command line to 'None'
[0.366s] Level 5:colcon.colcon_core.verb:set package 'autopatrol_robot' build argument 'cmake_target' from command line to 'None'
[0.366s] Level 5:colcon.colcon_core.verb:set package 'autopatrol_robot' build argument 'cmake_target_skip_unavailable' from command line to 'False'
[0.366s] Level 5:colcon.colcon_core.verb:set package 'autopatrol_robot' build argument 'cmake_clean_cache' from command line to 'False'
[0.366s] Level 5:colcon.colcon_core.verb:set package 'autopatrol_robot' build argument 'cmake_clean_first' from command line to 'False'
[0.366s] Level 5:colcon.colcon_core.verb:set package 'autopatrol_robot' build argument 'cmake_force_configure' from command line to 'False'
[0.366s] Level 5:colcon.colcon_core.verb:set package 'autopatrol_robot' build argument 'ament_cmake_args' from command line to 'None'
[0.366s] Level 5:colcon.colcon_core.verb:set package 'autopatrol_robot' build argument 'catkin_cmake_args' from command line to 'None'
[0.366s] Level 5:colcon.colcon_core.verb:set package 'autopatrol_robot' build argument 'catkin_skip_building_tests' from command line to 'False'
[0.366s] DEBUG:colcon.colcon_core.verb:Building package 'autopatrol_robot' with the following arguments: {'ament_cmake_args': None, 'build_base': '/home/guo/fishbot/ros2bookcode/chapt7/chapt7_ws/build/autopatrol_robot', 'catkin_cmake_args': None, 'catkin_skip_building_tests': False, 'cmake_args': None, 'cmake_clean_cache': False, 'cmake_clean_first': False, 'cmake_force_configure': False, 'cmake_target': None, 'cmake_target_skip_unavailable': False, 'install_base': '/home/guo/fishbot/ros2bookcode/chapt7/chapt7_ws/install/autopatrol_robot', 'merge_install': False, 'path': '/home/guo/fishbot/ros2bookcode/chapt7/chapt7_ws/src/autopatrol_robot', 'symlink_install': False, 'test_result_base': None}
[0.366s] Level 5:colcon.colcon_core.verb:set package 'fishbot_application' build argument 'cmake_args' from command line to 'None'
[0.367s] Level 5:colcon.colcon_core.verb:set package 'fishbot_application' build argument 'cmake_target' from command line to 'None'
[0.367s] Level 5:colcon.colcon_core.verb:set package 'fishbot_application' build argument 'cmake_target_skip_unavailable' from command line to 'False'
[0.367s] Level 5:colcon.colcon_core.verb:set package 'fishbot_application' build argument 'cmake_clean_cache' from command line to 'False'
[0.367s] Level 5:colcon.colcon_core.verb:set package 'fishbot_application' build argument 'cmake_clean_first' from command line to 'False'
[0.367s] Level 5:colcon.colcon_core.verb:set package 'fishbot_application' build argument 'cmake_force_configure' from command line to 'False'
[0.367s] Level 5:colcon.colcon_core.verb:set package 'fishbot_application' build argument 'ament_cmake_args' from command line to 'None'
[0.367s] Level 5:colcon.colcon_core.verb:set package 'fishbot_application' build argument 'catkin_cmake_args' from command line to 'None'
[0.367s] Level 5:colcon.colcon_core.verb:set package 'fishbot_application' build argument 'catkin_skip_building_tests' from command line to 'False'
[0.367s] DEBUG:colcon.colcon_core.verb:Building package 'fishbot_application' with the following arguments: {'ament_cmake_args': None, 'build_base': '/home/guo/fishbot/ros2bookcode/chapt7/chapt7_ws/build/fishbot_application', 'catkin_cmake_args': None, 'catkin_skip_building_tests': False, 'cmake_args': None, 'cmake_clean_cache': False, 'cmake_clean_first': False, 'cmake_force_configure': False, 'cmake_target': None, 'cmake_target_skip_unavailable': False, 'install_base': '/home/guo/fishbot/ros2bookcode/chapt7/chapt7_ws/install/fishbot_application', 'merge_install': False, 'path': '/home/guo/fishbot/ros2bookcode/chapt7/chapt7_ws/src/fishbot_application', 'symlink_install': False, 'test_result_base': None}
[0.367s] Level 5:colcon.colcon_core.verb:set package 'fishbot_application_cpp' build argument 'cmake_args' from command line to 'None'
[0.367s] Level 5:colcon.colcon_core.verb:set package 'fishbot_application_cpp' build argument 'cmake_target' from command line to 'None'
[0.367s] Level 5:colcon.colcon_core.verb:set package 'fishbot_application_cpp' build argument 'cmake_target_skip_unavailable' from command line to 'False'
[0.367s] Level 5:colcon.colcon_core.verb:set package 'fishbot_application_cpp' build argument 'cmake_clean_cache' from command line to 'False'
[0.367s] Level 5:colcon.colcon_core.verb:set package 'fishbot_application_cpp' build argument 'cmake_clean_first' from command line to 'False'
[0.367s] Level 5:colcon.colcon_core.verb:set package 'fishbot_application_cpp' build argument 'cmake_force_configure' from command line to 'False'
[0.367s] Level 5:colcon.colcon_core.verb:set package 'fishbot_application_cpp' build argument 'ament_cmake_args' from command line to 'None'
[0.367s] Level 5:colcon.colcon_core.verb:set package 'fishbot_application_cpp' build argument 'catkin_cmake_args' from command line to 'None'
[0.367s] Level 5:colcon.colcon_core.verb:set package 'fishbot_application_cpp' build argument 'catkin_skip_building_tests' from command line to 'False'
[0.367s] DEBUG:colcon.colcon_core.verb:Building package 'fishbot_application_cpp' with the following arguments: {'ament_cmake_args': None, 'build_base': '/home/guo/fishbot/ros2bookcode/chapt7/chapt7_ws/build/fishbot_application_cpp', 'catkin_cmake_args': None, 'catkin_skip_building_tests': False, 'cmake_args': None, 'cmake_clean_cache': False, 'cmake_clean_first': False, 'cmake_force_configure': False, 'cmake_target': None, 'cmake_target_skip_unavailable': False, 'install_base': '/home/guo/fishbot/ros2bookcode/chapt7/chapt7_ws/install/fishbot_application_cpp', 'merge_install': False, 'path': '/home/guo/fishbot/ros2bookcode/chapt7/chapt7_ws/src/fishbot_application_cpp', 'symlink_install': False, 'test_result_base': None}
[0.367s] Level 5:colcon.colcon_core.verb:set package 'fishbot_description' build argument 'cmake_args' from command line to 'None'
[0.367s] Level 5:colcon.colcon_core.verb:set package 'fishbot_description' build argument 'cmake_target' from command line to 'None'
[0.367s] Level 5:colcon.colcon_core.verb:set package 'fishbot_description' build argument 'cmake_target_skip_unavailable' from command line to 'False'
[0.367s] Level 5:colcon.colcon_core.verb:set package 'fishbot_description' build argument 'cmake_clean_cache' from command line to 'False'
[0.367s] Level 5:colcon.colcon_core.verb:set package 'fishbot_description' build argument 'cmake_clean_first' from command line to 'False'
[0.368s] Level 5:colcon.colcon_core.verb:set package 'fishbot_description' build argument 'cmake_force_configure' from command line to 'False'
[0.368s] Level 5:colcon.colcon_core.verb:set package 'fishbot_description' build argument 'ament_cmake_args' from command line to 'None'
[0.368s] Level 5:colcon.colcon_core.verb:set package 'fishbot_description' build argument 'catkin_cmake_args' from command line to 'None'
[0.368s] Level 5:colcon.colcon_core.verb:set package 'fishbot_description' build argument 'catkin_skip_building_tests' from command line to 'False'
[0.368s] DEBUG:colcon.colcon_core.verb:Building package 'fishbot_description' with the following arguments: {'ament_cmake_args': None, 'build_base': '/home/guo/fishbot/ros2bookcode/chapt7/chapt7_ws/build/fishbot_description', 'catkin_cmake_args': None, 'catkin_skip_building_tests': False, 'cmake_args': None, 'cmake_clean_cache': False, 'cmake_clean_first': False, 'cmake_force_configure': False, 'cmake_target': None, 'cmake_target_skip_unavailable': False, 'install_base': '/home/guo/fishbot/ros2bookcode/chapt7/chapt7_ws/install/fishbot_description', 'merge_install': False, 'path': '/home/guo/fishbot/ros2bookcode/chapt7/chapt7_ws/src/fishbot_description', 'symlink_install': False, 'test_result_base': None}
[0.368s] Level 5:colcon.colcon_core.verb:set package 'fishbot_navigation2' build argument 'cmake_args' from command line to 'None'
[0.368s] Level 5:colcon.colcon_core.verb:set package 'fishbot_navigation2' build argument 'cmake_target' from command line to 'None'
[0.368s] Level 5:colcon.colcon_core.verb:set package 'fishbot_navigation2' build argument 'cmake_target_skip_unavailable' from command line to 'False'
[0.368s] Level 5:colcon.colcon_core.verb:set package 'fishbot_navigation2' build argument 'cmake_clean_cache' from command line to 'False'
[0.368s] Level 5:colcon.colcon_core.verb:set package 'fishbot_navigation2' build argument 'cmake_clean_first' from command line to 'False'
[0.368s] Level 5:colcon.colcon_core.verb:set package 'fishbot_navigation2' build argument 'cmake_force_configure' from command line to 'False'
[0.368s] Level 5:colcon.colcon_core.verb:set package 'fishbot_navigation2' build argument 'ament_cmake_args' from command line to 'None'
[0.368s] Level 5:colcon.colcon_core.verb:set package 'fishbot_navigation2' build argument 'catkin_cmake_args' from command line to 'None'
[0.368s] Level 5:colcon.colcon_core.verb:set package 'fishbot_navigation2' build argument 'catkin_skip_building_tests' from command line to 'False'
[0.368s] DEBUG:colcon.colcon_core.verb:Building package 'fishbot_navigation2' with the following arguments: {'ament_cmake_args': None, 'build_base': '/home/guo/fishbot/ros2bookcode/chapt7/chapt7_ws/build/fishbot_navigation2', 'catkin_cmake_args': None, 'catkin_skip_building_tests': False, 'cmake_args': None, 'cmake_clean_cache': False, 'cmake_clean_first': False, 'cmake_force_configure': False, 'cmake_target': None, 'cmake_target_skip_unavailable': False, 'install_base': '/home/guo/fishbot/ros2bookcode/chapt7/chapt7_ws/install/fishbot_navigation2', 'merge_install': False, 'path': '/home/guo/fishbot/ros2bookcode/chapt7/chapt7_ws/src/fishbot_navigation2', 'symlink_install': False, 'test_result_base': None}
[0.368s] INFO:colcon.colcon_core.executor:Executing jobs using 'parallel' executor
[0.369s] DEBUG:colcon.colcon_parallel_executor.executor.parallel:run_until_complete
[0.369s] INFO:colcon.colcon_ros.task.ament_cmake.build:Building ROS package in '/home/guo/fishbot/ros2bookcode/chapt7/chapt7_ws/src/autopatrol_interfaces' with build type 'ament_cmake'
[0.369s] INFO:colcon.colcon_cmake.task.cmake.build:Building CMake package in '/home/guo/fishbot/ros2bookcode/chapt7/chapt7_ws/src/autopatrol_interfaces'
[0.371s] INFO:colcon.colcon_core.plugin_system:Skipping extension 'colcon_core.shell.bat': Not used on non-Windows systems
[0.371s] INFO:colcon.colcon_core.shell:Skip shell extension 'powershell' for command environment: Not usable outside of PowerShell
[0.371s] DEBUG:colcon.colcon_core.shell:Skip shell extension 'dsv' for command environment
[0.374s] INFO:colcon.colcon_ros.task.ament_python.build:Building ROS package in '/home/guo/fishbot/ros2bookcode/chapt7/chapt7_ws/src/autopatrol_robot' with build type 'ament_python'
[0.374s] Level 1:colcon.colcon_core.shell:create_environment_hook('autopatrol_robot', 'ament_prefix_path')
[0.374s] INFO:colcon.colcon_core.shell:Creating environment hook '/home/guo/fishbot/ros2bookcode/chapt7/chapt7_ws/install/autopatrol_robot/share/autopatrol_robot/hook/ament_prefix_path.ps1'
[0.375s] INFO:colcon.colcon_core.shell:Creating environment descriptor '/home/guo/fishbot/ros2bookcode/chapt7/chapt7_ws/install/autopatrol_robot/share/autopatrol_robot/hook/ament_prefix_path.dsv'
[0.375s] INFO:colcon.colcon_core.shell:Creating environment hook '/home/guo/fishbot/ros2bookcode/chapt7/chapt7_ws/install/autopatrol_robot/share/autopatrol_robot/hook/ament_prefix_path.sh'
[0.376s] INFO:colcon.colcon_core.shell:Skip shell extension 'powershell' for command environment: Not usable outside of PowerShell
[0.376s] DEBUG:colcon.colcon_core.shell:Skip shell extension 'dsv' for command environment
[0.379s] INFO:colcon.colcon_ros.task.ament_python.build:Building ROS package in '/home/guo/fishbot/ros2bookcode/chapt7/chapt7_ws/src/fishbot_application' with build type 'ament_python'
[0.379s] Level 1:colcon.colcon_core.shell:create_environment_hook('fishbot_application', 'ament_prefix_path')
[0.380s] INFO:colcon.colcon_core.shell:Creating environment hook '/home/guo/fishbot/ros2bookcode/chapt7/chapt7_ws/install/fishbot_application/share/fishbot_application/hook/ament_prefix_path.ps1'
[0.380s] INFO:colcon.colcon_core.shell:Creating environment descriptor '/home/guo/fishbot/ros2bookcode/chapt7/chapt7_ws/install/fishbot_application/share/fishbot_application/hook/ament_prefix_path.dsv'
[0.380s] INFO:colcon.colcon_core.shell:Creating environment hook '/home/guo/fishbot/ros2bookcode/chapt7/chapt7_ws/install/fishbot_application/share/fishbot_application/hook/ament_prefix_path.sh'
[0.381s] INFO:colcon.colcon_core.shell:Skip shell extension 'powershell' for command environment: Not usable outside of PowerShell
[0.381s] DEBUG:colcon.colcon_core.shell:Skip shell extension 'dsv' for command environment
[0.383s] INFO:colcon.colcon_ros.task.ament_cmake.build:Building ROS package in '/home/guo/fishbot/ros2bookcode/chapt7/chapt7_ws/src/fishbot_application_cpp' with build type 'ament_cmake'
[0.383s] INFO:colcon.colcon_cmake.task.cmake.build:Building CMake package in '/home/guo/fishbot/ros2bookcode/chapt7/chapt7_ws/src/fishbot_application_cpp'
[0.383s] INFO:colcon.colcon_core.shell:Skip shell extension 'powershell' for command environment: Not usable outside of PowerShell
[0.384s] DEBUG:colcon.colcon_core.shell:Skip shell extension 'dsv' for command environment
[0.387s] INFO:colcon.colcon_ros.task.ament_cmake.build:Building ROS package in '/home/guo/fishbot/ros2bookcode/chapt7/chapt7_ws/src/fishbot_description' with build type 'ament_cmake'
[0.387s] INFO:colcon.colcon_cmake.task.cmake.build:Building CMake package in '/home/guo/fishbot/ros2bookcode/chapt7/chapt7_ws/src/fishbot_description'
[0.387s] INFO:colcon.colcon_core.shell:Skip shell extension 'powershell' for command environment: Not usable outside of PowerShell
[0.387s] DEBUG:colcon.colcon_core.shell:Skip shell extension 'dsv' for command environment
[0.390s] INFO:colcon.colcon_ros.task.ament_cmake.build:Building ROS package in '/home/guo/fishbot/ros2bookcode/chapt7/chapt7_ws/src/fishbot_navigation2' with build type 'ament_cmake'
[0.390s] INFO:colcon.colcon_cmake.task.cmake.build:Building CMake package in '/home/guo/fishbot/ros2bookcode/chapt7/chapt7_ws/src/fishbot_navigation2'
[0.391s] INFO:colcon.colcon_core.shell:Skip shell extension 'powershell' for command environment: Not usable outside of PowerShell
[0.391s] DEBUG:colcon.colcon_core.shell:Skip shell extension 'dsv' for command environment
[0.401s] DEBUG:colcon.colcon_core.event_handler.log_command:Invoking command in '/home/guo/fishbot/ros2bookcode/chapt7/chapt7_ws/build/autopatrol_interfaces': CMAKE_PREFIX_PATH=${CMAKE_PREFIX_PATH}:/home/guo/fishbot/ros2bookcode/chapt7/chapt7_ws/install/fishbot_application:/home/guo/fishbot/ros2bookcode/chapt7/chapt7_ws/install/autopatrol_robot:/opt/ros/humble /usr/bin/cmake --build /home/guo/fishbot/ros2bookcode/chapt7/chapt7_ws/build/autopatrol_interfaces -- -j20 -l20
[0.569s] INFO:colcon.colcon_core.task.python.build:Building Python package in '/home/guo/fishbot/ros2bookcode/chapt7/chapt7_ws/src/autopatrol_robot'
[0.569s] INFO:colcon.colcon_core.shell:Skip shell extension 'powershell' for command environment: Not usable outside of PowerShell
[0.569s] DEBUG:colcon.colcon_core.shell:Skip shell extension 'dsv' for command environment
[0.721s] INFO:colcon.colcon_core.task.python.build:Building Python package in '/home/guo/fishbot/ros2bookcode/chapt7/chapt7_ws/src/fishbot_application'
[0.721s] INFO:colcon.colcon_core.shell:Skip shell extension 'powershell' for command environment: Not usable outside of PowerShell
[0.721s] DEBUG:colcon.colcon_core.shell:Skip shell extension 'dsv' for command environment
[0.726s] DEBUG:colcon.colcon_core.event_handler.log_command:Invoking command in '/home/guo/fishbot/ros2bookcode/chapt7/chapt7_ws/build/fishbot_application_cpp': CMAKE_PREFIX_PATH=${CMAKE_PREFIX_PATH}:/home/guo/fishbot/ros2bookcode/chapt7/chapt7_ws/install/fishbot_application:/home/guo/fishbot/ros2bookcode/chapt7/chapt7_ws/install/autopatrol_robot:/opt/ros/humble /usr/bin/cmake --build /home/guo/fishbot/ros2bookcode/chapt7/chapt7_ws/build/fishbot_application_cpp -- -j20 -l20
[0.732s] DEBUG:colcon.colcon_core.event_handler.log_command:Invoking command in '/home/guo/fishbot/ros2bookcode/chapt7/chapt7_ws/build/fishbot_description': CMAKE_PREFIX_PATH=${CMAKE_PREFIX_PATH}:/home/guo/fishbot/ros2bookcode/chapt7/chapt7_ws/install/fishbot_application:/home/guo/fishbot/ros2bookcode/chapt7/chapt7_ws/install/autopatrol_robot:/opt/ros/humble /usr/bin/cmake --build /home/guo/fishbot/ros2bookcode/chapt7/chapt7_ws/build/fishbot_description -- -j20 -l20
[0.736s] DEBUG:colcon.colcon_core.event_handler.log_command:Invoking command in '/home/guo/fishbot/ros2bookcode/chapt7/chapt7_ws/build/fishbot_navigation2': CMAKE_PREFIX_PATH=${CMAKE_PREFIX_PATH}:/home/guo/fishbot/ros2bookcode/chapt7/chapt7_ws/install/fishbot_application:/home/guo/fishbot/ros2bookcode/chapt7/chapt7_ws/install/autopatrol_robot:/opt/ros/humble /usr/bin/cmake --build /home/guo/fishbot/ros2bookcode/chapt7/chapt7_ws/build/fishbot_navigation2 -- -j20 -l20
[0.736s] DEBUG:colcon.colcon_core.event_handler.log_command:Invoked command in '/home/guo/fishbot/ros2bookcode/chapt7/chapt7_ws/build/autopatrol_interfaces' returned '0': CMAKE_PREFIX_PATH=${CMAKE_PREFIX_PATH}:/home/guo/fishbot/ros2bookcode/chapt7/chapt7_ws/install/fishbot_application:/home/guo/fishbot/ros2bookcode/chapt7/chapt7_ws/install/autopatrol_robot:/opt/ros/humble /usr/bin/cmake --build /home/guo/fishbot/ros2bookcode/chapt7/chapt7_ws/build/autopatrol_interfaces -- -j20 -l20
[0.746s] DEBUG:colcon.colcon_core.event_handler.log_command:Invoking command in '/home/guo/fishbot/ros2bookcode/chapt7/chapt7_ws/build/autopatrol_interfaces': CMAKE_PREFIX_PATH=${CMAKE_PREFIX_PATH}:/home/guo/fishbot/ros2bookcode/chapt7/chapt7_ws/install/fishbot_application:/home/guo/fishbot/ros2bookcode/chapt7/chapt7_ws/install/autopatrol_robot:/opt/ros/humble /usr/bin/cmake --install /home/guo/fishbot/ros2bookcode/chapt7/chapt7_ws/build/autopatrol_interfaces
[0.768s] DEBUG:colcon.colcon_core.event_handler.log_command:Invoked command in '/home/guo/fishbot/ros2bookcode/chapt7/chapt7_ws/build/fishbot_description' returned '0': CMAKE_PREFIX_PATH=${CMAKE_PREFIX_PATH}:/home/guo/fishbot/ros2bookcode/chapt7/chapt7_ws/install/fishbot_application:/home/guo/fishbot/ros2bookcode/chapt7/chapt7_ws/install/autopatrol_robot:/opt/ros/humble /usr/bin/cmake --build /home/guo/fishbot/ros2bookcode/chapt7/chapt7_ws/build/fishbot_description -- -j20 -l20
[0.773s] Level 1:colcon.colcon_core.environment:create_environment_scripts_only(fishbot_description)
[0.777s] DEBUG:colcon.colcon_core.event_handler.log_command:Invoking command in '/home/guo/fishbot/ros2bookcode/chapt7/chapt7_ws/build/fishbot_description': CMAKE_PREFIX_PATH=${CMAKE_PREFIX_PATH}:/home/guo/fishbot/ros2bookcode/chapt7/chapt7_ws/install/fishbot_application:/home/guo/fishbot/ros2bookcode/chapt7/chapt7_ws/install/autopatrol_robot:/opt/ros/humble /usr/bin/cmake --install /home/guo/fishbot/ros2bookcode/chapt7/chapt7_ws/build/fishbot_description
[0.777s] DEBUG:colcon.colcon_core.event_handler.log_command:Invoked command in '/home/guo/fishbot/ros2bookcode/chapt7/chapt7_ws/build/fishbot_navigation2' returned '0': CMAKE_PREFIX_PATH=${CMAKE_PREFIX_PATH}:/home/guo/fishbot/ros2bookcode/chapt7/chapt7_ws/install/fishbot_application:/home/guo/fishbot/ros2bookcode/chapt7/chapt7_ws/install/autopatrol_robot:/opt/ros/humble /usr/bin/cmake --build /home/guo/fishbot/ros2bookcode/chapt7/chapt7_ws/build/fishbot_navigation2 -- -j20 -l20
[0.778s] DEBUG:colcon.colcon_core.event_handler.log_command:Invoking command in '/home/guo/fishbot/ros2bookcode/chapt7/chapt7_ws/build/fishbot_navigation2': CMAKE_PREFIX_PATH=${CMAKE_PREFIX_PATH}:/home/guo/fishbot/ros2bookcode/chapt7/chapt7_ws/install/fishbot_application:/home/guo/fishbot/ros2bookcode/chapt7/chapt7_ws/install/autopatrol_robot:/opt/ros/humble /usr/bin/cmake --install /home/guo/fishbot/ros2bookcode/chapt7/chapt7_ws/build/fishbot_navigation2
[0.783s] Level 1:colcon.colcon_core.environment:checking '/home/guo/fishbot/ros2bookcode/chapt7/chapt7_ws/install/fishbot_description' for CMake module files
[0.784s] Level 1:colcon.colcon_core.environment:checking '/home/guo/fishbot/ros2bookcode/chapt7/chapt7_ws/install/fishbot_description' for CMake config files
[0.785s] Level 1:colcon.colcon_core.shell:create_environment_hook('fishbot_description', 'cmake_prefix_path')
[0.786s] INFO:colcon.colcon_core.shell:Creating environment hook '/home/guo/fishbot/ros2bookcode/chapt7/chapt7_ws/install/fishbot_description/share/fishbot_description/hook/cmake_prefix_path.ps1'
[0.788s] INFO:colcon.colcon_core.shell:Creating environment descriptor '/home/guo/fishbot/ros2bookcode/chapt7/chapt7_ws/install/fishbot_description/share/fishbot_description/hook/cmake_prefix_path.dsv'
[0.789s] INFO:colcon.colcon_core.shell:Creating environment hook '/home/guo/fishbot/ros2bookcode/chapt7/chapt7_ws/install/fishbot_description/share/fishbot_description/hook/cmake_prefix_path.sh'
[0.793s] Level 1:colcon.colcon_core.environment:checking '/home/guo/fishbot/ros2bookcode/chapt7/chapt7_ws/install/fishbot_description/bin'
[0.793s] Level 1:colcon.colcon_core.environment:checking '/home/guo/fishbot/ros2bookcode/chapt7/chapt7_ws/install/fishbot_description/lib/pkgconfig/fishbot_description.pc'
[0.794s] Level 1:colcon.colcon_core.environment:checking '/home/guo/fishbot/ros2bookcode/chapt7/chapt7_ws/install/fishbot_description/lib/python3.10/site-packages'
[0.794s] Level 1:colcon.colcon_core.environment:checking '/home/guo/fishbot/ros2bookcode/chapt7/chapt7_ws/install/fishbot_description/bin'
[0.794s] INFO:colcon.colcon_core.shell:Creating package script '/home/guo/fishbot/ros2bookcode/chapt7/chapt7_ws/install/fishbot_description/share/fishbot_description/package.ps1'
[0.796s] DEBUG:colcon.colcon_core.event_handler.log_command:Invoked command in '/home/guo/fishbot/ros2bookcode/chapt7/chapt7_ws/build/fishbot_description' returned '0': CMAKE_PREFIX_PATH=${CMAKE_PREFIX_PATH}:/home/guo/fishbot/ros2bookcode/chapt7/chapt7_ws/install/fishbot_application:/home/guo/fishbot/ros2bookcode/chapt7/chapt7_ws/install/autopatrol_robot:/opt/ros/humble /usr/bin/cmake --install /home/guo/fishbot/ros2bookcode/chapt7/chapt7_ws/build/fishbot_description
[0.797s] INFO:colcon.colcon_core.shell:Creating package descriptor '/home/guo/fishbot/ros2bookcode/chapt7/chapt7_ws/install/fishbot_description/share/fishbot_description/package.dsv'
[0.798s] INFO:colcon.colcon_core.shell:Creating package script '/home/guo/fishbot/ros2bookcode/chapt7/chapt7_ws/install/fishbot_description/share/fishbot_description/package.sh'
[0.799s] INFO:colcon.colcon_core.shell:Creating package script '/home/guo/fishbot/ros2bookcode/chapt7/chapt7_ws/install/fishbot_description/share/fishbot_description/package.bash'
[0.800s] INFO:colcon.colcon_core.shell:Creating package script '/home/guo/fishbot/ros2bookcode/chapt7/chapt7_ws/install/fishbot_description/share/fishbot_description/package.zsh'
[0.803s] Level 1:colcon.colcon_core.environment:create_file_with_runtime_dependencies(/home/guo/fishbot/ros2bookcode/chapt7/chapt7_ws/install/fishbot_description/share/colcon-core/packages/fishbot_description)
[0.804s] Level 1:colcon.colcon_core.environment:create_environment_scripts_only(fishbot_description)
[0.804s] Level 1:colcon.colcon_core.environment:checking '/home/guo/fishbot/ros2bookcode/chapt7/chapt7_ws/install/fishbot_description' for CMake module files
[0.805s] Level 1:colcon.colcon_core.environment:checking '/home/guo/fishbot/ros2bookcode/chapt7/chapt7_ws/install/fishbot_description' for CMake config files
[0.807s] Level 1:colcon.colcon_core.shell:create_environment_hook('fishbot_description', 'cmake_prefix_path')
[0.807s] INFO:colcon.colcon_core.shell:Creating environment hook '/home/guo/fishbot/ros2bookcode/chapt7/chapt7_ws/install/fishbot_description/share/fishbot_description/hook/cmake_prefix_path.ps1'
[0.808s] INFO:colcon.colcon_core.shell:Creating environment descriptor '/home/guo/fishbot/ros2bookcode/chapt7/chapt7_ws/install/fishbot_description/share/fishbot_description/hook/cmake_prefix_path.dsv'
[0.810s] INFO:colcon.colcon_core.shell:Creating environment hook '/home/guo/fishbot/ros2bookcode/chapt7/chapt7_ws/install/fishbot_description/share/fishbot_description/hook/cmake_prefix_path.sh'
[0.811s] Level 1:colcon.colcon_core.environment:checking '/home/guo/fishbot/ros2bookcode/chapt7/chapt7_ws/install/fishbot_description/bin'
[0.811s] Level 1:colcon.colcon_core.environment:checking '/home/guo/fishbot/ros2bookcode/chapt7/chapt7_ws/install/fishbot_description/lib/pkgconfig/fishbot_description.pc'
[0.811s] Level 1:colcon.colcon_core.environment:checking '/home/guo/fishbot/ros2bookcode/chapt7/chapt7_ws/install/fishbot_description/lib/python3.10/site-packages'
[0.812s] Level 1:colcon.colcon_core.environment:checking '/home/guo/fishbot/ros2bookcode/chapt7/chapt7_ws/install/fishbot_description/bin'
[0.812s] INFO:colcon.colcon_core.shell:Creating package script '/home/guo/fishbot/ros2bookcode/chapt7/chapt7_ws/install/fishbot_description/share/fishbot_description/package.ps1'
[0.812s] INFO:colcon.colcon_core.shell:Creating package descriptor '/home/guo/fishbot/ros2bookcode/chapt7/chapt7_ws/install/fishbot_description/share/fishbot_description/package.dsv'
[0.813s] INFO:colcon.colcon_core.shell:Creating package script '/home/guo/fishbot/ros2bookcode/chapt7/chapt7_ws/install/fishbot_description/share/fishbot_description/package.sh'
[0.813s] INFO:colcon.colcon_core.shell:Creating package script '/home/guo/fishbot/ros2bookcode/chapt7/chapt7_ws/install/fishbot_description/share/fishbot_description/package.bash'
[0.813s] INFO:colcon.colcon_core.shell:Creating package script '/home/guo/fishbot/ros2bookcode/chapt7/chapt7_ws/install/fishbot_description/share/fishbot_description/package.zsh'
[0.813s] Level 1:colcon.colcon_core.environment:create_file_with_runtime_dependencies(/home/guo/fishbot/ros2bookcode/chapt7/chapt7_ws/install/fishbot_description/share/colcon-core/packages/fishbot_description)
[0.816s] DEBUG:colcon.colcon_core.event_handler.log_command:Invoked command in '/home/guo/fishbot/ros2bookcode/chapt7/chapt7_ws/build/fishbot_application_cpp' returned '0': CMAKE_PREFIX_PATH=${CMAKE_PREFIX_PATH}:/home/guo/fishbot/ros2bookcode/chapt7/chapt7_ws/install/fishbot_application:/home/guo/fishbot/ros2bookcode/chapt7/chapt7_ws/install/autopatrol_robot:/opt/ros/humble /usr/bin/cmake --build /home/guo/fishbot/ros2bookcode/chapt7/chapt7_ws/build/fishbot_application_cpp -- -j20 -l20
[0.817s] DEBUG:colcon.colcon_core.event_handler.log_command:Invoking command in '/home/guo/fishbot/ros2bookcode/chapt7/chapt7_ws/build/fishbot_application_cpp': CMAKE_PREFIX_PATH=${CMAKE_PREFIX_PATH}:/home/guo/fishbot/ros2bookcode/chapt7/chapt7_ws/install/fishbot_application:/home/guo/fishbot/ros2bookcode/chapt7/chapt7_ws/install/autopatrol_robot:/opt/ros/humble /usr/bin/cmake --install /home/guo/fishbot/ros2bookcode/chapt7/chapt7_ws/build/fishbot_application_cpp
[0.817s] Level 1:colcon.colcon_core.environment:create_environment_scripts_only(fishbot_navigation2)
[0.818s] Level 1:colcon.colcon_core.environment:checking '/home/guo/fishbot/ros2bookcode/chapt7/chapt7_ws/install/fishbot_navigation2' for CMake module files
[0.818s] DEBUG:colcon.colcon_core.event_handler.log_command:Invoked command in '/home/guo/fishbot/ros2bookcode/chapt7/chapt7_ws/build/fishbot_navigation2' returned '0': CMAKE_PREFIX_PATH=${CMAKE_PREFIX_PATH}:/home/guo/fishbot/ros2bookcode/chapt7/chapt7_ws/install/fishbot_application:/home/guo/fishbot/ros2bookcode/chapt7/chapt7_ws/install/autopatrol_robot:/opt/ros/humble /usr/bin/cmake --install /home/guo/fishbot/ros2bookcode/chapt7/chapt7_ws/build/fishbot_navigation2
[0.819s] Level 1:colcon.colcon_core.environment:checking '/home/guo/fishbot/ros2bookcode/chapt7/chapt7_ws/install/fishbot_navigation2' for CMake config files
[0.819s] Level 1:colcon.colcon_core.shell:create_environment_hook('fishbot_navigation2', 'cmake_prefix_path')
[0.820s] INFO:colcon.colcon_core.shell:Creating environment hook '/home/guo/fishbot/ros2bookcode/chapt7/chapt7_ws/install/fishbot_navigation2/share/fishbot_navigation2/hook/cmake_prefix_path.ps1'
[0.820s] INFO:colcon.colcon_core.shell:Creating environment descriptor '/home/guo/fishbot/ros2bookcode/chapt7/chapt7_ws/install/fishbot_navigation2/share/fishbot_navigation2/hook/cmake_prefix_path.dsv'
[0.820s] INFO:colcon.colcon_core.shell:Creating environment hook '/home/guo/fishbot/ros2bookcode/chapt7/chapt7_ws/install/fishbot_navigation2/share/fishbot_navigation2/hook/cmake_prefix_path.sh'
[0.821s] Level 1:colcon.colcon_core.environment:checking '/home/guo/fishbot/ros2bookcode/chapt7/chapt7_ws/install/fishbot_navigation2/bin'
[0.821s] Level 1:colcon.colcon_core.environment:checking '/home/guo/fishbot/ros2bookcode/chapt7/chapt7_ws/install/fishbot_navigation2/lib/pkgconfig/fishbot_navigation2.pc'
[0.821s] Level 1:colcon.colcon_core.environment:checking '/home/guo/fishbot/ros2bookcode/chapt7/chapt7_ws/install/fishbot_navigation2/lib/python3.10/site-packages'
[0.822s] Level 1:colcon.colcon_core.environment:checking '/home/guo/fishbot/ros2bookcode/chapt7/chapt7_ws/install/fishbot_navigation2/bin'
[0.822s] INFO:colcon.colcon_core.shell:Creating package script '/home/guo/fishbot/ros2bookcode/chapt7/chapt7_ws/install/fishbot_navigation2/share/fishbot_navigation2/package.ps1'
[0.823s] INFO:colcon.colcon_core.shell:Creating package descriptor '/home/guo/fishbot/ros2bookcode/chapt7/chapt7_ws/install/fishbot_navigation2/share/fishbot_navigation2/package.dsv'
[0.824s] INFO:colcon.colcon_core.shell:Creating package script '/home/guo/fishbot/ros2bookcode/chapt7/chapt7_ws/install/fishbot_navigation2/share/fishbot_navigation2/package.sh'
[0.826s] INFO:colcon.colcon_core.shell:Creating package script '/home/guo/fishbot/ros2bookcode/chapt7/chapt7_ws/install/fishbot_navigation2/share/fishbot_navigation2/package.bash'
[0.826s] INFO:colcon.colcon_core.shell:Creating package script '/home/guo/fishbot/ros2bookcode/chapt7/chapt7_ws/install/fishbot_navigation2/share/fishbot_navigation2/package.zsh'
[0.827s] Level 1:colcon.colcon_core.environment:create_file_with_runtime_dependencies(/home/guo/fishbot/ros2bookcode/chapt7/chapt7_ws/install/fishbot_navigation2/share/colcon-core/packages/fishbot_navigation2)
[0.827s] Level 1:colcon.colcon_core.environment:create_environment_scripts_only(fishbot_navigation2)
[0.827s] Level 1:colcon.colcon_core.environment:checking '/home/guo/fishbot/ros2bookcode/chapt7/chapt7_ws/install/fishbot_navigation2' for CMake module files
[0.828s] Level 1:colcon.colcon_core.environment:checking '/home/guo/fishbot/ros2bookcode/chapt7/chapt7_ws/install/fishbot_navigation2' for CMake config files
[0.828s] Level 1:colcon.colcon_core.shell:create_environment_hook('fishbot_navigation2', 'cmake_prefix_path')
[0.828s] INFO:colcon.colcon_core.shell:Creating environment hook '/home/guo/fishbot/ros2bookcode/chapt7/chapt7_ws/install/fishbot_navigation2/share/fishbot_navigation2/hook/cmake_prefix_path.ps1'
[0.828s] INFO:colcon.colcon_core.shell:Creating environment descriptor '/home/guo/fishbot/ros2bookcode/chapt7/chapt7_ws/install/fishbot_navigation2/share/fishbot_navigation2/hook/cmake_prefix_path.dsv'
[0.829s] INFO:colcon.colcon_core.shell:Creating environment hook '/home/guo/fishbot/ros2bookcode/chapt7/chapt7_ws/install/fishbot_navigation2/share/fishbot_navigation2/hook/cmake_prefix_path.sh'
[0.829s] Level 1:colcon.colcon_core.environment:checking '/home/guo/fishbot/ros2bookcode/chapt7/chapt7_ws/install/fishbot_navigation2/bin'
[0.829s] Level 1:colcon.colcon_core.environment:checking '/home/guo/fishbot/ros2bookcode/chapt7/chapt7_ws/install/fishbot_navigation2/lib/pkgconfig/fishbot_navigation2.pc'
[0.830s] Level 1:colcon.colcon_core.environment:checking '/home/guo/fishbot/ros2bookcode/chapt7/chapt7_ws/install/fishbot_navigation2/lib/python3.10/site-packages'
[0.830s] Level 1:colcon.colcon_core.environment:checking '/home/guo/fishbot/ros2bookcode/chapt7/chapt7_ws/install/fishbot_navigation2/bin'
[0.830s] INFO:colcon.colcon_core.shell:Creating package script '/home/guo/fishbot/ros2bookcode/chapt7/chapt7_ws/install/fishbot_navigation2/share/fishbot_navigation2/package.ps1'
[0.831s] INFO:colcon.colcon_core.shell:Creating package descriptor '/home/guo/fishbot/ros2bookcode/chapt7/chapt7_ws/install/fishbot_navigation2/share/fishbot_navigation2/package.dsv'
[0.832s] INFO:colcon.colcon_core.shell:Creating package script '/home/guo/fishbot/ros2bookcode/chapt7/chapt7_ws/install/fishbot_navigation2/share/fishbot_navigation2/package.sh'
[0.832s] INFO:colcon.colcon_core.shell:Creating package script '/home/guo/fishbot/ros2bookcode/chapt7/chapt7_ws/install/fishbot_navigation2/share/fishbot_navigation2/package.bash'
[0.833s] INFO:colcon.colcon_core.shell:Creating package script '/home/guo/fishbot/ros2bookcode/chapt7/chapt7_ws/install/fishbot_navigation2/share/fishbot_navigation2/package.zsh'
[0.833s] Level 1:colcon.colcon_core.environment:create_file_with_runtime_dependencies(/home/guo/fishbot/ros2bookcode/chapt7/chapt7_ws/install/fishbot_navigation2/share/colcon-core/packages/fishbot_navigation2)
[0.834s] Level 1:colcon.colcon_core.environment:create_environment_scripts_only(autopatrol_interfaces)
[0.834s] Level 1:colcon.colcon_core.environment:checking '/home/guo/fishbot/ros2bookcode/chapt7/chapt7_ws/install/autopatrol_interfaces' for CMake module files
[0.837s] Level 1:colcon.colcon_core.environment:checking '/home/guo/fishbot/ros2bookcode/chapt7/chapt7_ws/install/autopatrol_interfaces' for CMake config files
[0.837s] DEBUG:colcon.colcon_core.event_handler.log_command:Invoked command in '/home/guo/fishbot/ros2bookcode/chapt7/chapt7_ws/build/autopatrol_interfaces' returned '0': CMAKE_PREFIX_PATH=${CMAKE_PREFIX_PATH}:/home/guo/fishbot/ros2bookcode/chapt7/chapt7_ws/install/fishbot_application:/home/guo/fishbot/ros2bookcode/chapt7/chapt7_ws/install/autopatrol_robot:/opt/ros/humble /usr/bin/cmake --install /home/guo/fishbot/ros2bookcode/chapt7/chapt7_ws/build/autopatrol_interfaces
[0.838s] Level 1:colcon.colcon_core.shell:create_environment_hook('autopatrol_interfaces', 'cmake_prefix_path')
[0.839s] INFO:colcon.colcon_core.shell:Creating environment hook '/home/guo/fishbot/ros2bookcode/chapt7/chapt7_ws/install/autopatrol_interfaces/share/autopatrol_interfaces/hook/cmake_prefix_path.ps1'
[0.840s] INFO:colcon.colcon_core.shell:Creating environment descriptor '/home/guo/fishbot/ros2bookcode/chapt7/chapt7_ws/install/autopatrol_interfaces/share/autopatrol_interfaces/hook/cmake_prefix_path.dsv'
[0.840s] INFO:colcon.colcon_core.shell:Creating environment hook '/home/guo/fishbot/ros2bookcode/chapt7/chapt7_ws/install/autopatrol_interfaces/share/autopatrol_interfaces/hook/cmake_prefix_path.sh'
[0.841s] Level 1:colcon.colcon_core.environment:checking '/home/guo/fishbot/ros2bookcode/chapt7/chapt7_ws/install/autopatrol_interfaces/lib'
[0.841s] Level 1:colcon.colcon_core.shell:create_environment_hook('autopatrol_interfaces', 'ld_library_path_lib')
[0.842s] INFO:colcon.colcon_core.shell:Creating environment hook '/home/guo/fishbot/ros2bookcode/chapt7/chapt7_ws/install/autopatrol_interfaces/share/autopatrol_interfaces/hook/ld_library_path_lib.ps1'
[0.843s] INFO:colcon.colcon_core.shell:Creating environment descriptor '/home/guo/fishbot/ros2bookcode/chapt7/chapt7_ws/install/autopatrol_interfaces/share/autopatrol_interfaces/hook/ld_library_path_lib.dsv'
[0.843s] INFO:colcon.colcon_core.shell:Creating environment hook '/home/guo/fishbot/ros2bookcode/chapt7/chapt7_ws/install/autopatrol_interfaces/share/autopatrol_interfaces/hook/ld_library_path_lib.sh'
[0.844s] Level 1:colcon.colcon_core.environment:checking '/home/guo/fishbot/ros2bookcode/chapt7/chapt7_ws/install/autopatrol_interfaces/bin'
[0.844s] Level 1:colcon.colcon_core.environment:checking '/home/guo/fishbot/ros2bookcode/chapt7/chapt7_ws/install/autopatrol_interfaces/lib/pkgconfig/autopatrol_interfaces.pc'
[0.844s] Level 1:colcon.colcon_core.environment:checking '/home/guo/fishbot/ros2bookcode/chapt7/chapt7_ws/install/autopatrol_interfaces/lib/python3.10/site-packages'
[0.844s] Level 1:colcon.colcon_core.environment:checking '/home/guo/fishbot/ros2bookcode/chapt7/chapt7_ws/install/autopatrol_interfaces/bin'
[0.845s] INFO:colcon.colcon_core.shell:Creating package script '/home/guo/fishbot/ros2bookcode/chapt7/chapt7_ws/install/autopatrol_interfaces/share/autopatrol_interfaces/package.ps1'
[0.845s] INFO:colcon.colcon_core.shell:Creating package descriptor '/home/guo/fishbot/ros2bookcode/chapt7/chapt7_ws/install/autopatrol_interfaces/share/autopatrol_interfaces/package.dsv'
[0.846s] INFO:colcon.colcon_core.shell:Creating package script '/home/guo/fishbot/ros2bookcode/chapt7/chapt7_ws/install/autopatrol_interfaces/share/autopatrol_interfaces/package.sh'
[0.847s] INFO:colcon.colcon_core.shell:Creating package script '/home/guo/fishbot/ros2bookcode/chapt7/chapt7_ws/install/autopatrol_interfaces/share/autopatrol_interfaces/package.bash'
[0.847s] INFO:colcon.colcon_core.shell:Creating package script '/home/guo/fishbot/ros2bookcode/chapt7/chapt7_ws/install/autopatrol_interfaces/share/autopatrol_interfaces/package.zsh'
[0.848s] Level 1:colcon.colcon_core.environment:create_file_with_runtime_dependencies(/home/guo/fishbot/ros2bookcode/chapt7/chapt7_ws/install/autopatrol_interfaces/share/colcon-core/packages/autopatrol_interfaces)
[0.848s] Level 1:colcon.colcon_core.environment:create_environment_scripts_only(autopatrol_interfaces)
[0.849s] Level 1:colcon.colcon_core.environment:checking '/home/guo/fishbot/ros2bookcode/chapt7/chapt7_ws/install/autopatrol_interfaces' for CMake module files
[0.849s] Level 1:colcon.colcon_core.environment:checking '/home/guo/fishbot/ros2bookcode/chapt7/chapt7_ws/install/autopatrol_interfaces' for CMake config files
[0.850s] Level 1:colcon.colcon_core.shell:create_environment_hook('autopatrol_interfaces', 'cmake_prefix_path')
[0.850s] INFO:colcon.colcon_core.shell:Creating environment hook '/home/guo/fishbot/ros2bookcode/chapt7/chapt7_ws/install/autopatrol_interfaces/share/autopatrol_interfaces/hook/cmake_prefix_path.ps1'
[0.850s] INFO:colcon.colcon_core.shell:Creating environment descriptor '/home/guo/fishbot/ros2bookcode/chapt7/chapt7_ws/install/autopatrol_interfaces/share/autopatrol_interfaces/hook/cmake_prefix_path.dsv'
[0.851s] INFO:colcon.colcon_core.shell:Creating environment hook '/home/guo/fishbot/ros2bookcode/chapt7/chapt7_ws/install/autopatrol_interfaces/share/autopatrol_interfaces/hook/cmake_prefix_path.sh'
[0.851s] Level 1:colcon.colcon_core.environment:checking '/home/guo/fishbot/ros2bookcode/chapt7/chapt7_ws/install/autopatrol_interfaces/lib'
[0.851s] Level 1:colcon.colcon_core.shell:create_environment_hook('autopatrol_interfaces', 'ld_library_path_lib')
[0.852s] INFO:colcon.colcon_core.shell:Creating environment hook '/home/guo/fishbot/ros2bookcode/chapt7/chapt7_ws/install/autopatrol_interfaces/share/autopatrol_interfaces/hook/ld_library_path_lib.ps1'
[0.852s] INFO:colcon.colcon_core.shell:Creating environment descriptor '/home/guo/fishbot/ros2bookcode/chapt7/chapt7_ws/install/autopatrol_interfaces/share/autopatrol_interfaces/hook/ld_library_path_lib.dsv'
[0.853s] INFO:colcon.colcon_core.shell:Creating environment hook '/home/guo/fishbot/ros2bookcode/chapt7/chapt7_ws/install/autopatrol_interfaces/share/autopatrol_interfaces/hook/ld_library_path_lib.sh'
[0.853s] Level 1:colcon.colcon_core.environment:checking '/home/guo/fishbot/ros2bookcode/chapt7/chapt7_ws/install/autopatrol_interfaces/bin'
[0.853s] Level 1:colcon.colcon_core.environment:checking '/home/guo/fishbot/ros2bookcode/chapt7/chapt7_ws/install/autopatrol_interfaces/lib/pkgconfig/autopatrol_interfaces.pc'
[0.853s] Level 1:colcon.colcon_core.environment:checking '/home/guo/fishbot/ros2bookcode/chapt7/chapt7_ws/install/autopatrol_interfaces/lib/python3.10/site-packages'
[0.853s] Level 1:colcon.colcon_core.environment:checking '/home/guo/fishbot/ros2bookcode/chapt7/chapt7_ws/install/autopatrol_interfaces/bin'
[0.854s] INFO:colcon.colcon_core.shell:Creating package script '/home/guo/fishbot/ros2bookcode/chapt7/chapt7_ws/install/autopatrol_interfaces/share/autopatrol_interfaces/package.ps1'
[0.854s] INFO:colcon.colcon_core.shell:Creating package descriptor '/home/guo/fishbot/ros2bookcode/chapt7/chapt7_ws/install/autopatrol_interfaces/share/autopatrol_interfaces/package.dsv'
[0.855s] INFO:colcon.colcon_core.shell:Creating package script '/home/guo/fishbot/ros2bookcode/chapt7/chapt7_ws/install/autopatrol_interfaces/share/autopatrol_interfaces/package.sh'
[0.855s] INFO:colcon.colcon_core.shell:Creating package script '/home/guo/fishbot/ros2bookcode/chapt7/chapt7_ws/install/autopatrol_interfaces/share/autopatrol_interfaces/package.bash'
[0.855s] INFO:colcon.colcon_core.shell:Creating package script '/home/guo/fishbot/ros2bookcode/chapt7/chapt7_ws/install/autopatrol_interfaces/share/autopatrol_interfaces/package.zsh'
[0.855s] Level 1:colcon.colcon_core.environment:create_file_with_runtime_dependencies(/home/guo/fishbot/ros2bookcode/chapt7/chapt7_ws/install/autopatrol_interfaces/share/colcon-core/packages/autopatrol_interfaces)
[0.857s] Level 1:colcon.colcon_core.environment:create_environment_scripts_only(fishbot_application_cpp)
[0.857s] Level 1:colcon.colcon_core.environment:checking '/home/guo/fishbot/ros2bookcode/chapt7/chapt7_ws/install/fishbot_application_cpp' for CMake module files
[0.858s] DEBUG:colcon.colcon_core.event_handler.log_command:Invoked command in '/home/guo/fishbot/ros2bookcode/chapt7/chapt7_ws/build/fishbot_application_cpp' returned '0': CMAKE_PREFIX_PATH=${CMAKE_PREFIX_PATH}:/home/guo/fishbot/ros2bookcode/chapt7/chapt7_ws/install/fishbot_application:/home/guo/fishbot/ros2bookcode/chapt7/chapt7_ws/install/autopatrol_robot:/opt/ros/humble /usr/bin/cmake --install /home/guo/fishbot/ros2bookcode/chapt7/chapt7_ws/build/fishbot_application_cpp
[0.858s] Level 1:colcon.colcon_core.environment:checking '/home/guo/fishbot/ros2bookcode/chapt7/chapt7_ws/install/fishbot_application_cpp' for CMake config files
[0.858s] Level 1:colcon.colcon_core.shell:create_environment_hook('fishbot_application_cpp', 'cmake_prefix_path')
[0.859s] INFO:colcon.colcon_core.shell:Creating environment hook '/home/guo/fishbot/ros2bookcode/chapt7/chapt7_ws/install/fishbot_application_cpp/share/fishbot_application_cpp/hook/cmake_prefix_path.ps1'
[0.859s] INFO:colcon.colcon_core.shell:Creating environment descriptor '/home/guo/fishbot/ros2bookcode/chapt7/chapt7_ws/install/fishbot_application_cpp/share/fishbot_application_cpp/hook/cmake_prefix_path.dsv'
[0.859s] INFO:colcon.colcon_core.shell:Creating environment hook '/home/guo/fishbot/ros2bookcode/chapt7/chapt7_ws/install/fishbot_application_cpp/share/fishbot_application_cpp/hook/cmake_prefix_path.sh'
[0.860s] Level 1:colcon.colcon_core.environment:checking '/home/guo/fishbot/ros2bookcode/chapt7/chapt7_ws/install/fishbot_application_cpp/lib'
[0.860s] Level 1:colcon.colcon_core.environment:checking '/home/guo/fishbot/ros2bookcode/chapt7/chapt7_ws/install/fishbot_application_cpp/bin'
[0.860s] Level 1:colcon.colcon_core.environment:checking '/home/guo/fishbot/ros2bookcode/chapt7/chapt7_ws/install/fishbot_application_cpp/lib/pkgconfig/fishbot_application_cpp.pc'
[0.860s] Level 1:colcon.colcon_core.environment:checking '/home/guo/fishbot/ros2bookcode/chapt7/chapt7_ws/install/fishbot_application_cpp/lib/python3.10/site-packages'
[0.860s] Level 1:colcon.colcon_core.environment:checking '/home/guo/fishbot/ros2bookcode/chapt7/chapt7_ws/install/fishbot_application_cpp/bin'
[0.861s] INFO:colcon.colcon_core.shell:Creating package script '/home/guo/fishbot/ros2bookcode/chapt7/chapt7_ws/install/fishbot_application_cpp/share/fishbot_application_cpp/package.ps1'
[0.861s] INFO:colcon.colcon_core.shell:Creating package descriptor '/home/guo/fishbot/ros2bookcode/chapt7/chapt7_ws/install/fishbot_application_cpp/share/fishbot_application_cpp/package.dsv'
[0.861s] INFO:colcon.colcon_core.shell:Creating package script '/home/guo/fishbot/ros2bookcode/chapt7/chapt7_ws/install/fishbot_application_cpp/share/fishbot_application_cpp/package.sh'
[0.862s] INFO:colcon.colcon_core.shell:Creating package script '/home/guo/fishbot/ros2bookcode/chapt7/chapt7_ws/install/fishbot_application_cpp/share/fishbot_application_cpp/package.bash'
[0.862s] INFO:colcon.colcon_core.shell:Creating package script '/home/guo/fishbot/ros2bookcode/chapt7/chapt7_ws/install/fishbot_application_cpp/share/fishbot_application_cpp/package.zsh'
[0.862s] Level 1:colcon.colcon_core.environment:create_file_with_runtime_dependencies(/home/guo/fishbot/ros2bookcode/chapt7/chapt7_ws/install/fishbot_application_cpp/share/colcon-core/packages/fishbot_application_cpp)
[0.862s] Level 1:colcon.colcon_core.environment:create_environment_scripts_only(fishbot_application_cpp)
[0.863s] Level 1:colcon.colcon_core.environment:checking '/home/guo/fishbot/ros2bookcode/chapt7/chapt7_ws/install/fishbot_application_cpp' for CMake module files
[0.863s] Level 1:colcon.colcon_core.environment:checking '/home/guo/fishbot/ros2bookcode/chapt7/chapt7_ws/install/fishbot_application_cpp' for CMake config files
[0.863s] Level 1:colcon.colcon_core.shell:create_environment_hook('fishbot_application_cpp', 'cmake_prefix_path')
[0.863s] INFO:colcon.colcon_core.shell:Creating environment hook '/home/guo/fishbot/ros2bookcode/chapt7/chapt7_ws/install/fishbot_application_cpp/share/fishbot_application_cpp/hook/cmake_prefix_path.ps1'
[0.864s] INFO:colcon.colcon_core.shell:Creating environment descriptor '/home/guo/fishbot/ros2bookcode/chapt7/chapt7_ws/install/fishbot_application_cpp/share/fishbot_application_cpp/hook/cmake_prefix_path.dsv'
[0.864s] INFO:colcon.colcon_core.shell:Creating environment hook '/home/guo/fishbot/ros2bookcode/chapt7/chapt7_ws/install/fishbot_application_cpp/share/fishbot_application_cpp/hook/cmake_prefix_path.sh'
[0.865s] Level 1:colcon.colcon_core.environment:checking '/home/guo/fishbot/ros2bookcode/chapt7/chapt7_ws/install/fishbot_application_cpp/lib'
[0.865s] Level 1:colcon.colcon_core.environment:checking '/home/guo/fishbot/ros2bookcode/chapt7/chapt7_ws/install/fishbot_application_cpp/bin'
[0.865s] Level 1:colcon.colcon_core.environment:checking '/home/guo/fishbot/ros2bookcode/chapt7/chapt7_ws/install/fishbot_application_cpp/lib/pkgconfig/fishbot_application_cpp.pc'
[0.865s] Level 1:colcon.colcon_core.environment:checking '/home/guo/fishbot/ros2bookcode/chapt7/chapt7_ws/install/fishbot_application_cpp/lib/python3.10/site-packages'
[0.865s] Level 1:colcon.colcon_core.environment:checking '/home/guo/fishbot/ros2bookcode/chapt7/chapt7_ws/install/fishbot_application_cpp/bin'
[0.865s] INFO:colcon.colcon_core.shell:Creating package script '/home/guo/fishbot/ros2bookcode/chapt7/chapt7_ws/install/fishbot_application_cpp/share/fishbot_application_cpp/package.ps1'
[0.866s] INFO:colcon.colcon_core.shell:Creating package descriptor '/home/guo/fishbot/ros2bookcode/chapt7/chapt7_ws/install/fishbot_application_cpp/share/fishbot_application_cpp/package.dsv'
[0.866s] INFO:colcon.colcon_core.shell:Creating package script '/home/guo/fishbot/ros2bookcode/chapt7/chapt7_ws/install/fishbot_application_cpp/share/fishbot_application_cpp/package.sh'
[0.867s] INFO:colcon.colcon_core.shell:Creating package script '/home/guo/fishbot/ros2bookcode/chapt7/chapt7_ws/install/fishbot_application_cpp/share/fishbot_application_cpp/package.bash'
[0.867s] INFO:colcon.colcon_core.shell:Creating package script '/home/guo/fishbot/ros2bookcode/chapt7/chapt7_ws/install/fishbot_application_cpp/share/fishbot_application_cpp/package.zsh'
[0.867s] Level 1:colcon.colcon_core.environment:create_file_with_runtime_dependencies(/home/guo/fishbot/ros2bookcode/chapt7/chapt7_ws/install/fishbot_application_cpp/share/colcon-core/packages/fishbot_application_cpp)
[1.066s] DEBUG:colcon.colcon_core.event_handler.log_command:Invoking command in '/home/guo/fishbot/ros2bookcode/chapt7/chapt7_ws/src/autopatrol_robot': PYTHONPATH=/home/guo/fishbot/ros2bookcode/chapt7/chapt7_ws/build/autopatrol_robot/prefix_override:/usr/lib/python3/dist-packages/colcon_core/task/python/colcon_distutils_commands:/home/guo/fishbot/ros2bookcode/chapt7/chapt7_ws/install/autopatrol_robot/lib/python3.10/site-packages:${PYTHONPATH} /usr/bin/python3 -W ignore:setup.py install is deprecated -W ignore:easy_install command is deprecated setup.py egg_info --egg-base ../../build/autopatrol_robot build --build-base /home/guo/fishbot/ros2bookcode/chapt7/chapt7_ws/build/autopatrol_robot/build install --record /home/guo/fishbot/ros2bookcode/chapt7/chapt7_ws/build/autopatrol_robot/install.log --single-version-externally-managed install_data
[1.067s] DEBUG:colcon.colcon_core.event_handler.log_command:Invoking command in '/home/guo/fishbot/ros2bookcode/chapt7/chapt7_ws/src/fishbot_application': PYTHONPATH=/home/guo/fishbot/ros2bookcode/chapt7/chapt7_ws/build/fishbot_application/prefix_override:/usr/lib/python3/dist-packages/colcon_core/task/python/colcon_distutils_commands:/home/guo/fishbot/ros2bookcode/chapt7/chapt7_ws/install/fishbot_application/lib/python3.10/site-packages:${PYTHONPATH} /usr/bin/python3 -W ignore:setup.py install is deprecated -W ignore:easy_install command is deprecated setup.py egg_info --egg-base ../../build/fishbot_application build --build-base /home/guo/fishbot/ros2bookcode/chapt7/chapt7_ws/build/fishbot_application/build install --record /home/guo/fishbot/ros2bookcode/chapt7/chapt7_ws/build/fishbot_application/install.log --single-version-externally-managed install_data
[1.236s] Level 1:colcon.colcon_core.environment:checking '/home/guo/fishbot/ros2bookcode/chapt7/chapt7_ws/install/fishbot_application' for CMake module files
[1.236s] DEBUG:colcon.colcon_core.event_handler.log_command:Invoked command in '/home/guo/fishbot/ros2bookcode/chapt7/chapt7_ws/src/fishbot_application' returned '0': PYTHONPATH=/home/guo/fishbot/ros2bookcode/chapt7/chapt7_ws/build/fishbot_application/prefix_override:/usr/lib/python3/dist-packages/colcon_core/task/python/colcon_distutils_commands:/home/guo/fishbot/ros2bookcode/chapt7/chapt7_ws/install/fishbot_application/lib/python3.10/site-packages:${PYTHONPATH} /usr/bin/python3 -W ignore:setup.py install is deprecated -W ignore:easy_install command is deprecated setup.py egg_info --egg-base ../../build/fishbot_application build --build-base /home/guo/fishbot/ros2bookcode/chapt7/chapt7_ws/build/fishbot_application/build install --record /home/guo/fishbot/ros2bookcode/chapt7/chapt7_ws/build/fishbot_application/install.log --single-version-externally-managed install_data
[1.237s] Level 1:colcon.colcon_core.environment:checking '/home/guo/fishbot/ros2bookcode/chapt7/chapt7_ws/install/fishbot_application' for CMake config files
[1.237s] Level 1:colcon.colcon_core.environment:checking '/home/guo/fishbot/ros2bookcode/chapt7/chapt7_ws/install/fishbot_application/lib'
[1.237s] Level 1:colcon.colcon_core.environment:checking '/home/guo/fishbot/ros2bookcode/chapt7/chapt7_ws/install/fishbot_application/bin'
[1.237s] Level 1:colcon.colcon_core.environment:checking '/home/guo/fishbot/ros2bookcode/chapt7/chapt7_ws/install/fishbot_application/lib/pkgconfig/fishbot_application.pc'
[1.237s] Level 1:colcon.colcon_core.environment:checking '/home/guo/fishbot/ros2bookcode/chapt7/chapt7_ws/install/fishbot_application/lib/python3.10/site-packages'
[1.237s] Level 1:colcon.colcon_core.shell:create_environment_hook('fishbot_application', 'pythonpath')
[1.238s] INFO:colcon.colcon_core.shell:Creating environment hook '/home/guo/fishbot/ros2bookcode/chapt7/chapt7_ws/install/fishbot_application/share/fishbot_application/hook/pythonpath.ps1'
[1.238s] INFO:colcon.colcon_core.shell:Creating environment descriptor '/home/guo/fishbot/ros2bookcode/chapt7/chapt7_ws/install/fishbot_application/share/fishbot_application/hook/pythonpath.dsv'
[1.238s] INFO:colcon.colcon_core.shell:Creating environment hook '/home/guo/fishbot/ros2bookcode/chapt7/chapt7_ws/install/fishbot_application/share/fishbot_application/hook/pythonpath.sh'
[1.239s] Level 1:colcon.colcon_core.environment:checking '/home/guo/fishbot/ros2bookcode/chapt7/chapt7_ws/install/fishbot_application/bin'
[1.239s] Level 1:colcon.colcon_core.environment:create_environment_scripts_only(fishbot_application)
[1.239s] INFO:colcon.colcon_core.shell:Creating package script '/home/guo/fishbot/ros2bookcode/chapt7/chapt7_ws/install/fishbot_application/share/fishbot_application/package.ps1'
[1.239s] INFO:colcon.colcon_core.shell:Creating package descriptor '/home/guo/fishbot/ros2bookcode/chapt7/chapt7_ws/install/fishbot_application/share/fishbot_application/package.dsv'
[1.240s] INFO:colcon.colcon_core.shell:Creating package script '/home/guo/fishbot/ros2bookcode/chapt7/chapt7_ws/install/fishbot_application/share/fishbot_application/package.sh'
[1.240s] INFO:colcon.colcon_core.shell:Creating package script '/home/guo/fishbot/ros2bookcode/chapt7/chapt7_ws/install/fishbot_application/share/fishbot_application/package.bash'
[1.240s] INFO:colcon.colcon_core.shell:Creating package script '/home/guo/fishbot/ros2bookcode/chapt7/chapt7_ws/install/fishbot_application/share/fishbot_application/package.zsh'
[1.240s] Level 1:colcon.colcon_core.environment:create_file_with_runtime_dependencies(/home/guo/fishbot/ros2bookcode/chapt7/chapt7_ws/install/fishbot_application/share/colcon-core/packages/fishbot_application)
[1.241s] Level 1:colcon.colcon_core.environment:checking '/home/guo/fishbot/ros2bookcode/chapt7/chapt7_ws/install/autopatrol_robot' for CMake module files
[1.242s] Level 1:colcon.colcon_core.environment:checking '/home/guo/fishbot/ros2bookcode/chapt7/chapt7_ws/install/autopatrol_robot' for CMake config files
[1.242s] DEBUG:colcon.colcon_core.event_handler.log_command:Invoked command in '/home/guo/fishbot/ros2bookcode/chapt7/chapt7_ws/src/autopatrol_robot' returned '0': PYTHONPATH=/home/guo/fishbot/ros2bookcode/chapt7/chapt7_ws/build/autopatrol_robot/prefix_override:/usr/lib/python3/dist-packages/colcon_core/task/python/colcon_distutils_commands:/home/guo/fishbot/ros2bookcode/chapt7/chapt7_ws/install/autopatrol_robot/lib/python3.10/site-packages:${PYTHONPATH} /usr/bin/python3 -W ignore:setup.py install is deprecated -W ignore:easy_install command is deprecated setup.py egg_info --egg-base ../../build/autopatrol_robot build --build-base /home/guo/fishbot/ros2bookcode/chapt7/chapt7_ws/build/autopatrol_robot/build install --record /home/guo/fishbot/ros2bookcode/chapt7/chapt7_ws/build/autopatrol_robot/install.log --single-version-externally-managed install_data
[1.243s] Level 1:colcon.colcon_core.environment:checking '/home/guo/fishbot/ros2bookcode/chapt7/chapt7_ws/install/autopatrol_robot/lib'
[1.243s] Level 1:colcon.colcon_core.environment:checking '/home/guo/fishbot/ros2bookcode/chapt7/chapt7_ws/install/autopatrol_robot/bin'
[1.243s] Level 1:colcon.colcon_core.environment:checking '/home/guo/fishbot/ros2bookcode/chapt7/chapt7_ws/install/autopatrol_robot/lib/pkgconfig/autopatrol_robot.pc'
[1.243s] Level 1:colcon.colcon_core.environment:checking '/home/guo/fishbot/ros2bookcode/chapt7/chapt7_ws/install/autopatrol_robot/lib/python3.10/site-packages'
[1.243s] Level 1:colcon.colcon_core.shell:create_environment_hook('autopatrol_robot', 'pythonpath')
[1.243s] INFO:colcon.colcon_core.shell:Creating environment hook '/home/guo/fishbot/ros2bookcode/chapt7/chapt7_ws/install/autopatrol_robot/share/autopatrol_robot/hook/pythonpath.ps1'
[1.243s] INFO:colcon.colcon_core.shell:Creating environment descriptor '/home/guo/fishbot/ros2bookcode/chapt7/chapt7_ws/install/autopatrol_robot/share/autopatrol_robot/hook/pythonpath.dsv'
[1.244s] INFO:colcon.colcon_core.shell:Creating environment hook '/home/guo/fishbot/ros2bookcode/chapt7/chapt7_ws/install/autopatrol_robot/share/autopatrol_robot/hook/pythonpath.sh'
[1.244s] Level 1:colcon.colcon_core.environment:checking '/home/guo/fishbot/ros2bookcode/chapt7/chapt7_ws/install/autopatrol_robot/bin'
[1.244s] Level 1:colcon.colcon_core.environment:create_environment_scripts_only(autopatrol_robot)
[1.244s] INFO:colcon.colcon_core.shell:Creating package script '/home/guo/fishbot/ros2bookcode/chapt7/chapt7_ws/install/autopatrol_robot/share/autopatrol_robot/package.ps1'
[1.245s] INFO:colcon.colcon_core.shell:Creating package descriptor '/home/guo/fishbot/ros2bookcode/chapt7/chapt7_ws/install/autopatrol_robot/share/autopatrol_robot/package.dsv'
[1.245s] INFO:colcon.colcon_core.shell:Creating package script '/home/guo/fishbot/ros2bookcode/chapt7/chapt7_ws/install/autopatrol_robot/share/autopatrol_robot/package.sh'
[1.245s] INFO:colcon.colcon_core.shell:Creating package script '/home/guo/fishbot/ros2bookcode/chapt7/chapt7_ws/install/autopatrol_robot/share/autopatrol_robot/package.bash'
[1.246s] INFO:colcon.colcon_core.shell:Creating package script '/home/guo/fishbot/ros2bookcode/chapt7/chapt7_ws/install/autopatrol_robot/share/autopatrol_robot/package.zsh'
[1.246s] Level 1:colcon.colcon_core.environment:create_file_with_runtime_dependencies(/home/guo/fishbot/ros2bookcode/chapt7/chapt7_ws/install/autopatrol_robot/share/colcon-core/packages/autopatrol_robot)
[1.246s] DEBUG:colcon.colcon_parallel_executor.executor.parallel:closing loop
[1.246s] DEBUG:colcon.colcon_parallel_executor.executor.parallel:loop closed
[1.246s] DEBUG:colcon.colcon_parallel_executor.executor.parallel:run_until_complete finished with '0'
[1.247s] DEBUG:colcon.colcon_core.event_reactor:joining thread
[1.324s] INFO:colcon.colcon_core.plugin_system:Skipping extension 'colcon_notification.desktop_notification.notify_send': Could not find 'notify-send'
[1.324s] INFO:colcon.colcon_core.plugin_system:Skipping extension 'colcon_notification.desktop_notification.terminal_notifier': Not used on non-Darwin systems
[1.325s] INFO:colcon.colcon_core.plugin_system:Skipping extension 'colcon_notification.desktop_notification.win32': Not used on non-Windows systems
[1.325s] INFO:colcon.colcon_notification.desktop_notification:Sending desktop notification using 'notify2'
[1.326s] DEBUG:colcon.colcon_notification.desktop_notification.notify2:Failed to initialize notify2: org.freedesktop.DBus.Error.ServiceUnknown: The name org.freedesktop.Notifications was not provided by any .service files
[1.326s] DEBUG:colcon.colcon_core.event_reactor:joined thread
[1.327s] INFO:colcon.colcon_core.shell:Creating prefix script '/home/guo/fishbot/ros2bookcode/chapt7/chapt7_ws/install/local_setup.ps1'
[1.328s] INFO:colcon.colcon_core.shell:Creating prefix util module '/home/guo/fishbot/ros2bookcode/chapt7/chapt7_ws/install/_local_setup_util_ps1.py'
[1.329s] INFO:colcon.colcon_core.shell:Creating prefix chain script '/home/guo/fishbot/ros2bookcode/chapt7/chapt7_ws/install/setup.ps1'
[1.330s] INFO:colcon.colcon_core.shell:Creating prefix script '/home/guo/fishbot/ros2bookcode/chapt7/chapt7_ws/install/local_setup.sh'
[1.330s] INFO:colcon.colcon_core.shell:Creating prefix util module '/home/guo/fishbot/ros2bookcode/chapt7/chapt7_ws/install/_local_setup_util_sh.py'
[1.331s] INFO:colcon.colcon_core.shell:Creating prefix chain script '/home/guo/fishbot/ros2bookcode/chapt7/chapt7_ws/install/setup.sh'
[1.332s] INFO:colcon.colcon_core.shell:Creating prefix script '/home/guo/fishbot/ros2bookcode/chapt7/chapt7_ws/install/local_setup.bash'
[1.332s] INFO:colcon.colcon_core.shell:Creating prefix chain script '/home/guo/fishbot/ros2bookcode/chapt7/chapt7_ws/install/setup.bash'
[1.333s] INFO:colcon.colcon_core.shell:Creating prefix script '/home/guo/fishbot/ros2bookcode/chapt7/chapt7_ws/install/local_setup.zsh'
[1.333s] INFO:colcon.colcon_core.shell:Creating prefix chain script '/home/guo/fishbot/ros2bookcode/chapt7/chapt7_ws/install/setup.zsh'
