[0.412s] DEBUG:colcon:Command line arguments: ['/usr/bin/colcon', 'build', '--packages-select', 'autopatrol_robot', 'fishbot_navigation2', '--symlink-install']
[0.412s] DEBUG:colcon:Parsed command line arguments: Namespace(log_base=None, log_level=None, verb_name='build', build_base='build', install_base='install', merge_install=False, symlink_install=True, test_result_base=None, continue_on_error=False, executor='parallel', parallel_workers=20, event_handlers=None, ignore_user_meta=False, metas=['./colcon.meta'], base_paths=['.'], packages_ignore=None, packages_ignore_regex=None, paths=None, packages_up_to=None, packages_up_to_regex=None, packages_above=None, packages_above_and_dependencies=None, packages_above_depth=None, packages_select_by_dep=None, packages_skip_by_dep=None, packages_skip_up_to=None, packages_select_build_failed=False, packages_skip_build_finished=False, packages_select_test_failures=False, packages_skip_test_passed=False, packages_select=['autopatrol_robot', 'fishbot_navigation2'], packages_skip=None, packages_select_regex=None, packages_skip_regex=None, packages_start=None, packages_end=None, allow_overriding=[], cmake_args=None, cmake_target=None, cmake_target_skip_unavailable=False, cmake_clean_cache=False, cmake_clean_first=False, cmake_force_configure=False, ament_cmake_args=None, catkin_cmake_args=None, catkin_skip_building_tests=False, verb_parser=<colcon_defaults.argument_parser.defaults.DefaultArgumentsDecorator object at 0x7646f085c820>, verb_extension=<colcon_core.verb.build.BuildVerb object at 0x7646f085c0d0>, main=<bound method BuildVerb.main of <colcon_core.verb.build.BuildVerb object at 0x7646f085c0d0>>)
[0.682s] Level 1:colcon.colcon_core.package_discovery:discover_packages(colcon_meta) check parameters
[0.683s] Level 1:colcon.colcon_core.package_discovery:discover_packages(recursive) check parameters
[0.683s] Level 1:colcon.colcon_core.package_discovery:discover_packages(ignore) check parameters
[0.683s] Level 1:colcon.colcon_core.package_discovery:discover_packages(path) check parameters
[0.683s] Level 1:colcon.colcon_core.package_discovery:discover_packages(colcon_meta) discover
[0.683s] Level 1:colcon.colcon_core.package_discovery:discover_packages(recursive) discover
[0.683s] INFO:colcon.colcon_core.package_discovery:Crawling recursively for packages in '/home/guo/fishbot/ros2bookcode/chapt7/chapt7_ws'
[0.683s] Level 1:colcon.colcon_core.package_identification:_identify(.) by extensions ['ignore', 'ignore_ament_install']
[0.684s] Level 1:colcon.colcon_core.package_identification:_identify(.) by extension 'ignore'
[0.684s] Level 1:colcon.colcon_core.package_identification:_identify(.) by extension 'ignore_ament_install'
[0.684s] Level 1:colcon.colcon_core.package_identification:_identify(.) by extensions ['colcon_pkg']
[0.684s] Level 1:colcon.colcon_core.package_identification:_identify(.) by extension 'colcon_pkg'
[0.684s] Level 1:colcon.colcon_core.package_identification:_identify(.) by extensions ['colcon_meta']
[0.684s] Level 1:colcon.colcon_core.package_identification:_identify(.) by extension 'colcon_meta'
[0.684s] Level 1:colcon.colcon_core.package_identification:_identify(.) by extensions ['ros']
[0.684s] Level 1:colcon.colcon_core.package_identification:_identify(.) by extension 'ros'
[0.709s] Level 1:colcon.colcon_core.package_identification:_identify(.) by extensions ['cmake', 'python']
[0.709s] Level 1:colcon.colcon_core.package_identification:_identify(.) by extension 'cmake'
[0.709s] Level 1:colcon.colcon_core.package_identification:_identify(.) by extension 'python'
[0.709s] Level 1:colcon.colcon_core.package_identification:_identify(.) by extensions ['python_setup_py']
[0.709s] Level 1:colcon.colcon_core.package_identification:_identify(.) by extension 'python_setup_py'
[0.709s] Level 1:colcon.colcon_core.package_identification:_identify(build) by extensions ['ignore', 'ignore_ament_install']
[0.709s] Level 1:colcon.colcon_core.package_identification:_identify(build) by extension 'ignore'
[0.709s] Level 1:colcon.colcon_core.package_identification:_identify(build) ignored
[0.709s] Level 1:colcon.colcon_core.package_identification:_identify(install) by extensions ['ignore', 'ignore_ament_install']
[0.709s] Level 1:colcon.colcon_core.package_identification:_identify(install) by extension 'ignore'
[0.710s] Level 1:colcon.colcon_core.package_identification:_identify(install) ignored
[0.710s] Level 1:colcon.colcon_core.package_identification:_identify(log) by extensions ['ignore', 'ignore_ament_install']
[0.710s] Level 1:colcon.colcon_core.package_identification:_identify(log) by extension 'ignore'
[0.710s] Level 1:colcon.colcon_core.package_identification:_identify(log) ignored
[0.710s] Level 1:colcon.colcon_core.package_identification:_identify(src) by extensions ['ignore', 'ignore_ament_install']
[0.710s] Level 1:colcon.colcon_core.package_identification:_identify(src) by extension 'ignore'
[0.710s] Level 1:colcon.colcon_core.package_identification:_identify(src) by extension 'ignore_ament_install'
[0.710s] Level 1:colcon.colcon_core.package_identification:_identify(src) by extensions ['colcon_pkg']
[0.710s] Level 1:colcon.colcon_core.package_identification:_identify(src) by extension 'colcon_pkg'
[0.710s] Level 1:colcon.colcon_core.package_identification:_identify(src) by extensions ['colcon_meta']
[0.710s] Level 1:colcon.colcon_core.package_identification:_identify(src) by extension 'colcon_meta'
[0.710s] Level 1:colcon.colcon_core.package_identification:_identify(src) by extensions ['ros']
[0.710s] Level 1:colcon.colcon_core.package_identification:_identify(src) by extension 'ros'
[0.710s] Level 1:colcon.colcon_core.package_identification:_identify(src) by extensions ['cmake', 'python']
[0.710s] Level 1:colcon.colcon_core.package_identification:_identify(src) by extension 'cmake'
[0.710s] Level 1:colcon.colcon_core.package_identification:_identify(src) by extension 'python'
[0.710s] Level 1:colcon.colcon_core.package_identification:_identify(src) by extensions ['python_setup_py']
[0.710s] Level 1:colcon.colcon_core.package_identification:_identify(src) by extension 'python_setup_py'
[0.710s] Level 1:colcon.colcon_core.package_identification:_identify(src/autopatrol_interfaces) by extensions ['ignore', 'ignore_ament_install']
[0.710s] Level 1:colcon.colcon_core.package_identification:_identify(src/autopatrol_interfaces) by extension 'ignore'
[0.711s] Level 1:colcon.colcon_core.package_identification:_identify(src/autopatrol_interfaces) by extension 'ignore_ament_install'
[0.711s] Level 1:colcon.colcon_core.package_identification:_identify(src/autopatrol_interfaces) by extensions ['colcon_pkg']
[0.711s] Level 1:colcon.colcon_core.package_identification:_identify(src/autopatrol_interfaces) by extension 'colcon_pkg'
[0.711s] Level 1:colcon.colcon_core.package_identification:_identify(src/autopatrol_interfaces) by extensions ['colcon_meta']
[0.711s] Level 1:colcon.colcon_core.package_identification:_identify(src/autopatrol_interfaces) by extension 'colcon_meta'
[0.711s] Level 1:colcon.colcon_core.package_identification:_identify(src/autopatrol_interfaces) by extensions ['ros']
[0.711s] Level 1:colcon.colcon_core.package_identification:_identify(src/autopatrol_interfaces) by extension 'ros'
[0.713s] DEBUG:colcon.colcon_core.package_identification:Package 'src/autopatrol_interfaces' with type 'ros.ament_cmake' and name 'autopatrol_interfaces'
[0.713s] Level 1:colcon.colcon_core.package_identification:_identify(src/autopatrol_robot) by extensions ['ignore', 'ignore_ament_install']
[0.714s] Level 1:colcon.colcon_core.package_identification:_identify(src/autopatrol_robot) by extension 'ignore'
[0.714s] Level 1:colcon.colcon_core.package_identification:_identify(src/autopatrol_robot) by extension 'ignore_ament_install'
[0.714s] Level 1:colcon.colcon_core.package_identification:_identify(src/autopatrol_robot) by extensions ['colcon_pkg']
[0.714s] Level 1:colcon.colcon_core.package_identification:_identify(src/autopatrol_robot) by extension 'colcon_pkg'
[0.714s] Level 1:colcon.colcon_core.package_identification:_identify(src/autopatrol_robot) by extensions ['colcon_meta']
[0.714s] Level 1:colcon.colcon_core.package_identification:_identify(src/autopatrol_robot) by extension 'colcon_meta'
[0.714s] Level 1:colcon.colcon_core.package_identification:_identify(src/autopatrol_robot) by extensions ['ros']
[0.714s] Level 1:colcon.colcon_core.package_identification:_identify(src/autopatrol_robot) by extension 'ros'
[0.714s] DEBUG:colcon.colcon_core.package_identification:Package 'src/autopatrol_robot' with type 'ros.ament_python' and name 'autopatrol_robot'
[0.715s] Level 1:colcon.colcon_core.package_identification:_identify(src/fishbot_application) by extensions ['ignore', 'ignore_ament_install']
[0.715s] Level 1:colcon.colcon_core.package_identification:_identify(src/fishbot_application) by extension 'ignore'
[0.715s] Level 1:colcon.colcon_core.package_identification:_identify(src/fishbot_application) by extension 'ignore_ament_install'
[0.715s] Level 1:colcon.colcon_core.package_identification:_identify(src/fishbot_application) by extensions ['colcon_pkg']
[0.715s] Level 1:colcon.colcon_core.package_identification:_identify(src/fishbot_application) by extension 'colcon_pkg'
[0.715s] Level 1:colcon.colcon_core.package_identification:_identify(src/fishbot_application) by extensions ['colcon_meta']
[0.715s] Level 1:colcon.colcon_core.package_identification:_identify(src/fishbot_application) by extension 'colcon_meta'
[0.715s] Level 1:colcon.colcon_core.package_identification:_identify(src/fishbot_application) by extensions ['ros']
[0.715s] Level 1:colcon.colcon_core.package_identification:_identify(src/fishbot_application) by extension 'ros'
[0.716s] DEBUG:colcon.colcon_core.package_identification:Package 'src/fishbot_application' with type 'ros.ament_python' and name 'fishbot_application'
[0.716s] Level 1:colcon.colcon_core.package_identification:_identify(src/fishbot_application_cpp) by extensions ['ignore', 'ignore_ament_install']
[0.716s] Level 1:colcon.colcon_core.package_identification:_identify(src/fishbot_application_cpp) by extension 'ignore'
[0.716s] Level 1:colcon.colcon_core.package_identification:_identify(src/fishbot_application_cpp) by extension 'ignore_ament_install'
[0.716s] Level 1:colcon.colcon_core.package_identification:_identify(src/fishbot_application_cpp) by extensions ['colcon_pkg']
[0.716s] Level 1:colcon.colcon_core.package_identification:_identify(src/fishbot_application_cpp) by extension 'colcon_pkg'
[0.716s] Level 1:colcon.colcon_core.package_identification:_identify(src/fishbot_application_cpp) by extensions ['colcon_meta']
[0.716s] Level 1:colcon.colcon_core.package_identification:_identify(src/fishbot_application_cpp) by extension 'colcon_meta'
[0.716s] Level 1:colcon.colcon_core.package_identification:_identify(src/fishbot_application_cpp) by extensions ['ros']
[0.716s] Level 1:colcon.colcon_core.package_identification:_identify(src/fishbot_application_cpp) by extension 'ros'
[0.717s] DEBUG:colcon.colcon_core.package_identification:Package 'src/fishbot_application_cpp' with type 'ros.ament_cmake' and name 'fishbot_application_cpp'
[0.717s] Level 1:colcon.colcon_core.package_identification:_identify(src/fishbot_description) by extensions ['ignore', 'ignore_ament_install']
[0.717s] Level 1:colcon.colcon_core.package_identification:_identify(src/fishbot_description) by extension 'ignore'
[0.717s] Level 1:colcon.colcon_core.package_identification:_identify(src/fishbot_description) by extension 'ignore_ament_install'
[0.717s] Level 1:colcon.colcon_core.package_identification:_identify(src/fishbot_description) by extensions ['colcon_pkg']
[0.717s] Level 1:colcon.colcon_core.package_identification:_identify(src/fishbot_description) by extension 'colcon_pkg'
[0.717s] Level 1:colcon.colcon_core.package_identification:_identify(src/fishbot_description) by extensions ['colcon_meta']
[0.717s] Level 1:colcon.colcon_core.package_identification:_identify(src/fishbot_description) by extension 'colcon_meta'
[0.718s] Level 1:colcon.colcon_core.package_identification:_identify(src/fishbot_description) by extensions ['ros']
[0.718s] Level 1:colcon.colcon_core.package_identification:_identify(src/fishbot_description) by extension 'ros'
[0.718s] DEBUG:colcon.colcon_core.package_identification:Package 'src/fishbot_description' with type 'ros.ament_cmake' and name 'fishbot_description'
[0.718s] Level 1:colcon.colcon_core.package_identification:_identify(src/fishbot_navigation2) by extensions ['ignore', 'ignore_ament_install']
[0.718s] Level 1:colcon.colcon_core.package_identification:_identify(src/fishbot_navigation2) by extension 'ignore'
[0.718s] Level 1:colcon.colcon_core.package_identification:_identify(src/fishbot_navigation2) by extension 'ignore_ament_install'
[0.718s] Level 1:colcon.colcon_core.package_identification:_identify(src/fishbot_navigation2) by extensions ['colcon_pkg']
[0.718s] Level 1:colcon.colcon_core.package_identification:_identify(src/fishbot_navigation2) by extension 'colcon_pkg'
[0.718s] Level 1:colcon.colcon_core.package_identification:_identify(src/fishbot_navigation2) by extensions ['colcon_meta']
[0.718s] Level 1:colcon.colcon_core.package_identification:_identify(src/fishbot_navigation2) by extension 'colcon_meta'
[0.718s] Level 1:colcon.colcon_core.package_identification:_identify(src/fishbot_navigation2) by extensions ['ros']
[0.718s] Level 1:colcon.colcon_core.package_identification:_identify(src/fishbot_navigation2) by extension 'ros'
[0.719s] DEBUG:colcon.colcon_core.package_identification:Package 'src/fishbot_navigation2' with type 'ros.ament_cmake' and name 'fishbot_navigation2'
[0.719s] Level 1:colcon.colcon_core.package_identification:_identify(src/navigation2) by extensions ['ignore', 'ignore_ament_install']
[0.719s] Level 1:colcon.colcon_core.package_identification:_identify(src/navigation2) by extension 'ignore'
[0.719s] Level 1:colcon.colcon_core.package_identification:_identify(src/navigation2) by extension 'ignore_ament_install'
[0.719s] Level 1:colcon.colcon_core.package_identification:_identify(src/navigation2) by extensions ['colcon_pkg']
[0.719s] Level 1:colcon.colcon_core.package_identification:_identify(src/navigation2) by extension 'colcon_pkg'
[0.719s] Level 1:colcon.colcon_core.package_identification:_identify(src/navigation2) by extensions ['colcon_meta']
[0.719s] Level 1:colcon.colcon_core.package_identification:_identify(src/navigation2) by extension 'colcon_meta'
[0.719s] Level 1:colcon.colcon_core.package_identification:_identify(src/navigation2) by extensions ['ros']
[0.719s] Level 1:colcon.colcon_core.package_identification:_identify(src/navigation2) by extension 'ros'
[0.719s] Level 1:colcon.colcon_core.package_identification:_identify(src/navigation2) by extensions ['cmake', 'python']
[0.719s] Level 1:colcon.colcon_core.package_identification:_identify(src/navigation2) by extension 'cmake'
[0.719s] Level 1:colcon.colcon_core.package_identification:_identify(src/navigation2) by extension 'python'
[0.719s] Level 1:colcon.colcon_core.package_identification:_identify(src/navigation2) by extensions ['python_setup_py']
[0.720s] Level 1:colcon.colcon_core.package_identification:_identify(src/navigation2) by extension 'python_setup_py'
[0.720s] Level 1:colcon.colcon_core.package_discovery:discover_packages(recursive) using defaults
[0.720s] Level 1:colcon.colcon_core.package_discovery:discover_packages(ignore) discover
[0.720s] Level 1:colcon.colcon_core.package_discovery:discover_packages(ignore) using defaults
[0.720s] Level 1:colcon.colcon_core.package_discovery:discover_packages(path) discover
[0.720s] Level 1:colcon.colcon_core.package_discovery:discover_packages(path) using defaults
[0.759s] INFO:colcon.colcon_core.package_selection:Skipping not selected package 'autopatrol_interfaces' in 'src/autopatrol_interfaces'
[0.759s] INFO:colcon.colcon_core.package_selection:Skipping not selected package 'fishbot_application' in 'src/fishbot_application'
[0.759s] INFO:colcon.colcon_core.package_selection:Skipping not selected package 'fishbot_application_cpp' in 'src/fishbot_application_cpp'
[0.759s] INFO:colcon.colcon_core.package_selection:Skipping not selected package 'fishbot_description' in 'src/fishbot_description'
[0.760s] Level 1:colcon.colcon_core.package_discovery:discover_packages(prefix_path) check parameters
[0.760s] Level 1:colcon.colcon_core.package_discovery:discover_packages(prefix_path) discover
[0.779s] DEBUG:colcon.colcon_installed_package_information.package_discovery:Found 384 installed packages in /opt/ros/humble
[0.781s] Level 1:colcon.colcon_core.package_discovery:discover_packages(prefix_path) using defaults
[0.847s] Level 5:colcon.colcon_core.verb:set package 'autopatrol_robot' build argument 'cmake_args' from command line to 'None'
[0.847s] Level 5:colcon.colcon_core.verb:set package 'autopatrol_robot' build argument 'cmake_target' from command line to 'None'
[0.847s] Level 5:colcon.colcon_core.verb:set package 'autopatrol_robot' build argument 'cmake_target_skip_unavailable' from command line to 'False'
[0.847s] Level 5:colcon.colcon_core.verb:set package 'autopatrol_robot' build argument 'cmake_clean_cache' from command line to 'False'
[0.848s] Level 5:colcon.colcon_core.verb:set package 'autopatrol_robot' build argument 'cmake_clean_first' from command line to 'False'
[0.848s] Level 5:colcon.colcon_core.verb:set package 'autopatrol_robot' build argument 'cmake_force_configure' from command line to 'False'
[0.848s] Level 5:colcon.colcon_core.verb:set package 'autopatrol_robot' build argument 'ament_cmake_args' from command line to 'None'
[0.848s] Level 5:colcon.colcon_core.verb:set package 'autopatrol_robot' build argument 'catkin_cmake_args' from command line to 'None'
[0.848s] Level 5:colcon.colcon_core.verb:set package 'autopatrol_robot' build argument 'catkin_skip_building_tests' from command line to 'False'
[0.848s] DEBUG:colcon.colcon_core.verb:Building package 'autopatrol_robot' with the following arguments: {'ament_cmake_args': None, 'build_base': '/home/guo/fishbot/ros2bookcode/chapt7/chapt7_ws/build/autopatrol_robot', 'catkin_cmake_args': None, 'catkin_skip_building_tests': False, 'cmake_args': None, 'cmake_clean_cache': False, 'cmake_clean_first': False, 'cmake_force_configure': False, 'cmake_target': None, 'cmake_target_skip_unavailable': False, 'install_base': '/home/guo/fishbot/ros2bookcode/chapt7/chapt7_ws/install/autopatrol_robot', 'merge_install': False, 'path': '/home/guo/fishbot/ros2bookcode/chapt7/chapt7_ws/src/autopatrol_robot', 'symlink_install': True, 'test_result_base': None}
[0.848s] Level 5:colcon.colcon_core.verb:set package 'fishbot_navigation2' build argument 'cmake_args' from command line to 'None'
[0.848s] Level 5:colcon.colcon_core.verb:set package 'fishbot_navigation2' build argument 'cmake_target' from command line to 'None'
[0.848s] Level 5:colcon.colcon_core.verb:set package 'fishbot_navigation2' build argument 'cmake_target_skip_unavailable' from command line to 'False'
[0.848s] Level 5:colcon.colcon_core.verb:set package 'fishbot_navigation2' build argument 'cmake_clean_cache' from command line to 'False'
[0.848s] Level 5:colcon.colcon_core.verb:set package 'fishbot_navigation2' build argument 'cmake_clean_first' from command line to 'False'
[0.848s] Level 5:colcon.colcon_core.verb:set package 'fishbot_navigation2' build argument 'cmake_force_configure' from command line to 'False'
[0.848s] Level 5:colcon.colcon_core.verb:set package 'fishbot_navigation2' build argument 'ament_cmake_args' from command line to 'None'
[0.848s] Level 5:colcon.colcon_core.verb:set package 'fishbot_navigation2' build argument 'catkin_cmake_args' from command line to 'None'
[0.848s] Level 5:colcon.colcon_core.verb:set package 'fishbot_navigation2' build argument 'catkin_skip_building_tests' from command line to 'False'
[0.848s] DEBUG:colcon.colcon_core.verb:Building package 'fishbot_navigation2' with the following arguments: {'ament_cmake_args': None, 'build_base': '/home/guo/fishbot/ros2bookcode/chapt7/chapt7_ws/build/fishbot_navigation2', 'catkin_cmake_args': None, 'catkin_skip_building_tests': False, 'cmake_args': None, 'cmake_clean_cache': False, 'cmake_clean_first': False, 'cmake_force_configure': False, 'cmake_target': None, 'cmake_target_skip_unavailable': False, 'install_base': '/home/guo/fishbot/ros2bookcode/chapt7/chapt7_ws/install/fishbot_navigation2', 'merge_install': False, 'path': '/home/guo/fishbot/ros2bookcode/chapt7/chapt7_ws/src/fishbot_navigation2', 'symlink_install': True, 'test_result_base': None}
[0.848s] INFO:colcon.colcon_core.executor:Executing jobs using 'parallel' executor
[0.849s] DEBUG:colcon.colcon_parallel_executor.executor.parallel:run_until_complete
[0.850s] INFO:colcon.colcon_ros.task.ament_python.build:Building ROS package in '/home/guo/fishbot/ros2bookcode/chapt7/chapt7_ws/src/autopatrol_robot' with build type 'ament_python'
[0.850s] Level 1:colcon.colcon_core.shell:create_environment_hook('autopatrol_robot', 'ament_prefix_path')
[0.853s] INFO:colcon.colcon_core.plugin_system:Skipping extension 'colcon_core.shell.bat': Not used on non-Windows systems
[0.853s] INFO:colcon.colcon_core.shell:Creating environment hook '/home/guo/fishbot/ros2bookcode/chapt7/chapt7_ws/install/autopatrol_robot/share/autopatrol_robot/hook/ament_prefix_path.ps1'
[0.854s] INFO:colcon.colcon_core.shell:Creating environment descriptor '/home/guo/fishbot/ros2bookcode/chapt7/chapt7_ws/install/autopatrol_robot/share/autopatrol_robot/hook/ament_prefix_path.dsv'
[0.855s] INFO:colcon.colcon_core.shell:Creating environment hook '/home/guo/fishbot/ros2bookcode/chapt7/chapt7_ws/install/autopatrol_robot/share/autopatrol_robot/hook/ament_prefix_path.sh'
[0.856s] INFO:colcon.colcon_core.shell:Skip shell extension 'powershell' for command environment: Not usable outside of PowerShell
[0.856s] DEBUG:colcon.colcon_core.shell:Skip shell extension 'dsv' for command environment
[0.862s] INFO:colcon.colcon_ros.task.ament_cmake.build:Building ROS package in '/home/guo/fishbot/ros2bookcode/chapt7/chapt7_ws/src/fishbot_navigation2' with build type 'ament_cmake'
[0.862s] INFO:colcon.colcon_cmake.task.cmake.build:Building CMake package in '/home/guo/fishbot/ros2bookcode/chapt7/chapt7_ws/src/fishbot_navigation2'
[0.865s] INFO:colcon.colcon_core.shell:Skip shell extension 'powershell' for command environment: Not usable outside of PowerShell
[0.866s] DEBUG:colcon.colcon_core.shell:Skip shell extension 'dsv' for command environment
[1.308s] INFO:colcon.colcon_core.task.python.build:Building Python package in '/home/guo/fishbot/ros2bookcode/chapt7/chapt7_ws/src/autopatrol_robot'
[1.308s] INFO:colcon.colcon_core.shell:Skip shell extension 'powershell' for command environment: Not usable outside of PowerShell
[1.309s] DEBUG:colcon.colcon_core.shell:Skip shell extension 'dsv' for command environment
[1.317s] DEBUG:colcon.colcon_core.event_handler.log_command:Invoking command in '/home/guo/fishbot/ros2bookcode/chapt7/chapt7_ws/build/fishbot_navigation2': CMAKE_PREFIX_PATH=/opt/ros/humble /usr/bin/cmake /home/guo/fishbot/ros2bookcode/chapt7/chapt7_ws/src/fishbot_navigation2 -DAMENT_CMAKE_SYMLINK_INSTALL=1 -DCMAKE_INSTALL_PREFIX=/home/guo/fishbot/ros2bookcode/chapt7/chapt7_ws/install/fishbot_navigation2
[1.867s] DEBUG:colcon.colcon_core.event_handler.log_command:Invoked command in '/home/guo/fishbot/ros2bookcode/chapt7/chapt7_ws/build/fishbot_navigation2' returned '0': CMAKE_PREFIX_PATH=/opt/ros/humble /usr/bin/cmake /home/guo/fishbot/ros2bookcode/chapt7/chapt7_ws/src/fishbot_navigation2 -DAMENT_CMAKE_SYMLINK_INSTALL=1 -DCMAKE_INSTALL_PREFIX=/home/guo/fishbot/ros2bookcode/chapt7/chapt7_ws/install/fishbot_navigation2
[1.868s] DEBUG:colcon.colcon_core.event_handler.log_command:Invoking command in '/home/guo/fishbot/ros2bookcode/chapt7/chapt7_ws/build/fishbot_navigation2': CMAKE_PREFIX_PATH=/opt/ros/humble /usr/bin/cmake --build /home/guo/fishbot/ros2bookcode/chapt7/chapt7_ws/build/fishbot_navigation2 -- -j20 -l20
[1.965s] DEBUG:colcon.colcon_core.event_handler.log_command:Invoked command in '/home/guo/fishbot/ros2bookcode/chapt7/chapt7_ws/build/fishbot_navigation2' returned '0': CMAKE_PREFIX_PATH=/opt/ros/humble /usr/bin/cmake --build /home/guo/fishbot/ros2bookcode/chapt7/chapt7_ws/build/fishbot_navigation2 -- -j20 -l20
[1.977s] DEBUG:colcon.colcon_core.event_handler.log_command:Invoking command in '/home/guo/fishbot/ros2bookcode/chapt7/chapt7_ws/build/fishbot_navigation2': CMAKE_PREFIX_PATH=/opt/ros/humble /usr/bin/cmake --install /home/guo/fishbot/ros2bookcode/chapt7/chapt7_ws/build/fishbot_navigation2
[2.021s] DEBUG:colcon.colcon_core.task.python.build:While undoing a previous installation files outside the Python library path are being ignored: /home/guo/fishbot/ros2bookcode/chapt7/chapt7_ws/install/autopatrol_robot/share/ament_index/resource_index/packages/autopatrol_robot
[2.022s] DEBUG:colcon.colcon_core.task.python.build:While undoing a previous installation files outside the Python library path are being ignored: /home/guo/fishbot/ros2bookcode/chapt7/chapt7_ws/install/autopatrol_robot/share/autopatrol_robot/package.xml
[2.022s] DEBUG:colcon.colcon_core.task.python.build:While undoing a previous installation files outside the Python library path are being ignored: /home/guo/fishbot/ros2bookcode/chapt7/chapt7_ws/install/autopatrol_robot/share/autopatrol_robot/config/patrol_config.yaml
[2.022s] DEBUG:colcon.colcon_core.task.python.build:While undoing a previous installation files outside the Python library path are being ignored: /home/guo/fishbot/ros2bookcode/chapt7/chapt7_ws/install/autopatrol_robot/share/autopatrol_robot/launch/autopatrol.launch.py
[2.022s] DEBUG:colcon.colcon_core.task.python.build:While undoing a previous installation files outside the Python library path are being ignored: /home/guo/fishbot/ros2bookcode/chapt7/chapt7_ws/install/autopatrol_robot/lib/autopatrol_robot/patrol_node
[2.022s] DEBUG:colcon.colcon_core.task.python.build:While undoing a previous installation files outside the Python library path are being ignored: /home/guo/fishbot/ros2bookcode/chapt7/chapt7_ws/install/autopatrol_robot/lib/autopatrol_robot/speaker
[2.028s] DEBUG:colcon.colcon_core.event_handler.log_command:Invoking command in '/home/guo/fishbot/ros2bookcode/chapt7/chapt7_ws/build/autopatrol_robot': PYTHONPATH=/home/guo/fishbot/ros2bookcode/chapt7/chapt7_ws/build/autopatrol_robot/prefix_override:/usr/lib/python3/dist-packages/colcon_core/task/python/colcon_distutils_commands:/home/guo/fishbot/ros2bookcode/chapt7/chapt7_ws/install/autopatrol_robot/lib/python3.10/site-packages:${PYTHONPATH} /usr/bin/python3 -W ignore:setup.py install is deprecated -W ignore:easy_install command is deprecated setup.py develop --editable --build-directory /home/guo/fishbot/ros2bookcode/chapt7/chapt7_ws/build/autopatrol_robot/build --no-deps symlink_data --force
[2.210s] Level 1:colcon.colcon_core.environment:create_environment_scripts_only(fishbot_navigation2)
[2.211s] DEBUG:colcon.colcon_core.event_handler.log_command:Invoked command in '/home/guo/fishbot/ros2bookcode/chapt7/chapt7_ws/build/fishbot_navigation2' returned '0': CMAKE_PREFIX_PATH=/opt/ros/humble /usr/bin/cmake --install /home/guo/fishbot/ros2bookcode/chapt7/chapt7_ws/build/fishbot_navigation2
[2.213s] Level 1:colcon.colcon_core.environment:checking '/home/guo/fishbot/ros2bookcode/chapt7/chapt7_ws/install/fishbot_navigation2' for CMake module files
[2.214s] Level 1:colcon.colcon_core.environment:checking '/home/guo/fishbot/ros2bookcode/chapt7/chapt7_ws/install/fishbot_navigation2' for CMake config files
[2.215s] Level 1:colcon.colcon_core.shell:create_environment_hook('fishbot_navigation2', 'cmake_prefix_path')
[2.215s] INFO:colcon.colcon_core.shell:Creating environment hook '/home/guo/fishbot/ros2bookcode/chapt7/chapt7_ws/install/fishbot_navigation2/share/fishbot_navigation2/hook/cmake_prefix_path.ps1'
[2.216s] INFO:colcon.colcon_core.shell:Creating environment descriptor '/home/guo/fishbot/ros2bookcode/chapt7/chapt7_ws/install/fishbot_navigation2/share/fishbot_navigation2/hook/cmake_prefix_path.dsv'
[2.217s] INFO:colcon.colcon_core.shell:Creating environment hook '/home/guo/fishbot/ros2bookcode/chapt7/chapt7_ws/install/fishbot_navigation2/share/fishbot_navigation2/hook/cmake_prefix_path.sh'
[2.218s] Level 1:colcon.colcon_core.environment:checking '/home/guo/fishbot/ros2bookcode/chapt7/chapt7_ws/install/fishbot_navigation2/bin'
[2.218s] Level 1:colcon.colcon_core.environment:checking '/home/guo/fishbot/ros2bookcode/chapt7/chapt7_ws/install/fishbot_navigation2/lib/pkgconfig/fishbot_navigation2.pc'
[2.218s] Level 1:colcon.colcon_core.environment:checking '/home/guo/fishbot/ros2bookcode/chapt7/chapt7_ws/install/fishbot_navigation2/lib/python3.10/site-packages'
[2.218s] Level 1:colcon.colcon_core.environment:checking '/home/guo/fishbot/ros2bookcode/chapt7/chapt7_ws/install/fishbot_navigation2/bin'
[2.218s] INFO:colcon.colcon_core.shell:Creating package script '/home/guo/fishbot/ros2bookcode/chapt7/chapt7_ws/install/fishbot_navigation2/share/fishbot_navigation2/package.ps1'
[2.220s] INFO:colcon.colcon_core.shell:Creating package descriptor '/home/guo/fishbot/ros2bookcode/chapt7/chapt7_ws/install/fishbot_navigation2/share/fishbot_navigation2/package.dsv'
[2.220s] INFO:colcon.colcon_core.shell:Creating package script '/home/guo/fishbot/ros2bookcode/chapt7/chapt7_ws/install/fishbot_navigation2/share/fishbot_navigation2/package.sh'
[2.221s] INFO:colcon.colcon_core.shell:Creating package script '/home/guo/fishbot/ros2bookcode/chapt7/chapt7_ws/install/fishbot_navigation2/share/fishbot_navigation2/package.bash'
[2.223s] INFO:colcon.colcon_core.shell:Creating package script '/home/guo/fishbot/ros2bookcode/chapt7/chapt7_ws/install/fishbot_navigation2/share/fishbot_navigation2/package.zsh'
[2.224s] Level 1:colcon.colcon_core.environment:create_file_with_runtime_dependencies(/home/guo/fishbot/ros2bookcode/chapt7/chapt7_ws/install/fishbot_navigation2/share/colcon-core/packages/fishbot_navigation2)
[2.225s] Level 1:colcon.colcon_core.environment:create_environment_scripts_only(fishbot_navigation2)
[2.226s] Level 1:colcon.colcon_core.environment:checking '/home/guo/fishbot/ros2bookcode/chapt7/chapt7_ws/install/fishbot_navigation2' for CMake module files
[2.227s] Level 1:colcon.colcon_core.environment:checking '/home/guo/fishbot/ros2bookcode/chapt7/chapt7_ws/install/fishbot_navigation2' for CMake config files
[2.232s] Level 1:colcon.colcon_core.shell:create_environment_hook('fishbot_navigation2', 'cmake_prefix_path')
[2.234s] INFO:colcon.colcon_core.shell:Creating environment hook '/home/guo/fishbot/ros2bookcode/chapt7/chapt7_ws/install/fishbot_navigation2/share/fishbot_navigation2/hook/cmake_prefix_path.ps1'
[2.235s] INFO:colcon.colcon_core.shell:Creating environment descriptor '/home/guo/fishbot/ros2bookcode/chapt7/chapt7_ws/install/fishbot_navigation2/share/fishbot_navigation2/hook/cmake_prefix_path.dsv'
[2.236s] INFO:colcon.colcon_core.shell:Creating environment hook '/home/guo/fishbot/ros2bookcode/chapt7/chapt7_ws/install/fishbot_navigation2/share/fishbot_navigation2/hook/cmake_prefix_path.sh'
[2.237s] Level 1:colcon.colcon_core.environment:checking '/home/guo/fishbot/ros2bookcode/chapt7/chapt7_ws/install/fishbot_navigation2/bin'
[2.237s] Level 1:colcon.colcon_core.environment:checking '/home/guo/fishbot/ros2bookcode/chapt7/chapt7_ws/install/fishbot_navigation2/lib/pkgconfig/fishbot_navigation2.pc'
[2.237s] Level 1:colcon.colcon_core.environment:checking '/home/guo/fishbot/ros2bookcode/chapt7/chapt7_ws/install/fishbot_navigation2/lib/python3.10/site-packages'
[2.238s] Level 1:colcon.colcon_core.environment:checking '/home/guo/fishbot/ros2bookcode/chapt7/chapt7_ws/install/fishbot_navigation2/bin'
[2.238s] INFO:colcon.colcon_core.shell:Creating package script '/home/guo/fishbot/ros2bookcode/chapt7/chapt7_ws/install/fishbot_navigation2/share/fishbot_navigation2/package.ps1'
[2.238s] INFO:colcon.colcon_core.shell:Creating package descriptor '/home/guo/fishbot/ros2bookcode/chapt7/chapt7_ws/install/fishbot_navigation2/share/fishbot_navigation2/package.dsv'
[2.239s] INFO:colcon.colcon_core.shell:Creating package script '/home/guo/fishbot/ros2bookcode/chapt7/chapt7_ws/install/fishbot_navigation2/share/fishbot_navigation2/package.sh'
[2.240s] INFO:colcon.colcon_core.shell:Creating package script '/home/guo/fishbot/ros2bookcode/chapt7/chapt7_ws/install/fishbot_navigation2/share/fishbot_navigation2/package.bash'
[2.240s] INFO:colcon.colcon_core.shell:Creating package script '/home/guo/fishbot/ros2bookcode/chapt7/chapt7_ws/install/fishbot_navigation2/share/fishbot_navigation2/package.zsh'
[2.240s] Level 1:colcon.colcon_core.environment:create_file_with_runtime_dependencies(/home/guo/fishbot/ros2bookcode/chapt7/chapt7_ws/install/fishbot_navigation2/share/colcon-core/packages/fishbot_navigation2)
[2.565s] Level 1:colcon.colcon_core.shell:create_environment_hook('autopatrol_robot', 'pythonpath_develop')
[2.565s] INFO:colcon.colcon_core.shell:Creating environment hook '/home/guo/fishbot/ros2bookcode/chapt7/chapt7_ws/build/autopatrol_robot/share/autopatrol_robot/hook/pythonpath_develop.ps1'
[2.567s] INFO:colcon.colcon_core.shell:Creating environment descriptor '/home/guo/fishbot/ros2bookcode/chapt7/chapt7_ws/build/autopatrol_robot/share/autopatrol_robot/hook/pythonpath_develop.dsv'
[2.567s] INFO:colcon.colcon_core.shell:Creating environment hook '/home/guo/fishbot/ros2bookcode/chapt7/chapt7_ws/build/autopatrol_robot/share/autopatrol_robot/hook/pythonpath_develop.sh'
[2.568s] Level 1:colcon.colcon_core.environment:checking '/home/guo/fishbot/ros2bookcode/chapt7/chapt7_ws/install/autopatrol_robot' for CMake module files
[2.569s] DEBUG:colcon.colcon_core.event_handler.log_command:Invoked command in '/home/guo/fishbot/ros2bookcode/chapt7/chapt7_ws/build/autopatrol_robot' returned '0': PYTHONPATH=/home/guo/fishbot/ros2bookcode/chapt7/chapt7_ws/build/autopatrol_robot/prefix_override:/usr/lib/python3/dist-packages/colcon_core/task/python/colcon_distutils_commands:/home/guo/fishbot/ros2bookcode/chapt7/chapt7_ws/install/autopatrol_robot/lib/python3.10/site-packages:${PYTHONPATH} /usr/bin/python3 -W ignore:setup.py install is deprecated -W ignore:easy_install command is deprecated setup.py develop --editable --build-directory /home/guo/fishbot/ros2bookcode/chapt7/chapt7_ws/build/autopatrol_robot/build --no-deps symlink_data --force
[2.569s] Level 1:colcon.colcon_core.environment:checking '/home/guo/fishbot/ros2bookcode/chapt7/chapt7_ws/install/autopatrol_robot' for CMake config files
[2.570s] Level 1:colcon.colcon_core.environment:checking '/home/guo/fishbot/ros2bookcode/chapt7/chapt7_ws/install/autopatrol_robot/lib'
[2.570s] Level 1:colcon.colcon_core.environment:checking '/home/guo/fishbot/ros2bookcode/chapt7/chapt7_ws/install/autopatrol_robot/bin'
[2.570s] Level 1:colcon.colcon_core.environment:checking '/home/guo/fishbot/ros2bookcode/chapt7/chapt7_ws/install/autopatrol_robot/lib/pkgconfig/autopatrol_robot.pc'
[2.571s] Level 1:colcon.colcon_core.environment:checking '/home/guo/fishbot/ros2bookcode/chapt7/chapt7_ws/install/autopatrol_robot/lib/python3.10/site-packages'
[2.571s] Level 1:colcon.colcon_core.shell:create_environment_hook('autopatrol_robot', 'pythonpath')
[2.571s] INFO:colcon.colcon_core.shell:Creating environment hook '/home/guo/fishbot/ros2bookcode/chapt7/chapt7_ws/install/autopatrol_robot/share/autopatrol_robot/hook/pythonpath.ps1'
[2.572s] INFO:colcon.colcon_core.shell:Creating environment descriptor '/home/guo/fishbot/ros2bookcode/chapt7/chapt7_ws/install/autopatrol_robot/share/autopatrol_robot/hook/pythonpath.dsv'
[2.573s] INFO:colcon.colcon_core.shell:Creating environment hook '/home/guo/fishbot/ros2bookcode/chapt7/chapt7_ws/install/autopatrol_robot/share/autopatrol_robot/hook/pythonpath.sh'
[2.573s] Level 1:colcon.colcon_core.environment:checking '/home/guo/fishbot/ros2bookcode/chapt7/chapt7_ws/install/autopatrol_robot/bin'
[2.573s] Level 1:colcon.colcon_core.environment:create_environment_scripts_only(autopatrol_robot)
[2.574s] INFO:colcon.colcon_core.shell:Creating package script '/home/guo/fishbot/ros2bookcode/chapt7/chapt7_ws/install/autopatrol_robot/share/autopatrol_robot/package.ps1'
[2.574s] INFO:colcon.colcon_core.shell:Creating package descriptor '/home/guo/fishbot/ros2bookcode/chapt7/chapt7_ws/install/autopatrol_robot/share/autopatrol_robot/package.dsv'
[2.575s] INFO:colcon.colcon_core.shell:Creating package script '/home/guo/fishbot/ros2bookcode/chapt7/chapt7_ws/install/autopatrol_robot/share/autopatrol_robot/package.sh'
[2.576s] INFO:colcon.colcon_core.shell:Creating package script '/home/guo/fishbot/ros2bookcode/chapt7/chapt7_ws/install/autopatrol_robot/share/autopatrol_robot/package.bash'
[2.576s] INFO:colcon.colcon_core.shell:Creating package script '/home/guo/fishbot/ros2bookcode/chapt7/chapt7_ws/install/autopatrol_robot/share/autopatrol_robot/package.zsh'
[2.577s] Level 1:colcon.colcon_core.environment:create_file_with_runtime_dependencies(/home/guo/fishbot/ros2bookcode/chapt7/chapt7_ws/install/autopatrol_robot/share/colcon-core/packages/autopatrol_robot)
[2.578s] DEBUG:colcon.colcon_parallel_executor.executor.parallel:closing loop
[2.578s] DEBUG:colcon.colcon_parallel_executor.executor.parallel:loop closed
[2.578s] DEBUG:colcon.colcon_parallel_executor.executor.parallel:run_until_complete finished with '0'
[2.579s] DEBUG:colcon.colcon_core.event_reactor:joining thread
[2.711s] INFO:colcon.colcon_core.plugin_system:Skipping extension 'colcon_notification.desktop_notification.notify_send': Could not find 'notify-send'
[2.711s] INFO:colcon.colcon_core.plugin_system:Skipping extension 'colcon_notification.desktop_notification.terminal_notifier': Not used on non-Darwin systems
[2.711s] INFO:colcon.colcon_core.plugin_system:Skipping extension 'colcon_notification.desktop_notification.win32': Not used on non-Windows systems
[2.711s] INFO:colcon.colcon_notification.desktop_notification:Sending desktop notification using 'notify2'
[2.714s] DEBUG:colcon.colcon_notification.desktop_notification.notify2:Failed to initialize notify2: org.freedesktop.DBus.Error.ServiceUnknown: The name org.freedesktop.Notifications was not provided by any .service files
[2.714s] DEBUG:colcon.colcon_core.event_reactor:joined thread
[2.714s] INFO:colcon.colcon_core.shell:Creating prefix script '/home/guo/fishbot/ros2bookcode/chapt7/chapt7_ws/install/local_setup.ps1'
[2.715s] INFO:colcon.colcon_core.shell:Creating prefix util module '/home/guo/fishbot/ros2bookcode/chapt7/chapt7_ws/install/_local_setup_util_ps1.py'
[2.716s] INFO:colcon.colcon_core.shell:Creating prefix chain script '/home/guo/fishbot/ros2bookcode/chapt7/chapt7_ws/install/setup.ps1'
[2.717s] INFO:colcon.colcon_core.shell:Creating prefix script '/home/guo/fishbot/ros2bookcode/chapt7/chapt7_ws/install/local_setup.sh'
[2.718s] INFO:colcon.colcon_core.shell:Creating prefix util module '/home/guo/fishbot/ros2bookcode/chapt7/chapt7_ws/install/_local_setup_util_sh.py'
[2.718s] INFO:colcon.colcon_core.shell:Creating prefix chain script '/home/guo/fishbot/ros2bookcode/chapt7/chapt7_ws/install/setup.sh'
[2.719s] INFO:colcon.colcon_core.shell:Creating prefix script '/home/guo/fishbot/ros2bookcode/chapt7/chapt7_ws/install/local_setup.bash'
[2.720s] INFO:colcon.colcon_core.shell:Creating prefix chain script '/home/guo/fishbot/ros2bookcode/chapt7/chapt7_ws/install/setup.bash'
[2.721s] INFO:colcon.colcon_core.shell:Creating prefix script '/home/guo/fishbot/ros2bookcode/chapt7/chapt7_ws/install/local_setup.zsh'
[2.721s] INFO:colcon.colcon_core.shell:Creating prefix chain script '/home/guo/fishbot/ros2bookcode/chapt7/chapt7_ws/install/setup.zsh'
