[1.177s] Invoking command in '/home/guo/fishbot/ros2bookcode/chapt7/chapt7_ws/build/autopatrol_robot': PYTHONPATH=/home/guo/fishbot/ros2bookcode/chapt7/chapt7_ws/build/autopatrol_robot/prefix_override:/usr/lib/python3/dist-packages/colcon_core/task/python/colcon_distutils_commands:/home/guo/fishbot/ros2bookcode/chapt7/chapt7_ws/install/autopatrol_robot/lib/python3.10/site-packages:${PYTHONPATH} /usr/bin/python3 -W ignore:setup.py install is deprecated -W ignore:easy_install command is deprecated setup.py develop --editable --build-directory /home/guo/fishbot/ros2bookcode/chapt7/chapt7_ws/build/autopatrol_robot/build --no-deps symlink_data --force
[1.443s] running develop
[1.650s] running egg_info
[1.650s] writing autopatrol_robot.egg-info/PKG-INFO
[1.651s] writing dependency_links to autopatrol_robot.egg-info/dependency_links.txt
[1.651s] writing entry points to autopatrol_robot.egg-info/entry_points.txt
[1.652s] writing requirements to autopatrol_robot.egg-info/requires.txt
[1.652s] writing top-level names to autopatrol_robot.egg-info/top_level.txt
[1.654s] reading manifest file 'autopatrol_robot.egg-info/SOURCES.txt'
[1.659s] writing manifest file 'autopatrol_robot.egg-info/SOURCES.txt'
[1.659s] running build_ext
[1.659s] Creating /home/guo/fishbot/ros2bookcode/chapt7/chapt7_ws/install/autopatrol_robot/lib/python3.10/site-packages/autopatrol-robot.egg-link (link to .)
[1.659s] Installing patrol_node script to /home/guo/fishbot/ros2bookcode/chapt7/chapt7_ws/install/autopatrol_robot/lib/autopatrol_robot
[1.659s] Installing speaker script to /home/guo/fishbot/ros2bookcode/chapt7/chapt7_ws/install/autopatrol_robot/lib/autopatrol_robot
[1.659s] 
[1.659s] Installed /home/guo/fishbot/ros2bookcode/chapt7/chapt7_ws/build/autopatrol_robot
[1.660s] running symlink_data
[1.660s] symbolically linking /home/guo/fishbot/ros2bookcode/chapt7/chapt7_ws/build/autopatrol_robot/resource/autopatrol_robot -> /home/guo/fishbot/ros2bookcode/chapt7/chapt7_ws/install/autopatrol_robot/share/ament_index/resource_index/packages
[1.660s] symbolically linking /home/guo/fishbot/ros2bookcode/chapt7/chapt7_ws/build/autopatrol_robot/package.xml -> /home/guo/fishbot/ros2bookcode/chapt7/chapt7_ws/install/autopatrol_robot/share/autopatrol_robot
[1.660s] symbolically linking /home/guo/fishbot/ros2bookcode/chapt7/chapt7_ws/build/autopatrol_robot/config/patrol_config.yaml -> /home/guo/fishbot/ros2bookcode/chapt7/chapt7_ws/install/autopatrol_robot/share/autopatrol_robot/config
[1.661s] symbolically linking /home/guo/fishbot/ros2bookcode/chapt7/chapt7_ws/build/autopatrol_robot/launch/autopatrol.launch.py -> /home/guo/fishbot/ros2bookcode/chapt7/chapt7_ws/install/autopatrol_robot/share/autopatrol_robot/launch
[1.718s] Invoked command in '/home/guo/fishbot/ros2bookcode/chapt7/chapt7_ws/build/autopatrol_robot' returned '0': PYTHONPATH=/home/guo/fishbot/ros2bookcode/chapt7/chapt7_ws/build/autopatrol_robot/prefix_override:/usr/lib/python3/dist-packages/colcon_core/task/python/colcon_distutils_commands:/home/guo/fishbot/ros2bookcode/chapt7/chapt7_ws/install/autopatrol_robot/lib/python3.10/site-packages:${PYTHONPATH} /usr/bin/python3 -W ignore:setup.py install is deprecated -W ignore:easy_install command is deprecated setup.py develop --editable --build-directory /home/guo/fishbot/ros2bookcode/chapt7/chapt7_ws/build/autopatrol_robot/build --no-deps symlink_data --force
