[0.646s] Invoking command in '/home/guo/fishbot/ros2bookcode/chapt7/chapt7_ws/src/fishbot_application': PYTHONPATH=/home/guo/fishbot/ros2bookcode/chapt7/chapt7_ws/build/fishbot_application/prefix_override:/usr/lib/python3/dist-packages/colcon_core/task/python/colcon_distutils_commands:/home/guo/fishbot/ros2bookcode/chapt7/chapt7_ws/install/fishbot_application/lib/python3.10/site-packages:${PYTHONPATH} /usr/bin/python3 -W ignore:setup.py install is deprecated -W ignore:easy_install command is deprecated setup.py egg_info --egg-base ../../build/fishbot_application build --build-base /home/guo/fishbot/ros2bookcode/chapt7/chapt7_ws/build/fishbot_application/build install --record /home/guo/fishbot/ros2bookcode/chapt7/chapt7_ws/build/fishbot_application/install.log --single-version-externally-managed install_data
[0.780s] running egg_info
[0.781s] writing ../../build/fishbot_application/fishbot_application.egg-info/PKG-INFO
[0.781s] writing dependency_links to ../../build/fishbot_application/fishbot_application.egg-info/dependency_links.txt
[0.781s] writing entry points to ../../build/fishbot_application/fishbot_application.egg-info/entry_points.txt
[0.781s] writing requirements to ../../build/fishbot_application/fishbot_application.egg-info/requires.txt
[0.782s] writing top-level names to ../../build/fishbot_application/fishbot_application.egg-info/top_level.txt
[0.782s] reading manifest file '../../build/fishbot_application/fishbot_application.egg-info/SOURCES.txt'
[0.783s] writing manifest file '../../build/fishbot_application/fishbot_application.egg-info/SOURCES.txt'
[0.783s] running build
[0.783s] running build_py
[0.783s] running install
[0.783s] running install_lib
[0.784s] running install_data
[0.784s] running install_egg_info
[0.785s] removing '/home/guo/fishbot/ros2bookcode/chapt7/chapt7_ws/install/fishbot_application/lib/python3.10/site-packages/fishbot_application-0.0.0-py3.10.egg-info' (and everything under it)
[0.786s] Copying ../../build/fishbot_application/fishbot_application.egg-info to /home/guo/fishbot/ros2bookcode/chapt7/chapt7_ws/install/fishbot_application/lib/python3.10/site-packages/fishbot_application-0.0.0-py3.10.egg-info
[0.786s] running install_scripts
[0.800s] Installing get_robot_pose script to /home/guo/fishbot/ros2bookcode/chapt7/chapt7_ws/install/fishbot_application/lib/fishbot_application
[0.801s] Installing init_robot_pose script to /home/guo/fishbot/ros2bookcode/chapt7/chapt7_ws/install/fishbot_application/lib/fishbot_application
[0.801s] Installing nav_to_pose script to /home/guo/fishbot/ros2bookcode/chapt7/chapt7_ws/install/fishbot_application/lib/fishbot_application
[0.801s] Installing waypoint_follower script to /home/guo/fishbot/ros2bookcode/chapt7/chapt7_ws/install/fishbot_application/lib/fishbot_application
[0.802s] writing list of installed files to '/home/guo/fishbot/ros2bookcode/chapt7/chapt7_ws/build/fishbot_application/install.log'
[0.819s] Invoked command in '/home/guo/fishbot/ros2bookcode/chapt7/chapt7_ws/src/fishbot_application' returned '0': PYTHONPATH=/home/guo/fishbot/ros2bookcode/chapt7/chapt7_ws/build/fishbot_application/prefix_override:/usr/lib/python3/dist-packages/colcon_core/task/python/colcon_distutils_commands:/home/guo/fishbot/ros2bookcode/chapt7/chapt7_ws/install/fishbot_application/lib/python3.10/site-packages:${PYTHONPATH} /usr/bin/python3 -W ignore:setup.py install is deprecated -W ignore:easy_install command is deprecated setup.py egg_info --egg-base ../../build/fishbot_application build --build-base /home/guo/fishbot/ros2bookcode/chapt7/chapt7_ws/build/fishbot_application/build install --record /home/guo/fishbot/ros2bookcode/chapt7/chapt7_ws/build/fishbot_application/install.log --single-version-externally-managed install_data
