[0.213s] DEBUG:colcon:Command line arguments: ['/usr/bin/colcon', 'build']
[0.213s] DEBUG:colcon:Parsed command line arguments: Namespace(log_base=None, log_level=None, verb_name='build', build_base='build', install_base='install', merge_install=False, symlink_install=False, test_result_base=None, continue_on_error=False, executor='parallel', parallel_workers=20, event_handlers=None, ignore_user_meta=False, metas=['./colcon.meta'], base_paths=['.'], packages_ignore=None, packages_ignore_regex=None, paths=None, packages_up_to=None, packages_up_to_regex=None, packages_above=None, packages_above_and_dependencies=None, packages_above_depth=None, packages_select_by_dep=None, packages_skip_by_dep=None, packages_skip_up_to=None, packages_select_build_failed=False, packages_skip_build_finished=False, packages_select_test_failures=False, packages_skip_test_passed=False, packages_select=None, packages_skip=None, packages_select_regex=None, packages_skip_regex=None, packages_start=None, packages_end=None, allow_overriding=[], cmake_args=None, cmake_target=None, cmake_target_skip_unavailable=False, cmake_clean_cache=False, cmake_clean_first=False, cmake_force_configure=False, ament_cmake_args=None, catkin_cmake_args=None, catkin_skip_building_tests=False, verb_parser=<colcon_defaults.argument_parser.defaults.DefaultArgumentsDecorator object at 0x78c6a856d450>, verb_extension=<colcon_core.verb.build.BuildVerb object at 0x78c6a856c610>, main=<bound method BuildVerb.main of <colcon_core.verb.build.BuildVerb object at 0x78c6a856c610>>)
[0.435s] Level 1:colcon.colcon_core.package_discovery:discover_packages(colcon_meta) check parameters
[0.435s] Level 1:colcon.colcon_core.package_discovery:discover_packages(recursive) check parameters
[0.435s] Level 1:colcon.colcon_core.package_discovery:discover_packages(ignore) check parameters
[0.435s] Level 1:colcon.colcon_core.package_discovery:discover_packages(path) check parameters
[0.435s] Level 1:colcon.colcon_core.package_discovery:discover_packages(colcon_meta) discover
[0.435s] Level 1:colcon.colcon_core.package_discovery:discover_packages(recursive) discover
[0.435s] INFO:colcon.colcon_core.package_discovery:Crawling recursively for packages in '/home/guo/fishbot/ros2bookcode/chapt7/chapt7_ws'
[0.435s] Level 1:colcon.colcon_core.package_identification:_identify(.) by extensions ['ignore', 'ignore_ament_install']
[0.435s] Level 1:colcon.colcon_core.package_identification:_identify(.) by extension 'ignore'
[0.435s] Level 1:colcon.colcon_core.package_identification:_identify(.) by extension 'ignore_ament_install'
[0.435s] Level 1:colcon.colcon_core.package_identification:_identify(.) by extensions ['colcon_pkg']
[0.435s] Level 1:colcon.colcon_core.package_identification:_identify(.) by extension 'colcon_pkg'
[0.436s] Level 1:colcon.colcon_core.package_identification:_identify(.) by extensions ['colcon_meta']
[0.436s] Level 1:colcon.colcon_core.package_identification:_identify(.) by extension 'colcon_meta'
[0.436s] Level 1:colcon.colcon_core.package_identification:_identify(.) by extensions ['ros']
[0.436s] Level 1:colcon.colcon_core.package_identification:_identify(.) by extension 'ros'
[0.447s] Level 1:colcon.colcon_core.package_identification:_identify(.) by extensions ['cmake', 'python']
[0.447s] Level 1:colcon.colcon_core.package_identification:_identify(.) by extension 'cmake'
[0.447s] Level 1:colcon.colcon_core.package_identification:_identify(.) by extension 'python'
[0.447s] Level 1:colcon.colcon_core.package_identification:_identify(.) by extensions ['python_setup_py']
[0.447s] Level 1:colcon.colcon_core.package_identification:_identify(.) by extension 'python_setup_py'
[0.447s] Level 1:colcon.colcon_core.package_identification:_identify(build) by extensions ['ignore', 'ignore_ament_install']
[0.447s] Level 1:colcon.colcon_core.package_identification:_identify(build) by extension 'ignore'
[0.447s] Level 1:colcon.colcon_core.package_identification:_identify(build) ignored
[0.448s] Level 1:colcon.colcon_core.package_identification:_identify(install) by extensions ['ignore', 'ignore_ament_install']
[0.448s] Level 1:colcon.colcon_core.package_identification:_identify(install) by extension 'ignore'
[0.448s] Level 1:colcon.colcon_core.package_identification:_identify(install) ignored
[0.448s] Level 1:colcon.colcon_core.package_identification:_identify(log) by extensions ['ignore', 'ignore_ament_install']
[0.448s] Level 1:colcon.colcon_core.package_identification:_identify(log) by extension 'ignore'
[0.448s] Level 1:colcon.colcon_core.package_identification:_identify(log) ignored
[0.448s] Level 1:colcon.colcon_core.package_identification:_identify(src) by extensions ['ignore', 'ignore_ament_install']
[0.448s] Level 1:colcon.colcon_core.package_identification:_identify(src) by extension 'ignore'
[0.448s] Level 1:colcon.colcon_core.package_identification:_identify(src) by extension 'ignore_ament_install'
[0.448s] Level 1:colcon.colcon_core.package_identification:_identify(src) by extensions ['colcon_pkg']
[0.448s] Level 1:colcon.colcon_core.package_identification:_identify(src) by extension 'colcon_pkg'
[0.448s] Level 1:colcon.colcon_core.package_identification:_identify(src) by extensions ['colcon_meta']
[0.448s] Level 1:colcon.colcon_core.package_identification:_identify(src) by extension 'colcon_meta'
[0.448s] Level 1:colcon.colcon_core.package_identification:_identify(src) by extensions ['ros']
[0.448s] Level 1:colcon.colcon_core.package_identification:_identify(src) by extension 'ros'
[0.448s] Level 1:colcon.colcon_core.package_identification:_identify(src) by extensions ['cmake', 'python']
[0.448s] Level 1:colcon.colcon_core.package_identification:_identify(src) by extension 'cmake'
[0.449s] Level 1:colcon.colcon_core.package_identification:_identify(src) by extension 'python'
[0.449s] Level 1:colcon.colcon_core.package_identification:_identify(src) by extensions ['python_setup_py']
[0.449s] Level 1:colcon.colcon_core.package_identification:_identify(src) by extension 'python_setup_py'
[0.449s] Level 1:colcon.colcon_core.package_identification:_identify(src/autopatrol_interfaces) by extensions ['ignore', 'ignore_ament_install']
[0.449s] Level 1:colcon.colcon_core.package_identification:_identify(src/autopatrol_interfaces) by extension 'ignore'
[0.449s] Level 1:colcon.colcon_core.package_identification:_identify(src/autopatrol_interfaces) by extension 'ignore_ament_install'
[0.449s] Level 1:colcon.colcon_core.package_identification:_identify(src/autopatrol_interfaces) by extensions ['colcon_pkg']
[0.449s] Level 1:colcon.colcon_core.package_identification:_identify(src/autopatrol_interfaces) by extension 'colcon_pkg'
[0.449s] Level 1:colcon.colcon_core.package_identification:_identify(src/autopatrol_interfaces) by extensions ['colcon_meta']
[0.449s] Level 1:colcon.colcon_core.package_identification:_identify(src/autopatrol_interfaces) by extension 'colcon_meta'
[0.449s] Level 1:colcon.colcon_core.package_identification:_identify(src/autopatrol_interfaces) by extensions ['ros']
[0.449s] Level 1:colcon.colcon_core.package_identification:_identify(src/autopatrol_interfaces) by extension 'ros'
[0.454s] DEBUG:colcon.colcon_core.package_identification:Package 'src/autopatrol_interfaces' with type 'ros.ament_cmake' and name 'autopatrol_interfaces'
[0.454s] Level 1:colcon.colcon_core.package_identification:_identify(src/autopatrol_robot) by extensions ['ignore', 'ignore_ament_install']
[0.454s] Level 1:colcon.colcon_core.package_identification:_identify(src/autopatrol_robot) by extension 'ignore'
[0.454s] Level 1:colcon.colcon_core.package_identification:_identify(src/autopatrol_robot) by extension 'ignore_ament_install'
[0.454s] Level 1:colcon.colcon_core.package_identification:_identify(src/autopatrol_robot) by extensions ['colcon_pkg']
[0.454s] Level 1:colcon.colcon_core.package_identification:_identify(src/autopatrol_robot) by extension 'colcon_pkg'
[0.454s] Level 1:colcon.colcon_core.package_identification:_identify(src/autopatrol_robot) by extensions ['colcon_meta']
[0.454s] Level 1:colcon.colcon_core.package_identification:_identify(src/autopatrol_robot) by extension 'colcon_meta'
[0.454s] Level 1:colcon.colcon_core.package_identification:_identify(src/autopatrol_robot) by extensions ['ros']
[0.454s] Level 1:colcon.colcon_core.package_identification:_identify(src/autopatrol_robot) by extension 'ros'
[0.455s] DEBUG:colcon.colcon_core.package_identification:Package 'src/autopatrol_robot' with type 'ros.ament_python' and name 'autopatrol_robot'
[0.455s] Level 1:colcon.colcon_core.package_identification:_identify(src/fishbot_application) by extensions ['ignore', 'ignore_ament_install']
[0.455s] Level 1:colcon.colcon_core.package_identification:_identify(src/fishbot_application) by extension 'ignore'
[0.455s] Level 1:colcon.colcon_core.package_identification:_identify(src/fishbot_application) by extension 'ignore_ament_install'
[0.455s] Level 1:colcon.colcon_core.package_identification:_identify(src/fishbot_application) by extensions ['colcon_pkg']
[0.455s] Level 1:colcon.colcon_core.package_identification:_identify(src/fishbot_application) by extension 'colcon_pkg'
[0.455s] Level 1:colcon.colcon_core.package_identification:_identify(src/fishbot_application) by extensions ['colcon_meta']
[0.455s] Level 1:colcon.colcon_core.package_identification:_identify(src/fishbot_application) by extension 'colcon_meta'
[0.455s] Level 1:colcon.colcon_core.package_identification:_identify(src/fishbot_application) by extensions ['ros']
[0.455s] Level 1:colcon.colcon_core.package_identification:_identify(src/fishbot_application) by extension 'ros'
[0.456s] DEBUG:colcon.colcon_core.package_identification:Package 'src/fishbot_application' with type 'ros.ament_python' and name 'fishbot_application'
[0.456s] Level 1:colcon.colcon_core.package_identification:_identify(src/fishbot_application_cpp) by extensions ['ignore', 'ignore_ament_install']
[0.456s] Level 1:colcon.colcon_core.package_identification:_identify(src/fishbot_application_cpp) by extension 'ignore'
[0.456s] Level 1:colcon.colcon_core.package_identification:_identify(src/fishbot_application_cpp) by extension 'ignore_ament_install'
[0.456s] Level 1:colcon.colcon_core.package_identification:_identify(src/fishbot_application_cpp) by extensions ['colcon_pkg']
[0.456s] Level 1:colcon.colcon_core.package_identification:_identify(src/fishbot_application_cpp) by extension 'colcon_pkg'
[0.456s] Level 1:colcon.colcon_core.package_identification:_identify(src/fishbot_application_cpp) by extensions ['colcon_meta']
[0.456s] Level 1:colcon.colcon_core.package_identification:_identify(src/fishbot_application_cpp) by extension 'colcon_meta'
[0.456s] Level 1:colcon.colcon_core.package_identification:_identify(src/fishbot_application_cpp) by extensions ['ros']
[0.456s] Level 1:colcon.colcon_core.package_identification:_identify(src/fishbot_application_cpp) by extension 'ros'
[0.457s] DEBUG:colcon.colcon_core.package_identification:Package 'src/fishbot_application_cpp' with type 'ros.ament_cmake' and name 'fishbot_application_cpp'
[0.457s] Level 1:colcon.colcon_core.package_identification:_identify(src/fishbot_description) by extensions ['ignore', 'ignore_ament_install']
[0.457s] Level 1:colcon.colcon_core.package_identification:_identify(src/fishbot_description) by extension 'ignore'
[0.457s] Level 1:colcon.colcon_core.package_identification:_identify(src/fishbot_description) by extension 'ignore_ament_install'
[0.457s] Level 1:colcon.colcon_core.package_identification:_identify(src/fishbot_description) by extensions ['colcon_pkg']
[0.457s] Level 1:colcon.colcon_core.package_identification:_identify(src/fishbot_description) by extension 'colcon_pkg'
[0.457s] Level 1:colcon.colcon_core.package_identification:_identify(src/fishbot_description) by extensions ['colcon_meta']
[0.457s] Level 1:colcon.colcon_core.package_identification:_identify(src/fishbot_description) by extension 'colcon_meta'
[0.457s] Level 1:colcon.colcon_core.package_identification:_identify(src/fishbot_description) by extensions ['ros']
[0.457s] Level 1:colcon.colcon_core.package_identification:_identify(src/fishbot_description) by extension 'ros'
[0.458s] DEBUG:colcon.colcon_core.package_identification:Package 'src/fishbot_description' with type 'ros.ament_cmake' and name 'fishbot_description'
[0.458s] Level 1:colcon.colcon_core.package_identification:_identify(src/fishbot_navigation2) by extensions ['ignore', 'ignore_ament_install']
[0.458s] Level 1:colcon.colcon_core.package_identification:_identify(src/fishbot_navigation2) by extension 'ignore'
[0.458s] Level 1:colcon.colcon_core.package_identification:_identify(src/fishbot_navigation2) by extension 'ignore_ament_install'
[0.458s] Level 1:colcon.colcon_core.package_identification:_identify(src/fishbot_navigation2) by extensions ['colcon_pkg']
[0.458s] Level 1:colcon.colcon_core.package_identification:_identify(src/fishbot_navigation2) by extension 'colcon_pkg'
[0.458s] Level 1:colcon.colcon_core.package_identification:_identify(src/fishbot_navigation2) by extensions ['colcon_meta']
[0.458s] Level 1:colcon.colcon_core.package_identification:_identify(src/fishbot_navigation2) by extension 'colcon_meta'
[0.458s] Level 1:colcon.colcon_core.package_identification:_identify(src/fishbot_navigation2) by extensions ['ros']
[0.458s] Level 1:colcon.colcon_core.package_identification:_identify(src/fishbot_navigation2) by extension 'ros'
[0.459s] DEBUG:colcon.colcon_core.package_identification:Package 'src/fishbot_navigation2' with type 'ros.ament_cmake' and name 'fishbot_navigation2'
[0.459s] Level 1:colcon.colcon_core.package_identification:_identify(src/navigation2) by extensions ['ignore', 'ignore_ament_install']
[0.459s] Level 1:colcon.colcon_core.package_identification:_identify(src/navigation2) by extension 'ignore'
[0.459s] Level 1:colcon.colcon_core.package_identification:_identify(src/navigation2) by extension 'ignore_ament_install'
[0.459s] Level 1:colcon.colcon_core.package_identification:_identify(src/navigation2) by extensions ['colcon_pkg']
[0.459s] Level 1:colcon.colcon_core.package_identification:_identify(src/navigation2) by extension 'colcon_pkg'
[0.459s] Level 1:colcon.colcon_core.package_identification:_identify(src/navigation2) by extensions ['colcon_meta']
[0.459s] Level 1:colcon.colcon_core.package_identification:_identify(src/navigation2) by extension 'colcon_meta'
[0.459s] Level 1:colcon.colcon_core.package_identification:_identify(src/navigation2) by extensions ['ros']
[0.459s] Level 1:colcon.colcon_core.package_identification:_identify(src/navigation2) by extension 'ros'
[0.460s] Level 1:colcon.colcon_core.package_identification:_identify(src/navigation2) by extensions ['cmake', 'python']
[0.460s] Level 1:colcon.colcon_core.package_identification:_identify(src/navigation2) by extension 'cmake'
[0.460s] Level 1:colcon.colcon_core.package_identification:_identify(src/navigation2) by extension 'python'
[0.460s] Level 1:colcon.colcon_core.package_identification:_identify(src/navigation2) by extensions ['python_setup_py']
[0.460s] Level 1:colcon.colcon_core.package_identification:_identify(src/navigation2) by extension 'python_setup_py'
[0.460s] Level 1:colcon.colcon_core.package_discovery:discover_packages(recursive) using defaults
[0.460s] Level 1:colcon.colcon_core.package_discovery:discover_packages(ignore) discover
[0.460s] Level 1:colcon.colcon_core.package_discovery:discover_packages(ignore) using defaults
[0.460s] Level 1:colcon.colcon_core.package_discovery:discover_packages(path) discover
[0.460s] Level 1:colcon.colcon_core.package_discovery:discover_packages(path) using defaults
[0.485s] Level 1:colcon.colcon_core.package_discovery:discover_packages(prefix_path) check parameters
[0.485s] Level 1:colcon.colcon_core.package_discovery:discover_packages(prefix_path) discover
[0.494s] DEBUG:colcon.colcon_installed_package_information.package_discovery:Found 6 installed packages in /home/guo/fishbot/ros2bookcode/chapt7/chapt7_ws/install
[0.495s] DEBUG:colcon.colcon_installed_package_information.package_discovery:Found 384 installed packages in /opt/ros/humble
[0.496s] Level 1:colcon.colcon_core.package_discovery:discover_packages(prefix_path) using defaults
[0.541s] Level 5:colcon.colcon_core.verb:set package 'autopatrol_interfaces' build argument 'cmake_args' from command line to 'None'
[0.541s] Level 5:colcon.colcon_core.verb:set package 'autopatrol_interfaces' build argument 'cmake_target' from command line to 'None'
[0.541s] Level 5:colcon.colcon_core.verb:set package 'autopatrol_interfaces' build argument 'cmake_target_skip_unavailable' from command line to 'False'
[0.541s] Level 5:colcon.colcon_core.verb:set package 'autopatrol_interfaces' build argument 'cmake_clean_cache' from command line to 'False'
[0.541s] Level 5:colcon.colcon_core.verb:set package 'autopatrol_interfaces' build argument 'cmake_clean_first' from command line to 'False'
[0.541s] Level 5:colcon.colcon_core.verb:set package 'autopatrol_interfaces' build argument 'cmake_force_configure' from command line to 'False'
[0.541s] Level 5:colcon.colcon_core.verb:set package 'autopatrol_interfaces' build argument 'ament_cmake_args' from command line to 'None'
[0.541s] Level 5:colcon.colcon_core.verb:set package 'autopatrol_interfaces' build argument 'catkin_cmake_args' from command line to 'None'
[0.541s] Level 5:colcon.colcon_core.verb:set package 'autopatrol_interfaces' build argument 'catkin_skip_building_tests' from command line to 'False'
[0.541s] DEBUG:colcon.colcon_core.verb:Building package 'autopatrol_interfaces' with the following arguments: {'ament_cmake_args': None, 'build_base': '/home/guo/fishbot/ros2bookcode/chapt7/chapt7_ws/build/autopatrol_interfaces', 'catkin_cmake_args': None, 'catkin_skip_building_tests': False, 'cmake_args': None, 'cmake_clean_cache': False, 'cmake_clean_first': False, 'cmake_force_configure': False, 'cmake_target': None, 'cmake_target_skip_unavailable': False, 'install_base': '/home/guo/fishbot/ros2bookcode/chapt7/chapt7_ws/install/autopatrol_interfaces', 'merge_install': False, 'path': '/home/guo/fishbot/ros2bookcode/chapt7/chapt7_ws/src/autopatrol_interfaces', 'symlink_install': False, 'test_result_base': None}
[0.542s] Level 5:colcon.colcon_core.verb:set package 'autopatrol_robot' build argument 'cmake_args' from command line to 'None'
[0.542s] Level 5:colcon.colcon_core.verb:set package 'autopatrol_robot' build argument 'cmake_target' from command line to 'None'
[0.542s] Level 5:colcon.colcon_core.verb:set package 'autopatrol_robot' build argument 'cmake_target_skip_unavailable' from command line to 'False'
[0.542s] Level 5:colcon.colcon_core.verb:set package 'autopatrol_robot' build argument 'cmake_clean_cache' from command line to 'False'
[0.542s] Level 5:colcon.colcon_core.verb:set package 'autopatrol_robot' build argument 'cmake_clean_first' from command line to 'False'
[0.542s] Level 5:colcon.colcon_core.verb:set package 'autopatrol_robot' build argument 'cmake_force_configure' from command line to 'False'
[0.542s] Level 5:colcon.colcon_core.verb:set package 'autopatrol_robot' build argument 'ament_cmake_args' from command line to 'None'
[0.542s] Level 5:colcon.colcon_core.verb:set package 'autopatrol_robot' build argument 'catkin_cmake_args' from command line to 'None'
[0.542s] Level 5:colcon.colcon_core.verb:set package 'autopatrol_robot' build argument 'catkin_skip_building_tests' from command line to 'False'
[0.542s] DEBUG:colcon.colcon_core.verb:Building package 'autopatrol_robot' with the following arguments: {'ament_cmake_args': None, 'build_base': '/home/guo/fishbot/ros2bookcode/chapt7/chapt7_ws/build/autopatrol_robot', 'catkin_cmake_args': None, 'catkin_skip_building_tests': False, 'cmake_args': None, 'cmake_clean_cache': False, 'cmake_clean_first': False, 'cmake_force_configure': False, 'cmake_target': None, 'cmake_target_skip_unavailable': False, 'install_base': '/home/guo/fishbot/ros2bookcode/chapt7/chapt7_ws/install/autopatrol_robot', 'merge_install': False, 'path': '/home/guo/fishbot/ros2bookcode/chapt7/chapt7_ws/src/autopatrol_robot', 'symlink_install': False, 'test_result_base': None}
[0.542s] Level 5:colcon.colcon_core.verb:set package 'fishbot_application' build argument 'cmake_args' from command line to 'None'
[0.542s] Level 5:colcon.colcon_core.verb:set package 'fishbot_application' build argument 'cmake_target' from command line to 'None'
[0.542s] Level 5:colcon.colcon_core.verb:set package 'fishbot_application' build argument 'cmake_target_skip_unavailable' from command line to 'False'
[0.542s] Level 5:colcon.colcon_core.verb:set package 'fishbot_application' build argument 'cmake_clean_cache' from command line to 'False'
[0.542s] Level 5:colcon.colcon_core.verb:set package 'fishbot_application' build argument 'cmake_clean_first' from command line to 'False'
[0.542s] Level 5:colcon.colcon_core.verb:set package 'fishbot_application' build argument 'cmake_force_configure' from command line to 'False'
[0.542s] Level 5:colcon.colcon_core.verb:set package 'fishbot_application' build argument 'ament_cmake_args' from command line to 'None'
[0.542s] Level 5:colcon.colcon_core.verb:set package 'fishbot_application' build argument 'catkin_cmake_args' from command line to 'None'
[0.542s] Level 5:colcon.colcon_core.verb:set package 'fishbot_application' build argument 'catkin_skip_building_tests' from command line to 'False'
[0.542s] DEBUG:colcon.colcon_core.verb:Building package 'fishbot_application' with the following arguments: {'ament_cmake_args': None, 'build_base': '/home/guo/fishbot/ros2bookcode/chapt7/chapt7_ws/build/fishbot_application', 'catkin_cmake_args': None, 'catkin_skip_building_tests': False, 'cmake_args': None, 'cmake_clean_cache': False, 'cmake_clean_first': False, 'cmake_force_configure': False, 'cmake_target': None, 'cmake_target_skip_unavailable': False, 'install_base': '/home/guo/fishbot/ros2bookcode/chapt7/chapt7_ws/install/fishbot_application', 'merge_install': False, 'path': '/home/guo/fishbot/ros2bookcode/chapt7/chapt7_ws/src/fishbot_application', 'symlink_install': False, 'test_result_base': None}
[0.543s] Level 5:colcon.colcon_core.verb:set package 'fishbot_application_cpp' build argument 'cmake_args' from command line to 'None'
[0.543s] Level 5:colcon.colcon_core.verb:set package 'fishbot_application_cpp' build argument 'cmake_target' from command line to 'None'
[0.543s] Level 5:colcon.colcon_core.verb:set package 'fishbot_application_cpp' build argument 'cmake_target_skip_unavailable' from command line to 'False'
[0.543s] Level 5:colcon.colcon_core.verb:set package 'fishbot_application_cpp' build argument 'cmake_clean_cache' from command line to 'False'
[0.543s] Level 5:colcon.colcon_core.verb:set package 'fishbot_application_cpp' build argument 'cmake_clean_first' from command line to 'False'
[0.543s] Level 5:colcon.colcon_core.verb:set package 'fishbot_application_cpp' build argument 'cmake_force_configure' from command line to 'False'
[0.543s] Level 5:colcon.colcon_core.verb:set package 'fishbot_application_cpp' build argument 'ament_cmake_args' from command line to 'None'
[0.543s] Level 5:colcon.colcon_core.verb:set package 'fishbot_application_cpp' build argument 'catkin_cmake_args' from command line to 'None'
[0.543s] Level 5:colcon.colcon_core.verb:set package 'fishbot_application_cpp' build argument 'catkin_skip_building_tests' from command line to 'False'
[0.543s] DEBUG:colcon.colcon_core.verb:Building package 'fishbot_application_cpp' with the following arguments: {'ament_cmake_args': None, 'build_base': '/home/guo/fishbot/ros2bookcode/chapt7/chapt7_ws/build/fishbot_application_cpp', 'catkin_cmake_args': None, 'catkin_skip_building_tests': False, 'cmake_args': None, 'cmake_clean_cache': False, 'cmake_clean_first': False, 'cmake_force_configure': False, 'cmake_target': None, 'cmake_target_skip_unavailable': False, 'install_base': '/home/guo/fishbot/ros2bookcode/chapt7/chapt7_ws/install/fishbot_application_cpp', 'merge_install': False, 'path': '/home/guo/fishbot/ros2bookcode/chapt7/chapt7_ws/src/fishbot_application_cpp', 'symlink_install': False, 'test_result_base': None}
[0.543s] Level 5:colcon.colcon_core.verb:set package 'fishbot_description' build argument 'cmake_args' from command line to 'None'
[0.543s] Level 5:colcon.colcon_core.verb:set package 'fishbot_description' build argument 'cmake_target' from command line to 'None'
[0.543s] Level 5:colcon.colcon_core.verb:set package 'fishbot_description' build argument 'cmake_target_skip_unavailable' from command line to 'False'
[0.543s] Level 5:colcon.colcon_core.verb:set package 'fishbot_description' build argument 'cmake_clean_cache' from command line to 'False'
[0.543s] Level 5:colcon.colcon_core.verb:set package 'fishbot_description' build argument 'cmake_clean_first' from command line to 'False'
[0.543s] Level 5:colcon.colcon_core.verb:set package 'fishbot_description' build argument 'cmake_force_configure' from command line to 'False'
[0.543s] Level 5:colcon.colcon_core.verb:set package 'fishbot_description' build argument 'ament_cmake_args' from command line to 'None'
[0.543s] Level 5:colcon.colcon_core.verb:set package 'fishbot_description' build argument 'catkin_cmake_args' from command line to 'None'
[0.543s] Level 5:colcon.colcon_core.verb:set package 'fishbot_description' build argument 'catkin_skip_building_tests' from command line to 'False'
[0.543s] DEBUG:colcon.colcon_core.verb:Building package 'fishbot_description' with the following arguments: {'ament_cmake_args': None, 'build_base': '/home/guo/fishbot/ros2bookcode/chapt7/chapt7_ws/build/fishbot_description', 'catkin_cmake_args': None, 'catkin_skip_building_tests': False, 'cmake_args': None, 'cmake_clean_cache': False, 'cmake_clean_first': False, 'cmake_force_configure': False, 'cmake_target': None, 'cmake_target_skip_unavailable': False, 'install_base': '/home/guo/fishbot/ros2bookcode/chapt7/chapt7_ws/install/fishbot_description', 'merge_install': False, 'path': '/home/guo/fishbot/ros2bookcode/chapt7/chapt7_ws/src/fishbot_description', 'symlink_install': False, 'test_result_base': None}
[0.543s] Level 5:colcon.colcon_core.verb:set package 'fishbot_navigation2' build argument 'cmake_args' from command line to 'None'
[0.543s] Level 5:colcon.colcon_core.verb:set package 'fishbot_navigation2' build argument 'cmake_target' from command line to 'None'
[0.543s] Level 5:colcon.colcon_core.verb:set package 'fishbot_navigation2' build argument 'cmake_target_skip_unavailable' from command line to 'False'
[0.543s] Level 5:colcon.colcon_core.verb:set package 'fishbot_navigation2' build argument 'cmake_clean_cache' from command line to 'False'
[0.543s] Level 5:colcon.colcon_core.verb:set package 'fishbot_navigation2' build argument 'cmake_clean_first' from command line to 'False'
[0.543s] Level 5:colcon.colcon_core.verb:set package 'fishbot_navigation2' build argument 'cmake_force_configure' from command line to 'False'
[0.543s] Level 5:colcon.colcon_core.verb:set package 'fishbot_navigation2' build argument 'ament_cmake_args' from command line to 'None'
[0.543s] Level 5:colcon.colcon_core.verb:set package 'fishbot_navigation2' build argument 'catkin_cmake_args' from command line to 'None'
[0.543s] Level 5:colcon.colcon_core.verb:set package 'fishbot_navigation2' build argument 'catkin_skip_building_tests' from command line to 'False'
[0.544s] DEBUG:colcon.colcon_core.verb:Building package 'fishbot_navigation2' with the following arguments: {'ament_cmake_args': None, 'build_base': '/home/guo/fishbot/ros2bookcode/chapt7/chapt7_ws/build/fishbot_navigation2', 'catkin_cmake_args': None, 'catkin_skip_building_tests': False, 'cmake_args': None, 'cmake_clean_cache': False, 'cmake_clean_first': False, 'cmake_force_configure': False, 'cmake_target': None, 'cmake_target_skip_unavailable': False, 'install_base': '/home/guo/fishbot/ros2bookcode/chapt7/chapt7_ws/install/fishbot_navigation2', 'merge_install': False, 'path': '/home/guo/fishbot/ros2bookcode/chapt7/chapt7_ws/src/fishbot_navigation2', 'symlink_install': False, 'test_result_base': None}
[0.544s] INFO:colcon.colcon_core.executor:Executing jobs using 'parallel' executor
[0.545s] DEBUG:colcon.colcon_parallel_executor.executor.parallel:run_until_complete
[0.545s] INFO:colcon.colcon_ros.task.ament_cmake.build:Building ROS package in '/home/guo/fishbot/ros2bookcode/chapt7/chapt7_ws/src/autopatrol_interfaces' with build type 'ament_cmake'
[0.546s] INFO:colcon.colcon_cmake.task.cmake.build:Building CMake package in '/home/guo/fishbot/ros2bookcode/chapt7/chapt7_ws/src/autopatrol_interfaces'
[0.549s] INFO:colcon.colcon_core.plugin_system:Skipping extension 'colcon_core.shell.bat': Not used on non-Windows systems
[0.549s] INFO:colcon.colcon_core.shell:Skip shell extension 'powershell' for command environment: Not usable outside of PowerShell
[0.549s] DEBUG:colcon.colcon_core.shell:Skip shell extension 'dsv' for command environment
[0.553s] INFO:colcon.colcon_ros.task.ament_python.build:Building ROS package in '/home/guo/fishbot/ros2bookcode/chapt7/chapt7_ws/src/autopatrol_robot' with build type 'ament_python'
[0.553s] Level 1:colcon.colcon_core.shell:create_environment_hook('autopatrol_robot', 'ament_prefix_path')
[0.554s] INFO:colcon.colcon_core.shell:Creating environment hook '/home/guo/fishbot/ros2bookcode/chapt7/chapt7_ws/install/autopatrol_robot/share/autopatrol_robot/hook/ament_prefix_path.ps1'
[0.555s] INFO:colcon.colcon_core.shell:Creating environment descriptor '/home/guo/fishbot/ros2bookcode/chapt7/chapt7_ws/install/autopatrol_robot/share/autopatrol_robot/hook/ament_prefix_path.dsv'
[0.556s] INFO:colcon.colcon_core.shell:Creating environment hook '/home/guo/fishbot/ros2bookcode/chapt7/chapt7_ws/install/autopatrol_robot/share/autopatrol_robot/hook/ament_prefix_path.sh'
[0.557s] INFO:colcon.colcon_core.shell:Skip shell extension 'powershell' for command environment: Not usable outside of PowerShell
[0.557s] DEBUG:colcon.colcon_core.shell:Skip shell extension 'dsv' for command environment
[0.560s] INFO:colcon.colcon_ros.task.ament_python.build:Building ROS package in '/home/guo/fishbot/ros2bookcode/chapt7/chapt7_ws/src/fishbot_application' with build type 'ament_python'
[0.560s] Level 1:colcon.colcon_core.shell:create_environment_hook('fishbot_application', 'ament_prefix_path')
[0.560s] INFO:colcon.colcon_core.shell:Creating environment hook '/home/guo/fishbot/ros2bookcode/chapt7/chapt7_ws/install/fishbot_application/share/fishbot_application/hook/ament_prefix_path.ps1'
[0.561s] INFO:colcon.colcon_core.shell:Creating environment descriptor '/home/guo/fishbot/ros2bookcode/chapt7/chapt7_ws/install/fishbot_application/share/fishbot_application/hook/ament_prefix_path.dsv'
[0.562s] INFO:colcon.colcon_core.shell:Creating environment hook '/home/guo/fishbot/ros2bookcode/chapt7/chapt7_ws/install/fishbot_application/share/fishbot_application/hook/ament_prefix_path.sh'
[0.562s] INFO:colcon.colcon_core.shell:Skip shell extension 'powershell' for command environment: Not usable outside of PowerShell
[0.562s] DEBUG:colcon.colcon_core.shell:Skip shell extension 'dsv' for command environment
[0.566s] INFO:colcon.colcon_ros.task.ament_cmake.build:Building ROS package in '/home/guo/fishbot/ros2bookcode/chapt7/chapt7_ws/src/fishbot_application_cpp' with build type 'ament_cmake'
[0.567s] INFO:colcon.colcon_cmake.task.cmake.build:Building CMake package in '/home/guo/fishbot/ros2bookcode/chapt7/chapt7_ws/src/fishbot_application_cpp'
[0.568s] INFO:colcon.colcon_core.shell:Skip shell extension 'powershell' for command environment: Not usable outside of PowerShell
[0.568s] DEBUG:colcon.colcon_core.shell:Skip shell extension 'dsv' for command environment
[0.571s] INFO:colcon.colcon_ros.task.ament_cmake.build:Building ROS package in '/home/guo/fishbot/ros2bookcode/chapt7/chapt7_ws/src/fishbot_description' with build type 'ament_cmake'
[0.571s] INFO:colcon.colcon_cmake.task.cmake.build:Building CMake package in '/home/guo/fishbot/ros2bookcode/chapt7/chapt7_ws/src/fishbot_description'
[0.571s] INFO:colcon.colcon_core.shell:Skip shell extension 'powershell' for command environment: Not usable outside of PowerShell
[0.571s] DEBUG:colcon.colcon_core.shell:Skip shell extension 'dsv' for command environment
[0.575s] INFO:colcon.colcon_ros.task.ament_cmake.build:Building ROS package in '/home/guo/fishbot/ros2bookcode/chapt7/chapt7_ws/src/fishbot_navigation2' with build type 'ament_cmake'
[0.575s] INFO:colcon.colcon_cmake.task.cmake.build:Building CMake package in '/home/guo/fishbot/ros2bookcode/chapt7/chapt7_ws/src/fishbot_navigation2'
[0.575s] INFO:colcon.colcon_core.shell:Skip shell extension 'powershell' for command environment: Not usable outside of PowerShell
[0.575s] DEBUG:colcon.colcon_core.shell:Skip shell extension 'dsv' for command environment
[0.589s] DEBUG:colcon.colcon_core.event_handler.log_command:Invoking command in '/home/guo/fishbot/ros2bookcode/chapt7/chapt7_ws/build/autopatrol_interfaces': CMAKE_PREFIX_PATH=${CMAKE_PREFIX_PATH}:/home/guo/fishbot/ros2bookcode/chapt7/chapt7_ws/install/fishbot_application:/home/guo/fishbot/ros2bookcode/chapt7/chapt7_ws/install/autopatrol_robot:/opt/ros/humble /usr/bin/cmake --build /home/guo/fishbot/ros2bookcode/chapt7/chapt7_ws/build/autopatrol_interfaces -- -j20 -l20
[0.767s] INFO:colcon.colcon_core.task.python.build:Building Python package in '/home/guo/fishbot/ros2bookcode/chapt7/chapt7_ws/src/autopatrol_robot'
[0.768s] INFO:colcon.colcon_core.shell:Skip shell extension 'powershell' for command environment: Not usable outside of PowerShell
[0.768s] DEBUG:colcon.colcon_core.shell:Skip shell extension 'dsv' for command environment
[0.930s] INFO:colcon.colcon_core.task.python.build:Building Python package in '/home/guo/fishbot/ros2bookcode/chapt7/chapt7_ws/src/fishbot_application'
[0.930s] INFO:colcon.colcon_core.shell:Skip shell extension 'powershell' for command environment: Not usable outside of PowerShell
[0.931s] DEBUG:colcon.colcon_core.shell:Skip shell extension 'dsv' for command environment
[0.937s] DEBUG:colcon.colcon_core.event_handler.log_command:Invoking command in '/home/guo/fishbot/ros2bookcode/chapt7/chapt7_ws/build/fishbot_application_cpp': CMAKE_PREFIX_PATH=${CMAKE_PREFIX_PATH}:/home/guo/fishbot/ros2bookcode/chapt7/chapt7_ws/install/fishbot_application:/home/guo/fishbot/ros2bookcode/chapt7/chapt7_ws/install/autopatrol_robot:/opt/ros/humble /usr/bin/cmake --build /home/guo/fishbot/ros2bookcode/chapt7/chapt7_ws/build/fishbot_application_cpp -- -j20 -l20
[0.943s] DEBUG:colcon.colcon_core.event_handler.log_command:Invoking command in '/home/guo/fishbot/ros2bookcode/chapt7/chapt7_ws/build/fishbot_description': CMAKE_PREFIX_PATH=${CMAKE_PREFIX_PATH}:/home/guo/fishbot/ros2bookcode/chapt7/chapt7_ws/install/fishbot_application:/home/guo/fishbot/ros2bookcode/chapt7/chapt7_ws/install/autopatrol_robot:/opt/ros/humble /usr/bin/cmake --build /home/guo/fishbot/ros2bookcode/chapt7/chapt7_ws/build/fishbot_description -- -j20 -l20
[0.951s] DEBUG:colcon.colcon_core.event_handler.log_command:Invoking command in '/home/guo/fishbot/ros2bookcode/chapt7/chapt7_ws/build/fishbot_navigation2': CMAKE_PREFIX_PATH=${CMAKE_PREFIX_PATH}:/home/guo/fishbot/ros2bookcode/chapt7/chapt7_ws/install/fishbot_application:/home/guo/fishbot/ros2bookcode/chapt7/chapt7_ws/install/autopatrol_robot:/opt/ros/humble /usr/bin/cmake --build /home/guo/fishbot/ros2bookcode/chapt7/chapt7_ws/build/fishbot_navigation2 -- -j20 -l20
[0.951s] DEBUG:colcon.colcon_core.event_handler.log_command:Invoked command in '/home/guo/fishbot/ros2bookcode/chapt7/chapt7_ws/build/autopatrol_interfaces' returned '0': CMAKE_PREFIX_PATH=${CMAKE_PREFIX_PATH}:/home/guo/fishbot/ros2bookcode/chapt7/chapt7_ws/install/fishbot_application:/home/guo/fishbot/ros2bookcode/chapt7/chapt7_ws/install/autopatrol_robot:/opt/ros/humble /usr/bin/cmake --build /home/guo/fishbot/ros2bookcode/chapt7/chapt7_ws/build/autopatrol_interfaces -- -j20 -l20
[0.962s] DEBUG:colcon.colcon_core.event_handler.log_command:Invoking command in '/home/guo/fishbot/ros2bookcode/chapt7/chapt7_ws/build/autopatrol_interfaces': CMAKE_PREFIX_PATH=${CMAKE_PREFIX_PATH}:/home/guo/fishbot/ros2bookcode/chapt7/chapt7_ws/install/fishbot_application:/home/guo/fishbot/ros2bookcode/chapt7/chapt7_ws/install/autopatrol_robot:/opt/ros/humble /usr/bin/cmake --install /home/guo/fishbot/ros2bookcode/chapt7/chapt7_ws/build/autopatrol_interfaces
[0.972s] DEBUG:colcon.colcon_core.event_handler.log_command:Invoked command in '/home/guo/fishbot/ros2bookcode/chapt7/chapt7_ws/build/fishbot_description' returned '0': CMAKE_PREFIX_PATH=${CMAKE_PREFIX_PATH}:/home/guo/fishbot/ros2bookcode/chapt7/chapt7_ws/install/fishbot_application:/home/guo/fishbot/ros2bookcode/chapt7/chapt7_ws/install/autopatrol_robot:/opt/ros/humble /usr/bin/cmake --build /home/guo/fishbot/ros2bookcode/chapt7/chapt7_ws/build/fishbot_description -- -j20 -l20
[0.978s] DEBUG:colcon.colcon_core.event_handler.log_command:Invoking command in '/home/guo/fishbot/ros2bookcode/chapt7/chapt7_ws/build/fishbot_description': CMAKE_PREFIX_PATH=${CMAKE_PREFIX_PATH}:/home/guo/fishbot/ros2bookcode/chapt7/chapt7_ws/install/fishbot_application:/home/guo/fishbot/ros2bookcode/chapt7/chapt7_ws/install/autopatrol_robot:/opt/ros/humble /usr/bin/cmake --install /home/guo/fishbot/ros2bookcode/chapt7/chapt7_ws/build/fishbot_description
[0.997s] Level 1:colcon.colcon_core.environment:create_environment_scripts_only(fishbot_description)
[1.003s] DEBUG:colcon.colcon_core.event_handler.log_command:Invoked command in '/home/guo/fishbot/ros2bookcode/chapt7/chapt7_ws/build/fishbot_navigation2' returned '0': CMAKE_PREFIX_PATH=${CMAKE_PREFIX_PATH}:/home/guo/fishbot/ros2bookcode/chapt7/chapt7_ws/install/fishbot_application:/home/guo/fishbot/ros2bookcode/chapt7/chapt7_ws/install/autopatrol_robot:/opt/ros/humble /usr/bin/cmake --build /home/guo/fishbot/ros2bookcode/chapt7/chapt7_ws/build/fishbot_navigation2 -- -j20 -l20
[1.011s] DEBUG:colcon.colcon_core.event_handler.log_command:Invoking command in '/home/guo/fishbot/ros2bookcode/chapt7/chapt7_ws/build/fishbot_navigation2': CMAKE_PREFIX_PATH=${CMAKE_PREFIX_PATH}:/home/guo/fishbot/ros2bookcode/chapt7/chapt7_ws/install/fishbot_application:/home/guo/fishbot/ros2bookcode/chapt7/chapt7_ws/install/autopatrol_robot:/opt/ros/humble /usr/bin/cmake --install /home/guo/fishbot/ros2bookcode/chapt7/chapt7_ws/build/fishbot_navigation2
[1.011s] DEBUG:colcon.colcon_core.event_handler.log_command:Invoked command in '/home/guo/fishbot/ros2bookcode/chapt7/chapt7_ws/build/fishbot_description' returned '0': CMAKE_PREFIX_PATH=${CMAKE_PREFIX_PATH}:/home/guo/fishbot/ros2bookcode/chapt7/chapt7_ws/install/fishbot_application:/home/guo/fishbot/ros2bookcode/chapt7/chapt7_ws/install/autopatrol_robot:/opt/ros/humble /usr/bin/cmake --install /home/guo/fishbot/ros2bookcode/chapt7/chapt7_ws/build/fishbot_description
[1.011s] Level 1:colcon.colcon_core.environment:checking '/home/guo/fishbot/ros2bookcode/chapt7/chapt7_ws/install/fishbot_description' for CMake module files
[1.015s] Level 1:colcon.colcon_core.environment:checking '/home/guo/fishbot/ros2bookcode/chapt7/chapt7_ws/install/fishbot_description' for CMake config files
[1.017s] Level 1:colcon.colcon_core.shell:create_environment_hook('fishbot_description', 'cmake_prefix_path')
[1.017s] INFO:colcon.colcon_core.shell:Creating environment hook '/home/guo/fishbot/ros2bookcode/chapt7/chapt7_ws/install/fishbot_description/share/fishbot_description/hook/cmake_prefix_path.ps1'
[1.018s] INFO:colcon.colcon_core.shell:Creating environment descriptor '/home/guo/fishbot/ros2bookcode/chapt7/chapt7_ws/install/fishbot_description/share/fishbot_description/hook/cmake_prefix_path.dsv'
[1.019s] INFO:colcon.colcon_core.shell:Creating environment hook '/home/guo/fishbot/ros2bookcode/chapt7/chapt7_ws/install/fishbot_description/share/fishbot_description/hook/cmake_prefix_path.sh'
[1.020s] Level 1:colcon.colcon_core.environment:checking '/home/guo/fishbot/ros2bookcode/chapt7/chapt7_ws/install/fishbot_description/bin'
[1.021s] Level 1:colcon.colcon_core.environment:checking '/home/guo/fishbot/ros2bookcode/chapt7/chapt7_ws/install/fishbot_description/lib/pkgconfig/fishbot_description.pc'
[1.021s] Level 1:colcon.colcon_core.environment:checking '/home/guo/fishbot/ros2bookcode/chapt7/chapt7_ws/install/fishbot_description/lib/python3.10/site-packages'
[1.022s] Level 1:colcon.colcon_core.environment:checking '/home/guo/fishbot/ros2bookcode/chapt7/chapt7_ws/install/fishbot_description/bin'
[1.022s] INFO:colcon.colcon_core.shell:Creating package script '/home/guo/fishbot/ros2bookcode/chapt7/chapt7_ws/install/fishbot_description/share/fishbot_description/package.ps1'
[1.024s] INFO:colcon.colcon_core.shell:Creating package descriptor '/home/guo/fishbot/ros2bookcode/chapt7/chapt7_ws/install/fishbot_description/share/fishbot_description/package.dsv'
[1.025s] INFO:colcon.colcon_core.shell:Creating package script '/home/guo/fishbot/ros2bookcode/chapt7/chapt7_ws/install/fishbot_description/share/fishbot_description/package.sh'
[1.027s] INFO:colcon.colcon_core.shell:Creating package script '/home/guo/fishbot/ros2bookcode/chapt7/chapt7_ws/install/fishbot_description/share/fishbot_description/package.bash'
[1.029s] INFO:colcon.colcon_core.shell:Creating package script '/home/guo/fishbot/ros2bookcode/chapt7/chapt7_ws/install/fishbot_description/share/fishbot_description/package.zsh'
[1.031s] Level 1:colcon.colcon_core.environment:create_file_with_runtime_dependencies(/home/guo/fishbot/ros2bookcode/chapt7/chapt7_ws/install/fishbot_description/share/colcon-core/packages/fishbot_description)
[1.033s] Level 1:colcon.colcon_core.environment:create_environment_scripts_only(fishbot_description)
[1.033s] Level 1:colcon.colcon_core.environment:checking '/home/guo/fishbot/ros2bookcode/chapt7/chapt7_ws/install/fishbot_description' for CMake module files
[1.037s] Level 1:colcon.colcon_core.environment:checking '/home/guo/fishbot/ros2bookcode/chapt7/chapt7_ws/install/fishbot_description' for CMake config files
[1.039s] Level 1:colcon.colcon_core.shell:create_environment_hook('fishbot_description', 'cmake_prefix_path')
[1.040s] INFO:colcon.colcon_core.shell:Creating environment hook '/home/guo/fishbot/ros2bookcode/chapt7/chapt7_ws/install/fishbot_description/share/fishbot_description/hook/cmake_prefix_path.ps1'
[1.041s] INFO:colcon.colcon_core.shell:Creating environment descriptor '/home/guo/fishbot/ros2bookcode/chapt7/chapt7_ws/install/fishbot_description/share/fishbot_description/hook/cmake_prefix_path.dsv'
[1.043s] INFO:colcon.colcon_core.shell:Creating environment hook '/home/guo/fishbot/ros2bookcode/chapt7/chapt7_ws/install/fishbot_description/share/fishbot_description/hook/cmake_prefix_path.sh'
[1.043s] Level 1:colcon.colcon_core.environment:checking '/home/guo/fishbot/ros2bookcode/chapt7/chapt7_ws/install/fishbot_description/bin'
[1.043s] Level 1:colcon.colcon_core.environment:checking '/home/guo/fishbot/ros2bookcode/chapt7/chapt7_ws/install/fishbot_description/lib/pkgconfig/fishbot_description.pc'
[1.043s] Level 1:colcon.colcon_core.environment:checking '/home/guo/fishbot/ros2bookcode/chapt7/chapt7_ws/install/fishbot_description/lib/python3.10/site-packages'
[1.044s] Level 1:colcon.colcon_core.environment:checking '/home/guo/fishbot/ros2bookcode/chapt7/chapt7_ws/install/fishbot_description/bin'
[1.044s] INFO:colcon.colcon_core.shell:Creating package script '/home/guo/fishbot/ros2bookcode/chapt7/chapt7_ws/install/fishbot_description/share/fishbot_description/package.ps1'
[1.044s] INFO:colcon.colcon_core.shell:Creating package descriptor '/home/guo/fishbot/ros2bookcode/chapt7/chapt7_ws/install/fishbot_description/share/fishbot_description/package.dsv'
[1.045s] INFO:colcon.colcon_core.shell:Creating package script '/home/guo/fishbot/ros2bookcode/chapt7/chapt7_ws/install/fishbot_description/share/fishbot_description/package.sh'
[1.045s] INFO:colcon.colcon_core.shell:Creating package script '/home/guo/fishbot/ros2bookcode/chapt7/chapt7_ws/install/fishbot_description/share/fishbot_description/package.bash'
[1.045s] INFO:colcon.colcon_core.shell:Creating package script '/home/guo/fishbot/ros2bookcode/chapt7/chapt7_ws/install/fishbot_description/share/fishbot_description/package.zsh'
[1.046s] Level 1:colcon.colcon_core.environment:create_file_with_runtime_dependencies(/home/guo/fishbot/ros2bookcode/chapt7/chapt7_ws/install/fishbot_description/share/colcon-core/packages/fishbot_description)
[1.048s] DEBUG:colcon.colcon_core.event_handler.log_command:Invoked command in '/home/guo/fishbot/ros2bookcode/chapt7/chapt7_ws/build/fishbot_application_cpp' returned '0': CMAKE_PREFIX_PATH=${CMAKE_PREFIX_PATH}:/home/guo/fishbot/ros2bookcode/chapt7/chapt7_ws/install/fishbot_application:/home/guo/fishbot/ros2bookcode/chapt7/chapt7_ws/install/autopatrol_robot:/opt/ros/humble /usr/bin/cmake --build /home/guo/fishbot/ros2bookcode/chapt7/chapt7_ws/build/fishbot_application_cpp -- -j20 -l20
[1.052s] Level 1:colcon.colcon_core.environment:create_environment_scripts_only(fishbot_navigation2)
[1.052s] DEBUG:colcon.colcon_core.event_handler.log_command:Invoking command in '/home/guo/fishbot/ros2bookcode/chapt7/chapt7_ws/build/fishbot_application_cpp': CMAKE_PREFIX_PATH=${CMAKE_PREFIX_PATH}:/home/guo/fishbot/ros2bookcode/chapt7/chapt7_ws/install/fishbot_application:/home/guo/fishbot/ros2bookcode/chapt7/chapt7_ws/install/autopatrol_robot:/opt/ros/humble /usr/bin/cmake --install /home/guo/fishbot/ros2bookcode/chapt7/chapt7_ws/build/fishbot_application_cpp
[1.052s] Level 1:colcon.colcon_core.environment:checking '/home/guo/fishbot/ros2bookcode/chapt7/chapt7_ws/install/fishbot_navigation2' for CMake module files
[1.053s] DEBUG:colcon.colcon_core.event_handler.log_command:Invoked command in '/home/guo/fishbot/ros2bookcode/chapt7/chapt7_ws/build/fishbot_navigation2' returned '0': CMAKE_PREFIX_PATH=${CMAKE_PREFIX_PATH}:/home/guo/fishbot/ros2bookcode/chapt7/chapt7_ws/install/fishbot_application:/home/guo/fishbot/ros2bookcode/chapt7/chapt7_ws/install/autopatrol_robot:/opt/ros/humble /usr/bin/cmake --install /home/guo/fishbot/ros2bookcode/chapt7/chapt7_ws/build/fishbot_navigation2
[1.054s] Level 1:colcon.colcon_core.environment:checking '/home/guo/fishbot/ros2bookcode/chapt7/chapt7_ws/install/fishbot_navigation2' for CMake config files
[1.055s] Level 1:colcon.colcon_core.shell:create_environment_hook('fishbot_navigation2', 'cmake_prefix_path')
[1.055s] INFO:colcon.colcon_core.shell:Creating environment hook '/home/guo/fishbot/ros2bookcode/chapt7/chapt7_ws/install/fishbot_navigation2/share/fishbot_navigation2/hook/cmake_prefix_path.ps1'
[1.056s] INFO:colcon.colcon_core.shell:Creating environment descriptor '/home/guo/fishbot/ros2bookcode/chapt7/chapt7_ws/install/fishbot_navigation2/share/fishbot_navigation2/hook/cmake_prefix_path.dsv'
[1.056s] INFO:colcon.colcon_core.shell:Creating environment hook '/home/guo/fishbot/ros2bookcode/chapt7/chapt7_ws/install/fishbot_navigation2/share/fishbot_navigation2/hook/cmake_prefix_path.sh'
[1.057s] Level 1:colcon.colcon_core.environment:checking '/home/guo/fishbot/ros2bookcode/chapt7/chapt7_ws/install/fishbot_navigation2/bin'
[1.057s] Level 1:colcon.colcon_core.environment:checking '/home/guo/fishbot/ros2bookcode/chapt7/chapt7_ws/install/fishbot_navigation2/lib/pkgconfig/fishbot_navigation2.pc'
[1.057s] Level 1:colcon.colcon_core.environment:checking '/home/guo/fishbot/ros2bookcode/chapt7/chapt7_ws/install/fishbot_navigation2/lib/python3.10/site-packages'
[1.057s] Level 1:colcon.colcon_core.environment:checking '/home/guo/fishbot/ros2bookcode/chapt7/chapt7_ws/install/fishbot_navigation2/bin'
[1.057s] INFO:colcon.colcon_core.shell:Creating package script '/home/guo/fishbot/ros2bookcode/chapt7/chapt7_ws/install/fishbot_navigation2/share/fishbot_navigation2/package.ps1'
[1.058s] INFO:colcon.colcon_core.shell:Creating package descriptor '/home/guo/fishbot/ros2bookcode/chapt7/chapt7_ws/install/fishbot_navigation2/share/fishbot_navigation2/package.dsv'
[1.058s] INFO:colcon.colcon_core.shell:Creating package script '/home/guo/fishbot/ros2bookcode/chapt7/chapt7_ws/install/fishbot_navigation2/share/fishbot_navigation2/package.sh'
[1.059s] INFO:colcon.colcon_core.shell:Creating package script '/home/guo/fishbot/ros2bookcode/chapt7/chapt7_ws/install/fishbot_navigation2/share/fishbot_navigation2/package.bash'
[1.059s] INFO:colcon.colcon_core.shell:Creating package script '/home/guo/fishbot/ros2bookcode/chapt7/chapt7_ws/install/fishbot_navigation2/share/fishbot_navigation2/package.zsh'
[1.060s] Level 1:colcon.colcon_core.environment:create_file_with_runtime_dependencies(/home/guo/fishbot/ros2bookcode/chapt7/chapt7_ws/install/fishbot_navigation2/share/colcon-core/packages/fishbot_navigation2)
[1.060s] Level 1:colcon.colcon_core.environment:create_environment_scripts_only(fishbot_navigation2)
[1.060s] Level 1:colcon.colcon_core.environment:checking '/home/guo/fishbot/ros2bookcode/chapt7/chapt7_ws/install/fishbot_navigation2' for CMake module files
[1.061s] Level 1:colcon.colcon_core.environment:checking '/home/guo/fishbot/ros2bookcode/chapt7/chapt7_ws/install/fishbot_navigation2' for CMake config files
[1.061s] Level 1:colcon.colcon_core.shell:create_environment_hook('fishbot_navigation2', 'cmake_prefix_path')
[1.061s] INFO:colcon.colcon_core.shell:Creating environment hook '/home/guo/fishbot/ros2bookcode/chapt7/chapt7_ws/install/fishbot_navigation2/share/fishbot_navigation2/hook/cmake_prefix_path.ps1'
[1.062s] INFO:colcon.colcon_core.shell:Creating environment descriptor '/home/guo/fishbot/ros2bookcode/chapt7/chapt7_ws/install/fishbot_navigation2/share/fishbot_navigation2/hook/cmake_prefix_path.dsv'
[1.062s] INFO:colcon.colcon_core.shell:Creating environment hook '/home/guo/fishbot/ros2bookcode/chapt7/chapt7_ws/install/fishbot_navigation2/share/fishbot_navigation2/hook/cmake_prefix_path.sh'
[1.063s] Level 1:colcon.colcon_core.environment:checking '/home/guo/fishbot/ros2bookcode/chapt7/chapt7_ws/install/fishbot_navigation2/bin'
[1.063s] Level 1:colcon.colcon_core.environment:checking '/home/guo/fishbot/ros2bookcode/chapt7/chapt7_ws/install/fishbot_navigation2/lib/pkgconfig/fishbot_navigation2.pc'
[1.063s] Level 1:colcon.colcon_core.environment:checking '/home/guo/fishbot/ros2bookcode/chapt7/chapt7_ws/install/fishbot_navigation2/lib/python3.10/site-packages'
[1.063s] Level 1:colcon.colcon_core.environment:checking '/home/guo/fishbot/ros2bookcode/chapt7/chapt7_ws/install/fishbot_navigation2/bin'
[1.064s] INFO:colcon.colcon_core.shell:Creating package script '/home/guo/fishbot/ros2bookcode/chapt7/chapt7_ws/install/fishbot_navigation2/share/fishbot_navigation2/package.ps1'
[1.064s] INFO:colcon.colcon_core.shell:Creating package descriptor '/home/guo/fishbot/ros2bookcode/chapt7/chapt7_ws/install/fishbot_navigation2/share/fishbot_navigation2/package.dsv'
[1.065s] INFO:colcon.colcon_core.shell:Creating package script '/home/guo/fishbot/ros2bookcode/chapt7/chapt7_ws/install/fishbot_navigation2/share/fishbot_navigation2/package.sh'
[1.065s] INFO:colcon.colcon_core.shell:Creating package script '/home/guo/fishbot/ros2bookcode/chapt7/chapt7_ws/install/fishbot_navigation2/share/fishbot_navigation2/package.bash'
[1.065s] INFO:colcon.colcon_core.shell:Creating package script '/home/guo/fishbot/ros2bookcode/chapt7/chapt7_ws/install/fishbot_navigation2/share/fishbot_navigation2/package.zsh'
[1.065s] Level 1:colcon.colcon_core.environment:create_file_with_runtime_dependencies(/home/guo/fishbot/ros2bookcode/chapt7/chapt7_ws/install/fishbot_navigation2/share/colcon-core/packages/fishbot_navigation2)
[1.066s] Level 1:colcon.colcon_core.environment:create_environment_scripts_only(autopatrol_interfaces)
[1.066s] Level 1:colcon.colcon_core.environment:checking '/home/guo/fishbot/ros2bookcode/chapt7/chapt7_ws/install/autopatrol_interfaces' for CMake module files
[1.067s] DEBUG:colcon.colcon_core.event_handler.log_command:Invoked command in '/home/guo/fishbot/ros2bookcode/chapt7/chapt7_ws/build/autopatrol_interfaces' returned '0': CMAKE_PREFIX_PATH=${CMAKE_PREFIX_PATH}:/home/guo/fishbot/ros2bookcode/chapt7/chapt7_ws/install/fishbot_application:/home/guo/fishbot/ros2bookcode/chapt7/chapt7_ws/install/autopatrol_robot:/opt/ros/humble /usr/bin/cmake --install /home/guo/fishbot/ros2bookcode/chapt7/chapt7_ws/build/autopatrol_interfaces
[1.067s] Level 1:colcon.colcon_core.environment:checking '/home/guo/fishbot/ros2bookcode/chapt7/chapt7_ws/install/autopatrol_interfaces' for CMake config files
[1.069s] Level 1:colcon.colcon_core.shell:create_environment_hook('autopatrol_interfaces', 'cmake_prefix_path')
[1.069s] INFO:colcon.colcon_core.shell:Creating environment hook '/home/guo/fishbot/ros2bookcode/chapt7/chapt7_ws/install/autopatrol_interfaces/share/autopatrol_interfaces/hook/cmake_prefix_path.ps1'
[1.070s] INFO:colcon.colcon_core.shell:Creating environment descriptor '/home/guo/fishbot/ros2bookcode/chapt7/chapt7_ws/install/autopatrol_interfaces/share/autopatrol_interfaces/hook/cmake_prefix_path.dsv'
[1.070s] INFO:colcon.colcon_core.shell:Creating environment hook '/home/guo/fishbot/ros2bookcode/chapt7/chapt7_ws/install/autopatrol_interfaces/share/autopatrol_interfaces/hook/cmake_prefix_path.sh'
[1.071s] Level 1:colcon.colcon_core.environment:checking '/home/guo/fishbot/ros2bookcode/chapt7/chapt7_ws/install/autopatrol_interfaces/lib'
[1.071s] Level 1:colcon.colcon_core.shell:create_environment_hook('autopatrol_interfaces', 'ld_library_path_lib')
[1.071s] INFO:colcon.colcon_core.shell:Creating environment hook '/home/guo/fishbot/ros2bookcode/chapt7/chapt7_ws/install/autopatrol_interfaces/share/autopatrol_interfaces/hook/ld_library_path_lib.ps1'
[1.072s] INFO:colcon.colcon_core.shell:Creating environment descriptor '/home/guo/fishbot/ros2bookcode/chapt7/chapt7_ws/install/autopatrol_interfaces/share/autopatrol_interfaces/hook/ld_library_path_lib.dsv'
[1.072s] INFO:colcon.colcon_core.shell:Creating environment hook '/home/guo/fishbot/ros2bookcode/chapt7/chapt7_ws/install/autopatrol_interfaces/share/autopatrol_interfaces/hook/ld_library_path_lib.sh'
[1.073s] Level 1:colcon.colcon_core.environment:checking '/home/guo/fishbot/ros2bookcode/chapt7/chapt7_ws/install/autopatrol_interfaces/bin'
[1.073s] Level 1:colcon.colcon_core.environment:checking '/home/guo/fishbot/ros2bookcode/chapt7/chapt7_ws/install/autopatrol_interfaces/lib/pkgconfig/autopatrol_interfaces.pc'
[1.073s] Level 1:colcon.colcon_core.environment:checking '/home/guo/fishbot/ros2bookcode/chapt7/chapt7_ws/install/autopatrol_interfaces/lib/python3.10/site-packages'
[1.073s] Level 1:colcon.colcon_core.environment:checking '/home/guo/fishbot/ros2bookcode/chapt7/chapt7_ws/install/autopatrol_interfaces/bin'
[1.073s] INFO:colcon.colcon_core.shell:Creating package script '/home/guo/fishbot/ros2bookcode/chapt7/chapt7_ws/install/autopatrol_interfaces/share/autopatrol_interfaces/package.ps1'
[1.074s] INFO:colcon.colcon_core.shell:Creating package descriptor '/home/guo/fishbot/ros2bookcode/chapt7/chapt7_ws/install/autopatrol_interfaces/share/autopatrol_interfaces/package.dsv'
[1.074s] INFO:colcon.colcon_core.shell:Creating package script '/home/guo/fishbot/ros2bookcode/chapt7/chapt7_ws/install/autopatrol_interfaces/share/autopatrol_interfaces/package.sh'
[1.075s] INFO:colcon.colcon_core.shell:Creating package script '/home/guo/fishbot/ros2bookcode/chapt7/chapt7_ws/install/autopatrol_interfaces/share/autopatrol_interfaces/package.bash'
[1.075s] INFO:colcon.colcon_core.shell:Creating package script '/home/guo/fishbot/ros2bookcode/chapt7/chapt7_ws/install/autopatrol_interfaces/share/autopatrol_interfaces/package.zsh'
[1.075s] Level 1:colcon.colcon_core.environment:create_file_with_runtime_dependencies(/home/guo/fishbot/ros2bookcode/chapt7/chapt7_ws/install/autopatrol_interfaces/share/colcon-core/packages/autopatrol_interfaces)
[1.076s] Level 1:colcon.colcon_core.environment:create_environment_scripts_only(autopatrol_interfaces)
[1.076s] Level 1:colcon.colcon_core.environment:checking '/home/guo/fishbot/ros2bookcode/chapt7/chapt7_ws/install/autopatrol_interfaces' for CMake module files
[1.076s] Level 1:colcon.colcon_core.environment:checking '/home/guo/fishbot/ros2bookcode/chapt7/chapt7_ws/install/autopatrol_interfaces' for CMake config files
[1.077s] Level 1:colcon.colcon_core.shell:create_environment_hook('autopatrol_interfaces', 'cmake_prefix_path')
[1.077s] INFO:colcon.colcon_core.shell:Creating environment hook '/home/guo/fishbot/ros2bookcode/chapt7/chapt7_ws/install/autopatrol_interfaces/share/autopatrol_interfaces/hook/cmake_prefix_path.ps1'
[1.078s] INFO:colcon.colcon_core.shell:Creating environment descriptor '/home/guo/fishbot/ros2bookcode/chapt7/chapt7_ws/install/autopatrol_interfaces/share/autopatrol_interfaces/hook/cmake_prefix_path.dsv'
[1.078s] INFO:colcon.colcon_core.shell:Creating environment hook '/home/guo/fishbot/ros2bookcode/chapt7/chapt7_ws/install/autopatrol_interfaces/share/autopatrol_interfaces/hook/cmake_prefix_path.sh'
[1.078s] Level 1:colcon.colcon_core.environment:checking '/home/guo/fishbot/ros2bookcode/chapt7/chapt7_ws/install/autopatrol_interfaces/lib'
[1.078s] Level 1:colcon.colcon_core.shell:create_environment_hook('autopatrol_interfaces', 'ld_library_path_lib')
[1.079s] INFO:colcon.colcon_core.shell:Creating environment hook '/home/guo/fishbot/ros2bookcode/chapt7/chapt7_ws/install/autopatrol_interfaces/share/autopatrol_interfaces/hook/ld_library_path_lib.ps1'
[1.079s] INFO:colcon.colcon_core.shell:Creating environment descriptor '/home/guo/fishbot/ros2bookcode/chapt7/chapt7_ws/install/autopatrol_interfaces/share/autopatrol_interfaces/hook/ld_library_path_lib.dsv'
[1.079s] INFO:colcon.colcon_core.shell:Creating environment hook '/home/guo/fishbot/ros2bookcode/chapt7/chapt7_ws/install/autopatrol_interfaces/share/autopatrol_interfaces/hook/ld_library_path_lib.sh'
[1.079s] Level 1:colcon.colcon_core.environment:checking '/home/guo/fishbot/ros2bookcode/chapt7/chapt7_ws/install/autopatrol_interfaces/bin'
[1.080s] Level 1:colcon.colcon_core.environment:checking '/home/guo/fishbot/ros2bookcode/chapt7/chapt7_ws/install/autopatrol_interfaces/lib/pkgconfig/autopatrol_interfaces.pc'
[1.080s] Level 1:colcon.colcon_core.environment:checking '/home/guo/fishbot/ros2bookcode/chapt7/chapt7_ws/install/autopatrol_interfaces/lib/python3.10/site-packages'
[1.080s] Level 1:colcon.colcon_core.environment:checking '/home/guo/fishbot/ros2bookcode/chapt7/chapt7_ws/install/autopatrol_interfaces/bin'
[1.080s] INFO:colcon.colcon_core.shell:Creating package script '/home/guo/fishbot/ros2bookcode/chapt7/chapt7_ws/install/autopatrol_interfaces/share/autopatrol_interfaces/package.ps1'
[1.081s] INFO:colcon.colcon_core.shell:Creating package descriptor '/home/guo/fishbot/ros2bookcode/chapt7/chapt7_ws/install/autopatrol_interfaces/share/autopatrol_interfaces/package.dsv'
[1.081s] INFO:colcon.colcon_core.shell:Creating package script '/home/guo/fishbot/ros2bookcode/chapt7/chapt7_ws/install/autopatrol_interfaces/share/autopatrol_interfaces/package.sh'
[1.081s] INFO:colcon.colcon_core.shell:Creating package script '/home/guo/fishbot/ros2bookcode/chapt7/chapt7_ws/install/autopatrol_interfaces/share/autopatrol_interfaces/package.bash'
[1.082s] INFO:colcon.colcon_core.shell:Creating package script '/home/guo/fishbot/ros2bookcode/chapt7/chapt7_ws/install/autopatrol_interfaces/share/autopatrol_interfaces/package.zsh'
[1.082s] Level 1:colcon.colcon_core.environment:create_file_with_runtime_dependencies(/home/guo/fishbot/ros2bookcode/chapt7/chapt7_ws/install/autopatrol_interfaces/share/colcon-core/packages/autopatrol_interfaces)
[1.084s] Level 1:colcon.colcon_core.environment:create_environment_scripts_only(fishbot_application_cpp)
[1.084s] Level 1:colcon.colcon_core.environment:checking '/home/guo/fishbot/ros2bookcode/chapt7/chapt7_ws/install/fishbot_application_cpp' for CMake module files
[1.085s] Level 1:colcon.colcon_core.environment:checking '/home/guo/fishbot/ros2bookcode/chapt7/chapt7_ws/install/fishbot_application_cpp' for CMake config files
[1.087s] DEBUG:colcon.colcon_core.event_handler.log_command:Invoked command in '/home/guo/fishbot/ros2bookcode/chapt7/chapt7_ws/build/fishbot_application_cpp' returned '0': CMAKE_PREFIX_PATH=${CMAKE_PREFIX_PATH}:/home/guo/fishbot/ros2bookcode/chapt7/chapt7_ws/install/fishbot_application:/home/guo/fishbot/ros2bookcode/chapt7/chapt7_ws/install/autopatrol_robot:/opt/ros/humble /usr/bin/cmake --install /home/guo/fishbot/ros2bookcode/chapt7/chapt7_ws/build/fishbot_application_cpp
[1.087s] Level 1:colcon.colcon_core.shell:create_environment_hook('fishbot_application_cpp', 'cmake_prefix_path')
[1.087s] INFO:colcon.colcon_core.shell:Creating environment hook '/home/guo/fishbot/ros2bookcode/chapt7/chapt7_ws/install/fishbot_application_cpp/share/fishbot_application_cpp/hook/cmake_prefix_path.ps1'
[1.088s] INFO:colcon.colcon_core.shell:Creating environment descriptor '/home/guo/fishbot/ros2bookcode/chapt7/chapt7_ws/install/fishbot_application_cpp/share/fishbot_application_cpp/hook/cmake_prefix_path.dsv'
[1.088s] INFO:colcon.colcon_core.shell:Creating environment hook '/home/guo/fishbot/ros2bookcode/chapt7/chapt7_ws/install/fishbot_application_cpp/share/fishbot_application_cpp/hook/cmake_prefix_path.sh'
[1.089s] Level 1:colcon.colcon_core.environment:checking '/home/guo/fishbot/ros2bookcode/chapt7/chapt7_ws/install/fishbot_application_cpp/lib'
[1.089s] Level 1:colcon.colcon_core.environment:checking '/home/guo/fishbot/ros2bookcode/chapt7/chapt7_ws/install/fishbot_application_cpp/bin'
[1.089s] Level 1:colcon.colcon_core.environment:checking '/home/guo/fishbot/ros2bookcode/chapt7/chapt7_ws/install/fishbot_application_cpp/lib/pkgconfig/fishbot_application_cpp.pc'
[1.089s] Level 1:colcon.colcon_core.environment:checking '/home/guo/fishbot/ros2bookcode/chapt7/chapt7_ws/install/fishbot_application_cpp/lib/python3.10/site-packages'
[1.089s] Level 1:colcon.colcon_core.environment:checking '/home/guo/fishbot/ros2bookcode/chapt7/chapt7_ws/install/fishbot_application_cpp/bin'
[1.089s] INFO:colcon.colcon_core.shell:Creating package script '/home/guo/fishbot/ros2bookcode/chapt7/chapt7_ws/install/fishbot_application_cpp/share/fishbot_application_cpp/package.ps1'
[1.090s] INFO:colcon.colcon_core.shell:Creating package descriptor '/home/guo/fishbot/ros2bookcode/chapt7/chapt7_ws/install/fishbot_application_cpp/share/fishbot_application_cpp/package.dsv'
[1.090s] INFO:colcon.colcon_core.shell:Creating package script '/home/guo/fishbot/ros2bookcode/chapt7/chapt7_ws/install/fishbot_application_cpp/share/fishbot_application_cpp/package.sh'
[1.091s] INFO:colcon.colcon_core.shell:Creating package script '/home/guo/fishbot/ros2bookcode/chapt7/chapt7_ws/install/fishbot_application_cpp/share/fishbot_application_cpp/package.bash'
[1.091s] INFO:colcon.colcon_core.shell:Creating package script '/home/guo/fishbot/ros2bookcode/chapt7/chapt7_ws/install/fishbot_application_cpp/share/fishbot_application_cpp/package.zsh'
[1.091s] Level 1:colcon.colcon_core.environment:create_file_with_runtime_dependencies(/home/guo/fishbot/ros2bookcode/chapt7/chapt7_ws/install/fishbot_application_cpp/share/colcon-core/packages/fishbot_application_cpp)
[1.092s] Level 1:colcon.colcon_core.environment:create_environment_scripts_only(fishbot_application_cpp)
[1.092s] Level 1:colcon.colcon_core.environment:checking '/home/guo/fishbot/ros2bookcode/chapt7/chapt7_ws/install/fishbot_application_cpp' for CMake module files
[1.092s] Level 1:colcon.colcon_core.environment:checking '/home/guo/fishbot/ros2bookcode/chapt7/chapt7_ws/install/fishbot_application_cpp' for CMake config files
[1.093s] Level 1:colcon.colcon_core.shell:create_environment_hook('fishbot_application_cpp', 'cmake_prefix_path')
[1.093s] INFO:colcon.colcon_core.shell:Creating environment hook '/home/guo/fishbot/ros2bookcode/chapt7/chapt7_ws/install/fishbot_application_cpp/share/fishbot_application_cpp/hook/cmake_prefix_path.ps1'
[1.093s] INFO:colcon.colcon_core.shell:Creating environment descriptor '/home/guo/fishbot/ros2bookcode/chapt7/chapt7_ws/install/fishbot_application_cpp/share/fishbot_application_cpp/hook/cmake_prefix_path.dsv'
[1.094s] INFO:colcon.colcon_core.shell:Creating environment hook '/home/guo/fishbot/ros2bookcode/chapt7/chapt7_ws/install/fishbot_application_cpp/share/fishbot_application_cpp/hook/cmake_prefix_path.sh'
[1.094s] Level 1:colcon.colcon_core.environment:checking '/home/guo/fishbot/ros2bookcode/chapt7/chapt7_ws/install/fishbot_application_cpp/lib'
[1.094s] Level 1:colcon.colcon_core.environment:checking '/home/guo/fishbot/ros2bookcode/chapt7/chapt7_ws/install/fishbot_application_cpp/bin'
[1.094s] Level 1:colcon.colcon_core.environment:checking '/home/guo/fishbot/ros2bookcode/chapt7/chapt7_ws/install/fishbot_application_cpp/lib/pkgconfig/fishbot_application_cpp.pc'
[1.094s] Level 1:colcon.colcon_core.environment:checking '/home/guo/fishbot/ros2bookcode/chapt7/chapt7_ws/install/fishbot_application_cpp/lib/python3.10/site-packages'
[1.095s] Level 1:colcon.colcon_core.environment:checking '/home/guo/fishbot/ros2bookcode/chapt7/chapt7_ws/install/fishbot_application_cpp/bin'
[1.095s] INFO:colcon.colcon_core.shell:Creating package script '/home/guo/fishbot/ros2bookcode/chapt7/chapt7_ws/install/fishbot_application_cpp/share/fishbot_application_cpp/package.ps1'
[1.095s] INFO:colcon.colcon_core.shell:Creating package descriptor '/home/guo/fishbot/ros2bookcode/chapt7/chapt7_ws/install/fishbot_application_cpp/share/fishbot_application_cpp/package.dsv'
[1.096s] INFO:colcon.colcon_core.shell:Creating package script '/home/guo/fishbot/ros2bookcode/chapt7/chapt7_ws/install/fishbot_application_cpp/share/fishbot_application_cpp/package.sh'
[1.096s] INFO:colcon.colcon_core.shell:Creating package script '/home/guo/fishbot/ros2bookcode/chapt7/chapt7_ws/install/fishbot_application_cpp/share/fishbot_application_cpp/package.bash'
[1.096s] INFO:colcon.colcon_core.shell:Creating package script '/home/guo/fishbot/ros2bookcode/chapt7/chapt7_ws/install/fishbot_application_cpp/share/fishbot_application_cpp/package.zsh'
[1.097s] Level 1:colcon.colcon_core.environment:create_file_with_runtime_dependencies(/home/guo/fishbot/ros2bookcode/chapt7/chapt7_ws/install/fishbot_application_cpp/share/colcon-core/packages/fishbot_application_cpp)
[1.399s] DEBUG:colcon.colcon_core.event_handler.log_command:Invoking command in '/home/guo/fishbot/ros2bookcode/chapt7/chapt7_ws/src/autopatrol_robot': PYTHONPATH=/home/guo/fishbot/ros2bookcode/chapt7/chapt7_ws/build/autopatrol_robot/prefix_override:/usr/lib/python3/dist-packages/colcon_core/task/python/colcon_distutils_commands:/home/guo/fishbot/ros2bookcode/chapt7/chapt7_ws/install/autopatrol_robot/lib/python3.10/site-packages:${PYTHONPATH} /usr/bin/python3 -W ignore:setup.py install is deprecated -W ignore:easy_install command is deprecated setup.py egg_info --egg-base ../../build/autopatrol_robot build --build-base /home/guo/fishbot/ros2bookcode/chapt7/chapt7_ws/build/autopatrol_robot/build install --record /home/guo/fishbot/ros2bookcode/chapt7/chapt7_ws/build/autopatrol_robot/install.log --single-version-externally-managed install_data
[1.405s] DEBUG:colcon.colcon_core.event_handler.log_command:Invoking command in '/home/guo/fishbot/ros2bookcode/chapt7/chapt7_ws/src/fishbot_application': PYTHONPATH=/home/guo/fishbot/ros2bookcode/chapt7/chapt7_ws/build/fishbot_application/prefix_override:/usr/lib/python3/dist-packages/colcon_core/task/python/colcon_distutils_commands:/home/guo/fishbot/ros2bookcode/chapt7/chapt7_ws/install/fishbot_application/lib/python3.10/site-packages:${PYTHONPATH} /usr/bin/python3 -W ignore:setup.py install is deprecated -W ignore:easy_install command is deprecated setup.py egg_info --egg-base ../../build/fishbot_application build --build-base /home/guo/fishbot/ros2bookcode/chapt7/chapt7_ws/build/fishbot_application/build install --record /home/guo/fishbot/ros2bookcode/chapt7/chapt7_ws/build/fishbot_application/install.log --single-version-externally-managed install_data
[1.593s] Level 1:colcon.colcon_core.environment:checking '/home/guo/fishbot/ros2bookcode/chapt7/chapt7_ws/install/autopatrol_robot' for CMake module files
[1.594s] DEBUG:colcon.colcon_core.event_handler.log_command:Invoked command in '/home/guo/fishbot/ros2bookcode/chapt7/chapt7_ws/src/autopatrol_robot' returned '0': PYTHONPATH=/home/guo/fishbot/ros2bookcode/chapt7/chapt7_ws/build/autopatrol_robot/prefix_override:/usr/lib/python3/dist-packages/colcon_core/task/python/colcon_distutils_commands:/home/guo/fishbot/ros2bookcode/chapt7/chapt7_ws/install/autopatrol_robot/lib/python3.10/site-packages:${PYTHONPATH} /usr/bin/python3 -W ignore:setup.py install is deprecated -W ignore:easy_install command is deprecated setup.py egg_info --egg-base ../../build/autopatrol_robot build --build-base /home/guo/fishbot/ros2bookcode/chapt7/chapt7_ws/build/autopatrol_robot/build install --record /home/guo/fishbot/ros2bookcode/chapt7/chapt7_ws/build/autopatrol_robot/install.log --single-version-externally-managed install_data
[1.594s] Level 1:colcon.colcon_core.environment:checking '/home/guo/fishbot/ros2bookcode/chapt7/chapt7_ws/install/autopatrol_robot' for CMake config files
[1.597s] Level 1:colcon.colcon_core.environment:checking '/home/guo/fishbot/ros2bookcode/chapt7/chapt7_ws/install/autopatrol_robot/lib'
[1.597s] Level 1:colcon.colcon_core.environment:checking '/home/guo/fishbot/ros2bookcode/chapt7/chapt7_ws/install/autopatrol_robot/bin'
[1.597s] Level 1:colcon.colcon_core.environment:checking '/home/guo/fishbot/ros2bookcode/chapt7/chapt7_ws/install/autopatrol_robot/lib/pkgconfig/autopatrol_robot.pc'
[1.597s] Level 1:colcon.colcon_core.environment:checking '/home/guo/fishbot/ros2bookcode/chapt7/chapt7_ws/install/autopatrol_robot/lib/python3.10/site-packages'
[1.597s] Level 1:colcon.colcon_core.shell:create_environment_hook('autopatrol_robot', 'pythonpath')
[1.597s] INFO:colcon.colcon_core.shell:Creating environment hook '/home/guo/fishbot/ros2bookcode/chapt7/chapt7_ws/install/autopatrol_robot/share/autopatrol_robot/hook/pythonpath.ps1'
[1.598s] INFO:colcon.colcon_core.shell:Creating environment descriptor '/home/guo/fishbot/ros2bookcode/chapt7/chapt7_ws/install/autopatrol_robot/share/autopatrol_robot/hook/pythonpath.dsv'
[1.599s] INFO:colcon.colcon_core.shell:Creating environment hook '/home/guo/fishbot/ros2bookcode/chapt7/chapt7_ws/install/autopatrol_robot/share/autopatrol_robot/hook/pythonpath.sh'
[1.599s] Level 1:colcon.colcon_core.environment:checking '/home/guo/fishbot/ros2bookcode/chapt7/chapt7_ws/install/autopatrol_robot/bin'
[1.599s] Level 1:colcon.colcon_core.environment:create_environment_scripts_only(autopatrol_robot)
[1.599s] INFO:colcon.colcon_core.shell:Creating package script '/home/guo/fishbot/ros2bookcode/chapt7/chapt7_ws/install/autopatrol_robot/share/autopatrol_robot/package.ps1'
[1.600s] INFO:colcon.colcon_core.shell:Creating package descriptor '/home/guo/fishbot/ros2bookcode/chapt7/chapt7_ws/install/autopatrol_robot/share/autopatrol_robot/package.dsv'
[1.600s] INFO:colcon.colcon_core.shell:Creating package script '/home/guo/fishbot/ros2bookcode/chapt7/chapt7_ws/install/autopatrol_robot/share/autopatrol_robot/package.sh'
[1.601s] INFO:colcon.colcon_core.shell:Creating package script '/home/guo/fishbot/ros2bookcode/chapt7/chapt7_ws/install/autopatrol_robot/share/autopatrol_robot/package.bash'
[1.601s] INFO:colcon.colcon_core.shell:Creating package script '/home/guo/fishbot/ros2bookcode/chapt7/chapt7_ws/install/autopatrol_robot/share/autopatrol_robot/package.zsh'
[1.601s] Level 1:colcon.colcon_core.environment:create_file_with_runtime_dependencies(/home/guo/fishbot/ros2bookcode/chapt7/chapt7_ws/install/autopatrol_robot/share/colcon-core/packages/autopatrol_robot)
[1.602s] Level 1:colcon.colcon_core.environment:checking '/home/guo/fishbot/ros2bookcode/chapt7/chapt7_ws/install/fishbot_application' for CMake module files
[1.603s] DEBUG:colcon.colcon_core.event_handler.log_command:Invoked command in '/home/guo/fishbot/ros2bookcode/chapt7/chapt7_ws/src/fishbot_application' returned '0': PYTHONPATH=/home/guo/fishbot/ros2bookcode/chapt7/chapt7_ws/build/fishbot_application/prefix_override:/usr/lib/python3/dist-packages/colcon_core/task/python/colcon_distutils_commands:/home/guo/fishbot/ros2bookcode/chapt7/chapt7_ws/install/fishbot_application/lib/python3.10/site-packages:${PYTHONPATH} /usr/bin/python3 -W ignore:setup.py install is deprecated -W ignore:easy_install command is deprecated setup.py egg_info --egg-base ../../build/fishbot_application build --build-base /home/guo/fishbot/ros2bookcode/chapt7/chapt7_ws/build/fishbot_application/build install --record /home/guo/fishbot/ros2bookcode/chapt7/chapt7_ws/build/fishbot_application/install.log --single-version-externally-managed install_data
[1.603s] Level 1:colcon.colcon_core.environment:checking '/home/guo/fishbot/ros2bookcode/chapt7/chapt7_ws/install/fishbot_application' for CMake config files
[1.604s] Level 1:colcon.colcon_core.environment:checking '/home/guo/fishbot/ros2bookcode/chapt7/chapt7_ws/install/fishbot_application/lib'
[1.604s] Level 1:colcon.colcon_core.environment:checking '/home/guo/fishbot/ros2bookcode/chapt7/chapt7_ws/install/fishbot_application/bin'
[1.604s] Level 1:colcon.colcon_core.environment:checking '/home/guo/fishbot/ros2bookcode/chapt7/chapt7_ws/install/fishbot_application/lib/pkgconfig/fishbot_application.pc'
[1.605s] Level 1:colcon.colcon_core.environment:checking '/home/guo/fishbot/ros2bookcode/chapt7/chapt7_ws/install/fishbot_application/lib/python3.10/site-packages'
[1.605s] Level 1:colcon.colcon_core.shell:create_environment_hook('fishbot_application', 'pythonpath')
[1.605s] INFO:colcon.colcon_core.shell:Creating environment hook '/home/guo/fishbot/ros2bookcode/chapt7/chapt7_ws/install/fishbot_application/share/fishbot_application/hook/pythonpath.ps1'
[1.605s] INFO:colcon.colcon_core.shell:Creating environment descriptor '/home/guo/fishbot/ros2bookcode/chapt7/chapt7_ws/install/fishbot_application/share/fishbot_application/hook/pythonpath.dsv'
[1.605s] INFO:colcon.colcon_core.shell:Creating environment hook '/home/guo/fishbot/ros2bookcode/chapt7/chapt7_ws/install/fishbot_application/share/fishbot_application/hook/pythonpath.sh'
[1.606s] Level 1:colcon.colcon_core.environment:checking '/home/guo/fishbot/ros2bookcode/chapt7/chapt7_ws/install/fishbot_application/bin'
[1.606s] Level 1:colcon.colcon_core.environment:create_environment_scripts_only(fishbot_application)
[1.606s] INFO:colcon.colcon_core.shell:Creating package script '/home/guo/fishbot/ros2bookcode/chapt7/chapt7_ws/install/fishbot_application/share/fishbot_application/package.ps1'
[1.607s] INFO:colcon.colcon_core.shell:Creating package descriptor '/home/guo/fishbot/ros2bookcode/chapt7/chapt7_ws/install/fishbot_application/share/fishbot_application/package.dsv'
[1.607s] INFO:colcon.colcon_core.shell:Creating package script '/home/guo/fishbot/ros2bookcode/chapt7/chapt7_ws/install/fishbot_application/share/fishbot_application/package.sh'
[1.607s] INFO:colcon.colcon_core.shell:Creating package script '/home/guo/fishbot/ros2bookcode/chapt7/chapt7_ws/install/fishbot_application/share/fishbot_application/package.bash'
[1.608s] INFO:colcon.colcon_core.shell:Creating package script '/home/guo/fishbot/ros2bookcode/chapt7/chapt7_ws/install/fishbot_application/share/fishbot_application/package.zsh'
[1.608s] Level 1:colcon.colcon_core.environment:create_file_with_runtime_dependencies(/home/guo/fishbot/ros2bookcode/chapt7/chapt7_ws/install/fishbot_application/share/colcon-core/packages/fishbot_application)
[1.608s] DEBUG:colcon.colcon_parallel_executor.executor.parallel:closing loop
[1.609s] DEBUG:colcon.colcon_parallel_executor.executor.parallel:loop closed
[1.609s] DEBUG:colcon.colcon_parallel_executor.executor.parallel:run_until_complete finished with '0'
[1.609s] DEBUG:colcon.colcon_core.event_reactor:joining thread
[1.664s] INFO:colcon.colcon_core.plugin_system:Skipping extension 'colcon_notification.desktop_notification.notify_send': Could not find 'notify-send'
[1.665s] INFO:colcon.colcon_core.plugin_system:Skipping extension 'colcon_notification.desktop_notification.terminal_notifier': Not used on non-Darwin systems
[1.665s] INFO:colcon.colcon_core.plugin_system:Skipping extension 'colcon_notification.desktop_notification.win32': Not used on non-Windows systems
[1.665s] INFO:colcon.colcon_notification.desktop_notification:Sending desktop notification using 'notify2'
[1.682s] DEBUG:colcon.colcon_notification.desktop_notification.notify2:Failed to initialize notify2: org.freedesktop.DBus.Error.ServiceUnknown: The name org.freedesktop.Notifications was not provided by any .service files
[1.683s] DEBUG:colcon.colcon_core.event_reactor:joined thread
[1.683s] INFO:colcon.colcon_core.shell:Creating prefix script '/home/guo/fishbot/ros2bookcode/chapt7/chapt7_ws/install/local_setup.ps1'
[1.684s] INFO:colcon.colcon_core.shell:Creating prefix util module '/home/guo/fishbot/ros2bookcode/chapt7/chapt7_ws/install/_local_setup_util_ps1.py'
[1.685s] INFO:colcon.colcon_core.shell:Creating prefix chain script '/home/guo/fishbot/ros2bookcode/chapt7/chapt7_ws/install/setup.ps1'
[1.686s] INFO:colcon.colcon_core.shell:Creating prefix script '/home/guo/fishbot/ros2bookcode/chapt7/chapt7_ws/install/local_setup.sh'
[1.686s] INFO:colcon.colcon_core.shell:Creating prefix util module '/home/guo/fishbot/ros2bookcode/chapt7/chapt7_ws/install/_local_setup_util_sh.py'
[1.687s] INFO:colcon.colcon_core.shell:Creating prefix chain script '/home/guo/fishbot/ros2bookcode/chapt7/chapt7_ws/install/setup.sh'
[1.688s] INFO:colcon.colcon_core.shell:Creating prefix script '/home/guo/fishbot/ros2bookcode/chapt7/chapt7_ws/install/local_setup.bash'
[1.689s] INFO:colcon.colcon_core.shell:Creating prefix chain script '/home/guo/fishbot/ros2bookcode/chapt7/chapt7_ws/install/setup.bash'
[1.690s] INFO:colcon.colcon_core.shell:Creating prefix script '/home/guo/fishbot/ros2bookcode/chapt7/chapt7_ws/install/local_setup.zsh'
[1.691s] INFO:colcon.colcon_core.shell:Creating prefix chain script '/home/guo/fishbot/ros2bookcode/chapt7/chapt7_ws/install/setup.zsh'
