[0.682s] Invoking command in '/home/guo/fishbot/ros2bookcode/chapt7/chapt7_ws/src/autopatrol_robot': PYTHONPATH=/home/guo/fishbot/ros2bookcode/chapt7/chapt7_ws/build/autopatrol_robot/prefix_override:/usr/lib/python3/dist-packages/colcon_core/task/python/colcon_distutils_commands:/home/guo/fishbot/ros2bookcode/chapt7/chapt7_ws/install/autopatrol_robot/lib/python3.10/site-packages:${PYTHONPATH} /usr/bin/python3 -W ignore:setup.py install is deprecated -W ignore:easy_install command is deprecated setup.py egg_info --egg-base ../../build/autopatrol_robot build --build-base /home/guo/fishbot/ros2bookcode/chapt7/chapt7_ws/build/autopatrol_robot/build install --record /home/guo/fishbot/ros2bookcode/chapt7/chapt7_ws/build/autopatrol_robot/install.log --single-version-externally-managed install_data
[0.826s] running egg_info
[0.827s] creating ../../build/autopatrol_robot/autopatrol_robot.egg-info
[0.827s] writing ../../build/autopatrol_robot/autopatrol_robot.egg-info/PKG-INFO
[0.828s] writing dependency_links to ../../build/autopatrol_robot/autopatrol_robot.egg-info/dependency_links.txt
[0.828s] writing entry points to ../../build/autopatrol_robot/autopatrol_robot.egg-info/entry_points.txt
[0.828s] writing requirements to ../../build/autopatrol_robot/autopatrol_robot.egg-info/requires.txt
[0.828s] writing top-level names to ../../build/autopatrol_robot/autopatrol_robot.egg-info/top_level.txt
[0.828s] writing manifest file '../../build/autopatrol_robot/autopatrol_robot.egg-info/SOURCES.txt'
[0.830s] reading manifest file '../../build/autopatrol_robot/autopatrol_robot.egg-info/SOURCES.txt'
[0.830s] writing manifest file '../../build/autopatrol_robot/autopatrol_robot.egg-info/SOURCES.txt'
[0.831s] running build
[0.831s] running build_py
[0.831s] creating /home/guo/fishbot/ros2bookcode/chapt7/chapt7_ws/build/autopatrol_robot/build
[0.832s] creating /home/guo/fishbot/ros2bookcode/chapt7/chapt7_ws/build/autopatrol_robot/build/lib
[0.832s] creating /home/guo/fishbot/ros2bookcode/chapt7/chapt7_ws/build/autopatrol_robot/build/lib/autopatrol_robot
[0.832s] copying autopatrol_robot/patrol_node.py -> /home/guo/fishbot/ros2bookcode/chapt7/chapt7_ws/build/autopatrol_robot/build/lib/autopatrol_robot
[0.832s] copying autopatrol_robot/speaker.py -> /home/guo/fishbot/ros2bookcode/chapt7/chapt7_ws/build/autopatrol_robot/build/lib/autopatrol_robot
[0.832s] copying autopatrol_robot/__init__.py -> /home/guo/fishbot/ros2bookcode/chapt7/chapt7_ws/build/autopatrol_robot/build/lib/autopatrol_robot
[0.832s] running install
[0.832s] running install_lib
[0.832s] creating /home/guo/fishbot/ros2bookcode/chapt7/chapt7_ws/install/autopatrol_robot/lib/python3.10/site-packages/autopatrol_robot
[0.832s] copying /home/guo/fishbot/ros2bookcode/chapt7/chapt7_ws/build/autopatrol_robot/build/lib/autopatrol_robot/patrol_node.py -> /home/guo/fishbot/ros2bookcode/chapt7/chapt7_ws/install/autopatrol_robot/lib/python3.10/site-packages/autopatrol_robot
[0.833s] copying /home/guo/fishbot/ros2bookcode/chapt7/chapt7_ws/build/autopatrol_robot/build/lib/autopatrol_robot/speaker.py -> /home/guo/fishbot/ros2bookcode/chapt7/chapt7_ws/install/autopatrol_robot/lib/python3.10/site-packages/autopatrol_robot
[0.833s] copying /home/guo/fishbot/ros2bookcode/chapt7/chapt7_ws/build/autopatrol_robot/build/lib/autopatrol_robot/__init__.py -> /home/guo/fishbot/ros2bookcode/chapt7/chapt7_ws/install/autopatrol_robot/lib/python3.10/site-packages/autopatrol_robot
[0.833s] byte-compiling /home/guo/fishbot/ros2bookcode/chapt7/chapt7_ws/install/autopatrol_robot/lib/python3.10/site-packages/autopatrol_robot/patrol_node.py to patrol_node.cpython-310.pyc
[0.834s] byte-compiling /home/guo/fishbot/ros2bookcode/chapt7/chapt7_ws/install/autopatrol_robot/lib/python3.10/site-packages/autopatrol_robot/speaker.py to speaker.cpython-310.pyc
[0.834s] byte-compiling /home/guo/fishbot/ros2bookcode/chapt7/chapt7_ws/install/autopatrol_robot/lib/python3.10/site-packages/autopatrol_robot/__init__.py to __init__.cpython-310.pyc
[0.835s] running install_data
[0.835s] creating /home/guo/fishbot/ros2bookcode/chapt7/chapt7_ws/install/autopatrol_robot/share/ament_index
[0.835s] creating /home/guo/fishbot/ros2bookcode/chapt7/chapt7_ws/install/autopatrol_robot/share/ament_index/resource_index
[0.835s] creating /home/guo/fishbot/ros2bookcode/chapt7/chapt7_ws/install/autopatrol_robot/share/ament_index/resource_index/packages
[0.835s] copying resource/autopatrol_robot -> /home/guo/fishbot/ros2bookcode/chapt7/chapt7_ws/install/autopatrol_robot/share/ament_index/resource_index/packages
[0.835s] copying package.xml -> /home/guo/fishbot/ros2bookcode/chapt7/chapt7_ws/install/autopatrol_robot/share/autopatrol_robot
[0.835s] creating /home/guo/fishbot/ros2bookcode/chapt7/chapt7_ws/install/autopatrol_robot/share/autopatrol_robot/config
[0.836s] copying config/patrol_config.yaml -> /home/guo/fishbot/ros2bookcode/chapt7/chapt7_ws/install/autopatrol_robot/share/autopatrol_robot/config
[0.836s] creating /home/guo/fishbot/ros2bookcode/chapt7/chapt7_ws/install/autopatrol_robot/share/autopatrol_robot/launch
[0.836s] copying launch/autopatrol.launch.py -> /home/guo/fishbot/ros2bookcode/chapt7/chapt7_ws/install/autopatrol_robot/share/autopatrol_robot/launch
[0.836s] running install_egg_info
[0.838s] Copying ../../build/autopatrol_robot/autopatrol_robot.egg-info to /home/guo/fishbot/ros2bookcode/chapt7/chapt7_ws/install/autopatrol_robot/lib/python3.10/site-packages/autopatrol_robot-0.0.0-py3.10.egg-info
[0.838s] running install_scripts
[0.852s] Installing patrol_node script to /home/guo/fishbot/ros2bookcode/chapt7/chapt7_ws/install/autopatrol_robot/lib/autopatrol_robot
[0.852s] Installing speaker script to /home/guo/fishbot/ros2bookcode/chapt7/chapt7_ws/install/autopatrol_robot/lib/autopatrol_robot
[0.853s] writing list of installed files to '/home/guo/fishbot/ros2bookcode/chapt7/chapt7_ws/build/autopatrol_robot/install.log'
[0.869s] Invoked command in '/home/guo/fishbot/ros2bookcode/chapt7/chapt7_ws/src/autopatrol_robot' returned '0': PYTHONPATH=/home/guo/fishbot/ros2bookcode/chapt7/chapt7_ws/build/autopatrol_robot/prefix_override:/usr/lib/python3/dist-packages/colcon_core/task/python/colcon_distutils_commands:/home/guo/fishbot/ros2bookcode/chapt7/chapt7_ws/install/autopatrol_robot/lib/python3.10/site-packages:${PYTHONPATH} /usr/bin/python3 -W ignore:setup.py install is deprecated -W ignore:easy_install command is deprecated setup.py egg_info --egg-base ../../build/autopatrol_robot build --build-base /home/guo/fishbot/ros2bookcode/chapt7/chapt7_ws/build/autopatrol_robot/build install --record /home/guo/fishbot/ros2bookcode/chapt7/chapt7_ws/build/autopatrol_robot/install.log --single-version-externally-managed install_data
