[0.332s] Invoking command in '/home/guo/fishbot/ros2bookcode/chapt7/chapt7_ws/build/fishbot_navigation2': CMAKE_PREFIX_PATH=${CMAKE_PREFIX_PATH}:/home/guo/fishbot/ros2bookcode/chapt7/chapt7_ws/install/fishbot_application:/home/guo/fishbot/ros2bookcode/chapt7/chapt7_ws/install/autopatrol_robot:/opt/ros/humble /usr/bin/cmake --build /home/guo/fishbot/ros2bookcode/chapt7/chapt7_ws/build/fishbot_navigation2 -- -j20 -l20
[0.366s] Invoked command in '/home/guo/fishbot/ros2bookcode/chapt7/chapt7_ws/build/fishbot_navigation2' returned '0': CMAKE_PREFIX_PATH=${CMAKE_PREFIX_PATH}:/home/guo/fishbot/ros2bookcode/chapt7/chapt7_ws/install/fishbot_application:/home/guo/fishbot/ros2bookcode/chapt7/chapt7_ws/install/autopatrol_robot:/opt/ros/humble /usr/bin/cmake --build /home/guo/fishbot/ros2bookcode/chapt7/chapt7_ws/build/fishbot_navigation2 -- -j20 -l20
[0.367s] Invoking command in '/home/guo/fishbot/ros2bookcode/chapt7/chapt7_ws/build/fishbot_navigation2': CMAKE_PREFIX_PATH=${CMAKE_PREFIX_PATH}:/home/guo/fishbot/ros2bookcode/chapt7/chapt7_ws/install/fishbot_application:/home/guo/fishbot/ros2bookcode/chapt7/chapt7_ws/install/autopatrol_robot:/opt/ros/humble /usr/bin/cmake --install /home/guo/fishbot/ros2bookcode/chapt7/chapt7_ws/build/fishbot_navigation2
[0.375s] -- Install configuration: ""
[0.375s] -- Execute custom install script
[0.375s] -- Up-to-date symlink: /home/guo/fishbot/ros2bookcode/chapt7/chapt7_ws/install/fishbot_navigation2/share/fishbot_navigation2/launch/navigation2.launch.py
[0.376s] -- Up-to-date symlink: /home/guo/fishbot/ros2bookcode/chapt7/chapt7_ws/install/fishbot_navigation2/share/fishbot_navigation2/maps/room.pgm
[0.376s] -- Up-to-date symlink: /home/guo/fishbot/ros2bookcode/chapt7/chapt7_ws/install/fishbot_navigation2/share/fishbot_navigation2/maps/room.yaml
[0.377s] -- Up-to-date symlink: /home/guo/fishbot/ros2bookcode/chapt7/chapt7_ws/install/fishbot_navigation2/share/fishbot_navigation2/config/nav2_params.yaml
[0.377s] -- Up-to-date symlink: /home/guo/fishbot/ros2bookcode/chapt7/chapt7_ws/install/fishbot_navigation2/share/ament_index/resource_index/package_run_dependencies/fishbot_navigation2
[0.378s] -- Up-to-date symlink: /home/guo/fishbot/ros2bookcode/chapt7/chapt7_ws/install/fishbot_navigation2/share/ament_index/resource_index/parent_prefix_path/fishbot_navigation2
[0.378s] -- Up-to-date symlink: /home/guo/fishbot/ros2bookcode/chapt7/chapt7_ws/install/fishbot_navigation2/share/fishbot_navigation2/environment/ament_prefix_path.sh
[0.378s] -- Up-to-date symlink: /home/guo/fishbot/ros2bookcode/chapt7/chapt7_ws/install/fishbot_navigation2/share/fishbot_navigation2/environment/ament_prefix_path.dsv
[0.378s] -- Up-to-date symlink: /home/guo/fishbot/ros2bookcode/chapt7/chapt7_ws/install/fishbot_navigation2/share/fishbot_navigation2/environment/path.sh
[0.378s] -- Up-to-date symlink: /home/guo/fishbot/ros2bookcode/chapt7/chapt7_ws/install/fishbot_navigation2/share/fishbot_navigation2/environment/path.dsv
[0.379s] -- Up-to-date symlink: /home/guo/fishbot/ros2bookcode/chapt7/chapt7_ws/install/fishbot_navigation2/share/fishbot_navigation2/local_setup.bash
[0.379s] -- Up-to-date symlink: /home/guo/fishbot/ros2bookcode/chapt7/chapt7_ws/install/fishbot_navigation2/share/fishbot_navigation2/local_setup.sh
[0.379s] -- Up-to-date symlink: /home/guo/fishbot/ros2bookcode/chapt7/chapt7_ws/install/fishbot_navigation2/share/fishbot_navigation2/local_setup.zsh
[0.379s] -- Up-to-date symlink: /home/guo/fishbot/ros2bookcode/chapt7/chapt7_ws/install/fishbot_navigation2/share/fishbot_navigation2/local_setup.dsv
[0.379s] -- Symlinking: /home/guo/fishbot/ros2bookcode/chapt7/chapt7_ws/install/fishbot_navigation2/share/fishbot_navigation2/package.dsv
[0.380s] -- Up-to-date symlink: /home/guo/fishbot/ros2bookcode/chapt7/chapt7_ws/install/fishbot_navigation2/share/ament_index/resource_index/packages/fishbot_navigation2
[0.380s] -- Up-to-date symlink: /home/guo/fishbot/ros2bookcode/chapt7/chapt7_ws/install/fishbot_navigation2/share/fishbot_navigation2/cmake/fishbot_navigation2Config.cmake
[0.380s] -- Up-to-date symlink: /home/guo/fishbot/ros2bookcode/chapt7/chapt7_ws/install/fishbot_navigation2/share/fishbot_navigation2/cmake/fishbot_navigation2Config-version.cmake
[0.381s] -- Up-to-date symlink: /home/guo/fishbot/ros2bookcode/chapt7/chapt7_ws/install/fishbot_navigation2/share/fishbot_navigation2/package.xml
[0.402s] Invoked command in '/home/guo/fishbot/ros2bookcode/chapt7/chapt7_ws/build/fishbot_navigation2' returned '0': CMAKE_PREFIX_PATH=${CMAKE_PREFIX_PATH}:/home/guo/fishbot/ros2bookcode/chapt7/chapt7_ws/install/fishbot_application:/home/guo/fishbot/ros2bookcode/chapt7/chapt7_ws/install/autopatrol_robot:/opt/ros/humble /usr/bin/cmake --install /home/guo/fishbot/ros2bookcode/chapt7/chapt7_ws/build/fishbot_navigation2
