[0.031s] Invoking command in '/home/guo/fishbot/ros2bookcode/chapt7/chapt7_ws/build/autopatrol_interfaces': CMAKE_PREFIX_PATH=/opt/ros/humble /usr/bin/cmake --build /home/guo/fishbot/ros2bookcode/chapt7/chapt7_ws/build/autopatrol_interfaces -- -j20 -l20
[0.360s] [  3%] Built target autopatrol_interfaces__cpp
[0.361s] [ 12%] Built target autopatrol_interfaces__rosidl_generator_c
[0.361s] [ 12%] Built target ament_cmake_python_copy_autopatrol_interfaces
[0.362s] [ 22%] Built target autopatrol_interfaces__rosidl_typesupport_cpp
[0.362s] [ 32%] Built target autopatrol_interfaces__rosidl_typesupport_fastrtps_cpp
[0.363s] [ 41%] Built target autopatrol_interfaces__rosidl_typesupport_introspection_cpp
[0.363s] [ 51%] Built target autopatrol_interfaces__rosidl_typesupport_introspection_c
[0.363s] [ 61%] Built target autopatrol_interfaces__rosidl_typesupport_c
[0.363s] [ 70%] Built target autopatrol_interfaces__rosidl_typesupport_fastrtps_c
[0.363s] [ 70%] Built target autopatrol_interfaces
[0.363s] [ 74%] Built target autopatrol_interfaces__py
[0.363s] [ 80%] Built target autopatrol_interfaces__rosidl_generator_py
[0.363s] [ 90%] Built target autopatrol_interfaces__rosidl_typesupport_c__pyext
[0.364s] [ 93%] Built target autopatrol_interfaces__rosidl_typesupport_introspection_c__pyext
[0.364s] [100%] Built target autopatrol_interfaces__rosidl_typesupport_fastrtps_c__pyext
[0.364s] running egg_info
[0.364s] writing autopatrol_interfaces.egg-info/PKG-INFO
[0.364s] writing dependency_links to autopatrol_interfaces.egg-info/dependency_links.txt
[0.364s] writing top-level names to autopatrol_interfaces.egg-info/top_level.txt
[0.364s] reading manifest file 'autopatrol_interfaces.egg-info/SOURCES.txt'
[0.366s] writing manifest file 'autopatrol_interfaces.egg-info/SOURCES.txt'
[0.366s] [100%] Built target ament_cmake_python_build_autopatrol_interfaces_egg
[0.368s] Invoked command in '/home/guo/fishbot/ros2bookcode/chapt7/chapt7_ws/build/autopatrol_interfaces' returned '0': CMAKE_PREFIX_PATH=/opt/ros/humble /usr/bin/cmake --build /home/guo/fishbot/ros2bookcode/chapt7/chapt7_ws/build/autopatrol_interfaces -- -j20 -l20
[0.374s] Invoking command in '/home/guo/fishbot/ros2bookcode/chapt7/chapt7_ws/build/autopatrol_interfaces': CMAKE_PREFIX_PATH=/opt/ros/humble /usr/bin/cmake --install /home/guo/fishbot/ros2bookcode/chapt7/chapt7_ws/build/autopatrol_interfaces
[0.379s] -- Install configuration: ""
[0.379s] -- Up-to-date: /home/guo/fishbot/ros2bookcode/chapt7/chapt7_ws/install/autopatrol_interfaces/share/ament_index/resource_index/rosidl_interfaces/autopatrol_interfaces
[0.379s] -- Up-to-date: /home/guo/fishbot/ros2bookcode/chapt7/chapt7_ws/install/autopatrol_interfaces/include/autopatrol_interfaces/autopatrol_interfaces
[0.380s] -- Up-to-date: /home/guo/fishbot/ros2bookcode/chapt7/chapt7_ws/install/autopatrol_interfaces/include/autopatrol_interfaces/autopatrol_interfaces/srv
[0.380s] -- Up-to-date: /home/guo/fishbot/ros2bookcode/chapt7/chapt7_ws/install/autopatrol_interfaces/include/autopatrol_interfaces/autopatrol_interfaces/srv/speach_text.h
[0.380s] -- Up-to-date: /home/guo/fishbot/ros2bookcode/chapt7/chapt7_ws/install/autopatrol_interfaces/include/autopatrol_interfaces/autopatrol_interfaces/srv/detail
[0.380s] -- Up-to-date: /home/guo/fishbot/ros2bookcode/chapt7/chapt7_ws/install/autopatrol_interfaces/include/autopatrol_interfaces/autopatrol_interfaces/srv/detail/speach_text__functions.h
[0.380s] -- Up-to-date: /home/guo/fishbot/ros2bookcode/chapt7/chapt7_ws/install/autopatrol_interfaces/include/autopatrol_interfaces/autopatrol_interfaces/srv/detail/speach_text__struct.h
[0.380s] -- Up-to-date: /home/guo/fishbot/ros2bookcode/chapt7/chapt7_ws/install/autopatrol_interfaces/include/autopatrol_interfaces/autopatrol_interfaces/srv/detail/speach_text__type_support.h
[0.380s] -- Up-to-date: /home/guo/fishbot/ros2bookcode/chapt7/chapt7_ws/install/autopatrol_interfaces/include/autopatrol_interfaces/autopatrol_interfaces/srv/detail/speach_text__functions.c
[0.380s] -- Up-to-date: /home/guo/fishbot/ros2bookcode/chapt7/chapt7_ws/install/autopatrol_interfaces/include/autopatrol_interfaces/autopatrol_interfaces/msg
[0.380s] -- Up-to-date: /home/guo/fishbot/ros2bookcode/chapt7/chapt7_ws/install/autopatrol_interfaces/include/autopatrol_interfaces/autopatrol_interfaces/msg/rosidl_generator_c__visibility_control.h
[0.381s] -- Up-to-date: /home/guo/fishbot/ros2bookcode/chapt7/chapt7_ws/install/autopatrol_interfaces/share/autopatrol_interfaces/environment/library_path.sh
[0.381s] -- Up-to-date: /home/guo/fishbot/ros2bookcode/chapt7/chapt7_ws/install/autopatrol_interfaces/share/autopatrol_interfaces/environment/library_path.dsv
[0.382s] -- Up-to-date: /home/guo/fishbot/ros2bookcode/chapt7/chapt7_ws/install/autopatrol_interfaces/lib/libautopatrol_interfaces__rosidl_generator_c.so
[0.382s] -- Up-to-date: /home/guo/fishbot/ros2bookcode/chapt7/chapt7_ws/install/autopatrol_interfaces/include/autopatrol_interfaces/autopatrol_interfaces
[0.383s] -- Up-to-date: /home/guo/fishbot/ros2bookcode/chapt7/chapt7_ws/install/autopatrol_interfaces/include/autopatrol_interfaces/autopatrol_interfaces/srv
[0.383s] -- Up-to-date: /home/guo/fishbot/ros2bookcode/chapt7/chapt7_ws/install/autopatrol_interfaces/include/autopatrol_interfaces/autopatrol_interfaces/srv/detail
[0.383s] -- Up-to-date: /home/guo/fishbot/ros2bookcode/chapt7/chapt7_ws/install/autopatrol_interfaces/include/autopatrol_interfaces/autopatrol_interfaces/srv/detail/speach_text__rosidl_typesupport_fastrtps_c.h
[0.383s] -- Up-to-date: /home/guo/fishbot/ros2bookcode/chapt7/chapt7_ws/install/autopatrol_interfaces/include/autopatrol_interfaces/autopatrol_interfaces/msg
[0.384s] -- Up-to-date: /home/guo/fishbot/ros2bookcode/chapt7/chapt7_ws/install/autopatrol_interfaces/include/autopatrol_interfaces/autopatrol_interfaces/msg/rosidl_typesupport_fastrtps_c__visibility_control.h
[0.384s] -- Up-to-date: /home/guo/fishbot/ros2bookcode/chapt7/chapt7_ws/install/autopatrol_interfaces/lib/libautopatrol_interfaces__rosidl_typesupport_fastrtps_c.so
[0.386s] -- Up-to-date: /home/guo/fishbot/ros2bookcode/chapt7/chapt7_ws/install/autopatrol_interfaces/include/autopatrol_interfaces/autopatrol_interfaces
[0.386s] -- Up-to-date: /home/guo/fishbot/ros2bookcode/chapt7/chapt7_ws/install/autopatrol_interfaces/include/autopatrol_interfaces/autopatrol_interfaces/srv
[0.387s] -- Up-to-date: /home/guo/fishbot/ros2bookcode/chapt7/chapt7_ws/install/autopatrol_interfaces/include/autopatrol_interfaces/autopatrol_interfaces/srv/detail
[0.387s] -- Up-to-date: /home/guo/fishbot/ros2bookcode/chapt7/chapt7_ws/install/autopatrol_interfaces/include/autopatrol_interfaces/autopatrol_interfaces/srv/detail/speach_text__rosidl_typesupport_introspection_c.h
[0.387s] -- Up-to-date: /home/guo/fishbot/ros2bookcode/chapt7/chapt7_ws/install/autopatrol_interfaces/include/autopatrol_interfaces/autopatrol_interfaces/srv/detail/speach_text__type_support.c
[0.387s] -- Up-to-date: /home/guo/fishbot/ros2bookcode/chapt7/chapt7_ws/install/autopatrol_interfaces/include/autopatrol_interfaces/autopatrol_interfaces/msg
[0.387s] -- Up-to-date: /home/guo/fishbot/ros2bookcode/chapt7/chapt7_ws/install/autopatrol_interfaces/include/autopatrol_interfaces/autopatrol_interfaces/msg/rosidl_typesupport_introspection_c__visibility_control.h
[0.388s] -- Up-to-date: /home/guo/fishbot/ros2bookcode/chapt7/chapt7_ws/install/autopatrol_interfaces/lib/libautopatrol_interfaces__rosidl_typesupport_introspection_c.so
[0.388s] -- Up-to-date: /home/guo/fishbot/ros2bookcode/chapt7/chapt7_ws/install/autopatrol_interfaces/lib/libautopatrol_interfaces__rosidl_typesupport_c.so
[0.388s] -- Up-to-date: /home/guo/fishbot/ros2bookcode/chapt7/chapt7_ws/install/autopatrol_interfaces/include/autopatrol_interfaces/autopatrol_interfaces
[0.388s] -- Up-to-date: /home/guo/fishbot/ros2bookcode/chapt7/chapt7_ws/install/autopatrol_interfaces/include/autopatrol_interfaces/autopatrol_interfaces/srv
[0.388s] -- Up-to-date: /home/guo/fishbot/ros2bookcode/chapt7/chapt7_ws/install/autopatrol_interfaces/include/autopatrol_interfaces/autopatrol_interfaces/srv/speach_text.hpp
[0.388s] -- Up-to-date: /home/guo/fishbot/ros2bookcode/chapt7/chapt7_ws/install/autopatrol_interfaces/include/autopatrol_interfaces/autopatrol_interfaces/srv/detail
[0.388s] -- Up-to-date: /home/guo/fishbot/ros2bookcode/chapt7/chapt7_ws/install/autopatrol_interfaces/include/autopatrol_interfaces/autopatrol_interfaces/srv/detail/speach_text__struct.hpp
[0.388s] -- Up-to-date: /home/guo/fishbot/ros2bookcode/chapt7/chapt7_ws/install/autopatrol_interfaces/include/autopatrol_interfaces/autopatrol_interfaces/srv/detail/speach_text__builder.hpp
[0.388s] -- Up-to-date: /home/guo/fishbot/ros2bookcode/chapt7/chapt7_ws/install/autopatrol_interfaces/include/autopatrol_interfaces/autopatrol_interfaces/srv/detail/speach_text__type_support.hpp
[0.388s] -- Up-to-date: /home/guo/fishbot/ros2bookcode/chapt7/chapt7_ws/install/autopatrol_interfaces/include/autopatrol_interfaces/autopatrol_interfaces/srv/detail/speach_text__traits.hpp
[0.388s] -- Up-to-date: /home/guo/fishbot/ros2bookcode/chapt7/chapt7_ws/install/autopatrol_interfaces/include/autopatrol_interfaces/autopatrol_interfaces/msg
[0.388s] -- Up-to-date: /home/guo/fishbot/ros2bookcode/chapt7/chapt7_ws/install/autopatrol_interfaces/include/autopatrol_interfaces/autopatrol_interfaces/msg/rosidl_generator_cpp__visibility_control.hpp
[0.388s] -- Up-to-date: /home/guo/fishbot/ros2bookcode/chapt7/chapt7_ws/install/autopatrol_interfaces/include/autopatrol_interfaces/autopatrol_interfaces
[0.388s] -- Up-to-date: /home/guo/fishbot/ros2bookcode/chapt7/chapt7_ws/install/autopatrol_interfaces/include/autopatrol_interfaces/autopatrol_interfaces/srv
[0.388s] -- Up-to-date: /home/guo/fishbot/ros2bookcode/chapt7/chapt7_ws/install/autopatrol_interfaces/include/autopatrol_interfaces/autopatrol_interfaces/srv/detail
[0.388s] -- Up-to-date: /home/guo/fishbot/ros2bookcode/chapt7/chapt7_ws/install/autopatrol_interfaces/include/autopatrol_interfaces/autopatrol_interfaces/srv/detail/dds_fastrtps
[0.388s] -- Up-to-date: /home/guo/fishbot/ros2bookcode/chapt7/chapt7_ws/install/autopatrol_interfaces/include/autopatrol_interfaces/autopatrol_interfaces/srv/detail/speach_text__rosidl_typesupport_fastrtps_cpp.hpp
[0.388s] -- Up-to-date: /home/guo/fishbot/ros2bookcode/chapt7/chapt7_ws/install/autopatrol_interfaces/include/autopatrol_interfaces/autopatrol_interfaces/msg
[0.388s] -- Up-to-date: /home/guo/fishbot/ros2bookcode/chapt7/chapt7_ws/install/autopatrol_interfaces/include/autopatrol_interfaces/autopatrol_interfaces/msg/rosidl_typesupport_fastrtps_cpp__visibility_control.h
[0.388s] -- Up-to-date: /home/guo/fishbot/ros2bookcode/chapt7/chapt7_ws/install/autopatrol_interfaces/lib/libautopatrol_interfaces__rosidl_typesupport_fastrtps_cpp.so
[0.388s] -- Up-to-date: /home/guo/fishbot/ros2bookcode/chapt7/chapt7_ws/install/autopatrol_interfaces/include/autopatrol_interfaces/autopatrol_interfaces
[0.389s] -- Up-to-date: /home/guo/fishbot/ros2bookcode/chapt7/chapt7_ws/install/autopatrol_interfaces/include/autopatrol_interfaces/autopatrol_interfaces/srv
[0.389s] -- Up-to-date: /home/guo/fishbot/ros2bookcode/chapt7/chapt7_ws/install/autopatrol_interfaces/include/autopatrol_interfaces/autopatrol_interfaces/srv/detail
[0.389s] -- Up-to-date: /home/guo/fishbot/ros2bookcode/chapt7/chapt7_ws/install/autopatrol_interfaces/include/autopatrol_interfaces/autopatrol_interfaces/srv/detail/speach_text__type_support.cpp
[0.389s] -- Up-to-date: /home/guo/fishbot/ros2bookcode/chapt7/chapt7_ws/install/autopatrol_interfaces/include/autopatrol_interfaces/autopatrol_interfaces/srv/detail/speach_text__rosidl_typesupport_introspection_cpp.hpp
[0.389s] -- Up-to-date: /home/guo/fishbot/ros2bookcode/chapt7/chapt7_ws/install/autopatrol_interfaces/lib/libautopatrol_interfaces__rosidl_typesupport_introspection_cpp.so
[0.389s] -- Up-to-date: /home/guo/fishbot/ros2bookcode/chapt7/chapt7_ws/install/autopatrol_interfaces/lib/libautopatrol_interfaces__rosidl_typesupport_cpp.so
[0.389s] -- Up-to-date: /home/guo/fishbot/ros2bookcode/chapt7/chapt7_ws/install/autopatrol_interfaces/share/autopatrol_interfaces/environment/pythonpath.sh
[0.389s] -- Up-to-date: /home/guo/fishbot/ros2bookcode/chapt7/chapt7_ws/install/autopatrol_interfaces/share/autopatrol_interfaces/environment/pythonpath.dsv
[0.389s] -- Up-to-date: /home/guo/fishbot/ros2bookcode/chapt7/chapt7_ws/install/autopatrol_interfaces/local/lib/python3.10/dist-packages/autopatrol_interfaces-0.0.0-py3.10.egg-info
[0.389s] -- Installing: /home/guo/fishbot/ros2bookcode/chapt7/chapt7_ws/install/autopatrol_interfaces/local/lib/python3.10/dist-packages/autopatrol_interfaces-0.0.0-py3.10.egg-info/PKG-INFO
[0.389s] -- Installing: /home/guo/fishbot/ros2bookcode/chapt7/chapt7_ws/install/autopatrol_interfaces/local/lib/python3.10/dist-packages/autopatrol_interfaces-0.0.0-py3.10.egg-info/SOURCES.txt
[0.389s] -- Installing: /home/guo/fishbot/ros2bookcode/chapt7/chapt7_ws/install/autopatrol_interfaces/local/lib/python3.10/dist-packages/autopatrol_interfaces-0.0.0-py3.10.egg-info/top_level.txt
[0.389s] -- Installing: /home/guo/fishbot/ros2bookcode/chapt7/chapt7_ws/install/autopatrol_interfaces/local/lib/python3.10/dist-packages/autopatrol_interfaces-0.0.0-py3.10.egg-info/dependency_links.txt
[0.389s] -- Up-to-date: /home/guo/fishbot/ros2bookcode/chapt7/chapt7_ws/install/autopatrol_interfaces/local/lib/python3.10/dist-packages/autopatrol_interfaces
[0.389s] -- Up-to-date: /home/guo/fishbot/ros2bookcode/chapt7/chapt7_ws/install/autopatrol_interfaces/local/lib/python3.10/dist-packages/autopatrol_interfaces/_autopatrol_interfaces_s.ep.rosidl_typesupport_fastrtps_c.c
[0.389s] -- Up-to-date: /home/guo/fishbot/ros2bookcode/chapt7/chapt7_ws/install/autopatrol_interfaces/local/lib/python3.10/dist-packages/autopatrol_interfaces/_autopatrol_interfaces_s.ep.rosidl_typesupport_introspection_c.c
[0.389s] -- Up-to-date: /home/guo/fishbot/ros2bookcode/chapt7/chapt7_ws/install/autopatrol_interfaces/local/lib/python3.10/dist-packages/autopatrol_interfaces/autopatrol_interfaces_s__rosidl_typesupport_introspection_c.cpython-310-x86_64-linux-gnu.so
[0.389s] -- Up-to-date: /home/guo/fishbot/ros2bookcode/chapt7/chapt7_ws/install/autopatrol_interfaces/local/lib/python3.10/dist-packages/autopatrol_interfaces/libautopatrol_interfaces__rosidl_generator_py.so
[0.389s] -- Up-to-date: /home/guo/fishbot/ros2bookcode/chapt7/chapt7_ws/install/autopatrol_interfaces/local/lib/python3.10/dist-packages/autopatrol_interfaces/__init__.py
[0.389s] -- Up-to-date: /home/guo/fishbot/ros2bookcode/chapt7/chapt7_ws/install/autopatrol_interfaces/local/lib/python3.10/dist-packages/autopatrol_interfaces/_autopatrol_interfaces_s.ep.rosidl_typesupport_c.c
[0.389s] -- Up-to-date: /home/guo/fishbot/ros2bookcode/chapt7/chapt7_ws/install/autopatrol_interfaces/local/lib/python3.10/dist-packages/autopatrol_interfaces/autopatrol_interfaces_s__rosidl_typesupport_fastrtps_c.cpython-310-x86_64-linux-gnu.so
[0.389s] -- Up-to-date: /home/guo/fishbot/ros2bookcode/chapt7/chapt7_ws/install/autopatrol_interfaces/local/lib/python3.10/dist-packages/autopatrol_interfaces/srv
[0.389s] -- Up-to-date: /home/guo/fishbot/ros2bookcode/chapt7/chapt7_ws/install/autopatrol_interfaces/local/lib/python3.10/dist-packages/autopatrol_interfaces/srv/_speach_text_s.c
[0.389s] -- Up-to-date: /home/guo/fishbot/ros2bookcode/chapt7/chapt7_ws/install/autopatrol_interfaces/local/lib/python3.10/dist-packages/autopatrol_interfaces/srv/_speach_text.py
[0.389s] -- Up-to-date: /home/guo/fishbot/ros2bookcode/chapt7/chapt7_ws/install/autopatrol_interfaces/local/lib/python3.10/dist-packages/autopatrol_interfaces/srv/__init__.py
[0.389s] -- Up-to-date: /home/guo/fishbot/ros2bookcode/chapt7/chapt7_ws/install/autopatrol_interfaces/local/lib/python3.10/dist-packages/autopatrol_interfaces/autopatrol_interfaces_s__rosidl_typesupport_c.cpython-310-x86_64-linux-gnu.so
[0.413s] Listing '/home/guo/fishbot/ros2bookcode/chapt7/chapt7_ws/install/autopatrol_interfaces/local/lib/python3.10/dist-packages/autopatrol_interfaces'...
[0.413s] Listing '/home/guo/fishbot/ros2bookcode/chapt7/chapt7_ws/install/autopatrol_interfaces/local/lib/python3.10/dist-packages/autopatrol_interfaces/srv'...
[0.417s] -- Up-to-date: /home/guo/fishbot/ros2bookcode/chapt7/chapt7_ws/install/autopatrol_interfaces/local/lib/python3.10/dist-packages/autopatrol_interfaces/autopatrol_interfaces_s__rosidl_typesupport_fastrtps_c.cpython-310-x86_64-linux-gnu.so
[0.417s] -- Up-to-date: /home/guo/fishbot/ros2bookcode/chapt7/chapt7_ws/install/autopatrol_interfaces/local/lib/python3.10/dist-packages/autopatrol_interfaces/autopatrol_interfaces_s__rosidl_typesupport_introspection_c.cpython-310-x86_64-linux-gnu.so
[0.419s] -- Up-to-date: /home/guo/fishbot/ros2bookcode/chapt7/chapt7_ws/install/autopatrol_interfaces/local/lib/python3.10/dist-packages/autopatrol_interfaces/autopatrol_interfaces_s__rosidl_typesupport_c.cpython-310-x86_64-linux-gnu.so
[0.419s] -- Up-to-date: /home/guo/fishbot/ros2bookcode/chapt7/chapt7_ws/install/autopatrol_interfaces/lib/libautopatrol_interfaces__rosidl_generator_py.so
[0.420s] -- Up-to-date: /home/guo/fishbot/ros2bookcode/chapt7/chapt7_ws/install/autopatrol_interfaces/share/autopatrol_interfaces/srv/SpeachText.idl
[0.420s] -- Up-to-date: /home/guo/fishbot/ros2bookcode/chapt7/chapt7_ws/install/autopatrol_interfaces/share/autopatrol_interfaces/srv/SpeachText.srv
[0.420s] -- Up-to-date: /home/guo/fishbot/ros2bookcode/chapt7/chapt7_ws/install/autopatrol_interfaces/share/autopatrol_interfaces/srv/SpeachText_Request.msg
[0.420s] -- Up-to-date: /home/guo/fishbot/ros2bookcode/chapt7/chapt7_ws/install/autopatrol_interfaces/share/autopatrol_interfaces/srv/SpeachText_Response.msg
[0.420s] -- Up-to-date: /home/guo/fishbot/ros2bookcode/chapt7/chapt7_ws/install/autopatrol_interfaces/share/ament_index/resource_index/package_run_dependencies/autopatrol_interfaces
[0.421s] -- Up-to-date: /home/guo/fishbot/ros2bookcode/chapt7/chapt7_ws/install/autopatrol_interfaces/share/ament_index/resource_index/parent_prefix_path/autopatrol_interfaces
[0.421s] -- Up-to-date: /home/guo/fishbot/ros2bookcode/chapt7/chapt7_ws/install/autopatrol_interfaces/share/autopatrol_interfaces/environment/ament_prefix_path.sh
[0.421s] -- Up-to-date: /home/guo/fishbot/ros2bookcode/chapt7/chapt7_ws/install/autopatrol_interfaces/share/autopatrol_interfaces/environment/ament_prefix_path.dsv
[0.422s] -- Up-to-date: /home/guo/fishbot/ros2bookcode/chapt7/chapt7_ws/install/autopatrol_interfaces/share/autopatrol_interfaces/environment/path.sh
[0.422s] -- Up-to-date: /home/guo/fishbot/ros2bookcode/chapt7/chapt7_ws/install/autopatrol_interfaces/share/autopatrol_interfaces/environment/path.dsv
[0.422s] -- Up-to-date: /home/guo/fishbot/ros2bookcode/chapt7/chapt7_ws/install/autopatrol_interfaces/share/autopatrol_interfaces/local_setup.bash
[0.422s] -- Up-to-date: /home/guo/fishbot/ros2bookcode/chapt7/chapt7_ws/install/autopatrol_interfaces/share/autopatrol_interfaces/local_setup.sh
[0.422s] -- Up-to-date: /home/guo/fishbot/ros2bookcode/chapt7/chapt7_ws/install/autopatrol_interfaces/share/autopatrol_interfaces/local_setup.zsh
[0.422s] -- Up-to-date: /home/guo/fishbot/ros2bookcode/chapt7/chapt7_ws/install/autopatrol_interfaces/share/autopatrol_interfaces/local_setup.dsv
[0.423s] -- Installing: /home/guo/fishbot/ros2bookcode/chapt7/chapt7_ws/install/autopatrol_interfaces/share/autopatrol_interfaces/package.dsv
[0.423s] -- Up-to-date: /home/guo/fishbot/ros2bookcode/chapt7/chapt7_ws/install/autopatrol_interfaces/share/ament_index/resource_index/packages/autopatrol_interfaces
[0.423s] -- Up-to-date: /home/guo/fishbot/ros2bookcode/chapt7/chapt7_ws/install/autopatrol_interfaces/share/autopatrol_interfaces/cmake/export_autopatrol_interfaces__rosidl_generator_cExport.cmake
[0.423s] -- Up-to-date: /home/guo/fishbot/ros2bookcode/chapt7/chapt7_ws/install/autopatrol_interfaces/share/autopatrol_interfaces/cmake/export_autopatrol_interfaces__rosidl_generator_cExport-noconfig.cmake
[0.424s] -- Up-to-date: /home/guo/fishbot/ros2bookcode/chapt7/chapt7_ws/install/autopatrol_interfaces/share/autopatrol_interfaces/cmake/export_autopatrol_interfaces__rosidl_typesupport_fastrtps_cExport.cmake
[0.424s] -- Up-to-date: /home/guo/fishbot/ros2bookcode/chapt7/chapt7_ws/install/autopatrol_interfaces/share/autopatrol_interfaces/cmake/export_autopatrol_interfaces__rosidl_typesupport_fastrtps_cExport-noconfig.cmake
[0.424s] -- Up-to-date: /home/guo/fishbot/ros2bookcode/chapt7/chapt7_ws/install/autopatrol_interfaces/share/autopatrol_interfaces/cmake/autopatrol_interfaces__rosidl_typesupport_introspection_cExport.cmake
[0.425s] -- Up-to-date: /home/guo/fishbot/ros2bookcode/chapt7/chapt7_ws/install/autopatrol_interfaces/share/autopatrol_interfaces/cmake/autopatrol_interfaces__rosidl_typesupport_introspection_cExport-noconfig.cmake
[0.425s] -- Up-to-date: /home/guo/fishbot/ros2bookcode/chapt7/chapt7_ws/install/autopatrol_interfaces/share/autopatrol_interfaces/cmake/autopatrol_interfaces__rosidl_typesupport_cExport.cmake
[0.426s] -- Up-to-date: /home/guo/fishbot/ros2bookcode/chapt7/chapt7_ws/install/autopatrol_interfaces/share/autopatrol_interfaces/cmake/autopatrol_interfaces__rosidl_typesupport_cExport-noconfig.cmake
[0.426s] -- Up-to-date: /home/guo/fishbot/ros2bookcode/chapt7/chapt7_ws/install/autopatrol_interfaces/share/autopatrol_interfaces/cmake/export_autopatrol_interfaces__rosidl_generator_cppExport.cmake
[0.426s] -- Up-to-date: /home/guo/fishbot/ros2bookcode/chapt7/chapt7_ws/install/autopatrol_interfaces/share/autopatrol_interfaces/cmake/export_autopatrol_interfaces__rosidl_typesupport_fastrtps_cppExport.cmake
[0.427s] -- Up-to-date: /home/guo/fishbot/ros2bookcode/chapt7/chapt7_ws/install/autopatrol_interfaces/share/autopatrol_interfaces/cmake/export_autopatrol_interfaces__rosidl_typesupport_fastrtps_cppExport-noconfig.cmake
[0.427s] -- Up-to-date: /home/guo/fishbot/ros2bookcode/chapt7/chapt7_ws/install/autopatrol_interfaces/share/autopatrol_interfaces/cmake/autopatrol_interfaces__rosidl_typesupport_introspection_cppExport.cmake
[0.428s] -- Up-to-date: /home/guo/fishbot/ros2bookcode/chapt7/chapt7_ws/install/autopatrol_interfaces/share/autopatrol_interfaces/cmake/autopatrol_interfaces__rosidl_typesupport_introspection_cppExport-noconfig.cmake
[0.428s] -- Up-to-date: /home/guo/fishbot/ros2bookcode/chapt7/chapt7_ws/install/autopatrol_interfaces/share/autopatrol_interfaces/cmake/autopatrol_interfaces__rosidl_typesupport_cppExport.cmake
[0.429s] -- Up-to-date: /home/guo/fishbot/ros2bookcode/chapt7/chapt7_ws/install/autopatrol_interfaces/share/autopatrol_interfaces/cmake/autopatrol_interfaces__rosidl_typesupport_cppExport-noconfig.cmake
[0.429s] -- Up-to-date: /home/guo/fishbot/ros2bookcode/chapt7/chapt7_ws/install/autopatrol_interfaces/share/autopatrol_interfaces/cmake/export_autopatrol_interfaces__rosidl_generator_pyExport.cmake
[0.429s] -- Up-to-date: /home/guo/fishbot/ros2bookcode/chapt7/chapt7_ws/install/autopatrol_interfaces/share/autopatrol_interfaces/cmake/export_autopatrol_interfaces__rosidl_generator_pyExport-noconfig.cmake
[0.429s] -- Up-to-date: /home/guo/fishbot/ros2bookcode/chapt7/chapt7_ws/install/autopatrol_interfaces/share/autopatrol_interfaces/cmake/rosidl_cmake-extras.cmake
[0.429s] -- Up-to-date: /home/guo/fishbot/ros2bookcode/chapt7/chapt7_ws/install/autopatrol_interfaces/share/autopatrol_interfaces/cmake/ament_cmake_export_include_directories-extras.cmake
[0.429s] -- Up-to-date: /home/guo/fishbot/ros2bookcode/chapt7/chapt7_ws/install/autopatrol_interfaces/share/autopatrol_interfaces/cmake/ament_cmake_export_libraries-extras.cmake
[0.429s] -- Up-to-date: /home/guo/fishbot/ros2bookcode/chapt7/chapt7_ws/install/autopatrol_interfaces/share/autopatrol_interfaces/cmake/ament_cmake_export_targets-extras.cmake
[0.429s] -- Up-to-date: /home/guo/fishbot/ros2bookcode/chapt7/chapt7_ws/install/autopatrol_interfaces/share/autopatrol_interfaces/cmake/rosidl_cmake_export_typesupport_targets-extras.cmake
[0.430s] -- Up-to-date: /home/guo/fishbot/ros2bookcode/chapt7/chapt7_ws/install/autopatrol_interfaces/share/autopatrol_interfaces/cmake/ament_cmake_export_dependencies-extras.cmake
[0.430s] -- Up-to-date: /home/guo/fishbot/ros2bookcode/chapt7/chapt7_ws/install/autopatrol_interfaces/share/autopatrol_interfaces/cmake/rosidl_cmake_export_typesupport_libraries-extras.cmake
[0.430s] -- Up-to-date: /home/guo/fishbot/ros2bookcode/chapt7/chapt7_ws/install/autopatrol_interfaces/share/autopatrol_interfaces/cmake/autopatrol_interfacesConfig.cmake
[0.430s] -- Up-to-date: /home/guo/fishbot/ros2bookcode/chapt7/chapt7_ws/install/autopatrol_interfaces/share/autopatrol_interfaces/cmake/autopatrol_interfacesConfig-version.cmake
[0.430s] -- Up-to-date: /home/guo/fishbot/ros2bookcode/chapt7/chapt7_ws/install/autopatrol_interfaces/share/autopatrol_interfaces/package.xml
[0.434s] Invoked command in '/home/guo/fishbot/ros2bookcode/chapt7/chapt7_ws/build/autopatrol_interfaces' returned '0': CMAKE_PREFIX_PATH=/opt/ros/humble /usr/bin/cmake --install /home/guo/fishbot/ros2bookcode/chapt7/chapt7_ws/build/autopatrol_interfaces
