[0.331s] Invoking command in '/home/guo/fishbot/ros2bookcode/chapt7/chapt7_ws/build/fishbot_application_cpp': CMAKE_PREFIX_PATH=${CMAKE_PREFIX_PATH}:/home/guo/fishbot/ros2bookcode/chapt7/chapt7_ws/install/fishbot_application:/home/guo/fishbot/ros2bookcode/chapt7/chapt7_ws/install/autopatrol_robot:/opt/ros/humble /usr/bin/cmake --build /home/guo/fishbot/ros2bookcode/chapt7/chapt7_ws/build/fishbot_application_cpp -- -j20 -l20
[0.383s] [100%] Built target nav2pose
[0.412s] Invoked command in '/home/guo/fishbot/ros2bookcode/chapt7/chapt7_ws/build/fishbot_application_cpp' returned '0': CMAKE_PREFIX_PATH=${CMAKE_PREFIX_PATH}:/home/guo/fishbot/ros2bookcode/chapt7/chapt7_ws/install/fishbot_application:/home/guo/fishbot/ros2bookcode/chapt7/chapt7_ws/install/autopatrol_robot:/opt/ros/humble /usr/bin/cmake --build /home/guo/fishbot/ros2bookcode/chapt7/chapt7_ws/build/fishbot_application_cpp -- -j20 -l20
[0.414s] Invoking command in '/home/guo/fishbot/ros2bookcode/chapt7/chapt7_ws/build/fishbot_application_cpp': CMAKE_PREFIX_PATH=${CMAKE_PREFIX_PATH}:/home/guo/fishbot/ros2bookcode/chapt7/chapt7_ws/install/fishbot_application:/home/guo/fishbot/ros2bookcode/chapt7/chapt7_ws/install/autopatrol_robot:/opt/ros/humble /usr/bin/cmake --install /home/guo/fishbot/ros2bookcode/chapt7/chapt7_ws/build/fishbot_application_cpp
[0.442s] -- Install configuration: ""
[0.442s] -- Up-to-date: /home/guo/fishbot/ros2bookcode/chapt7/chapt7_ws/install/fishbot_application_cpp/lib/fishbot_application_cpp/nav2pose
[0.442s] -- Up-to-date: /home/guo/fishbot/ros2bookcode/chapt7/chapt7_ws/install/fishbot_application_cpp/share/ament_index/resource_index/package_run_dependencies/fishbot_application_cpp
[0.442s] -- Up-to-date: /home/guo/fishbot/ros2bookcode/chapt7/chapt7_ws/install/fishbot_application_cpp/share/ament_index/resource_index/parent_prefix_path/fishbot_application_cpp
[0.443s] -- Up-to-date: /home/guo/fishbot/ros2bookcode/chapt7/chapt7_ws/install/fishbot_application_cpp/share/fishbot_application_cpp/environment/ament_prefix_path.sh
[0.443s] -- Up-to-date: /home/guo/fishbot/ros2bookcode/chapt7/chapt7_ws/install/fishbot_application_cpp/share/fishbot_application_cpp/environment/ament_prefix_path.dsv
[0.443s] -- Up-to-date: /home/guo/fishbot/ros2bookcode/chapt7/chapt7_ws/install/fishbot_application_cpp/share/fishbot_application_cpp/environment/path.sh
[0.443s] -- Up-to-date: /home/guo/fishbot/ros2bookcode/chapt7/chapt7_ws/install/fishbot_application_cpp/share/fishbot_application_cpp/environment/path.dsv
[0.443s] -- Up-to-date: /home/guo/fishbot/ros2bookcode/chapt7/chapt7_ws/install/fishbot_application_cpp/share/fishbot_application_cpp/local_setup.bash
[0.444s] -- Up-to-date: /home/guo/fishbot/ros2bookcode/chapt7/chapt7_ws/install/fishbot_application_cpp/share/fishbot_application_cpp/local_setup.sh
[0.444s] -- Up-to-date: /home/guo/fishbot/ros2bookcode/chapt7/chapt7_ws/install/fishbot_application_cpp/share/fishbot_application_cpp/local_setup.zsh
[0.444s] -- Up-to-date: /home/guo/fishbot/ros2bookcode/chapt7/chapt7_ws/install/fishbot_application_cpp/share/fishbot_application_cpp/local_setup.dsv
[0.444s] -- Installing: /home/guo/fishbot/ros2bookcode/chapt7/chapt7_ws/install/fishbot_application_cpp/share/fishbot_application_cpp/package.dsv
[0.444s] -- Up-to-date: /home/guo/fishbot/ros2bookcode/chapt7/chapt7_ws/install/fishbot_application_cpp/share/ament_index/resource_index/packages/fishbot_application_cpp
[0.445s] -- Up-to-date: /home/guo/fishbot/ros2bookcode/chapt7/chapt7_ws/install/fishbot_application_cpp/share/fishbot_application_cpp/cmake/fishbot_application_cppConfig.cmake
[0.445s] -- Up-to-date: /home/guo/fishbot/ros2bookcode/chapt7/chapt7_ws/install/fishbot_application_cpp/share/fishbot_application_cpp/cmake/fishbot_application_cppConfig-version.cmake
[0.445s] -- Up-to-date: /home/guo/fishbot/ros2bookcode/chapt7/chapt7_ws/install/fishbot_application_cpp/share/fishbot_application_cpp/package.xml
[0.446s] Invoked command in '/home/guo/fishbot/ros2bookcode/chapt7/chapt7_ws/build/fishbot_application_cpp' returned '0': CMAKE_PREFIX_PATH=${CMAKE_PREFIX_PATH}:/home/guo/fishbot/ros2bookcode/chapt7/chapt7_ws/install/fishbot_application:/home/guo/fishbot/ros2bookcode/chapt7/chapt7_ws/install/autopatrol_robot:/opt/ros/humble /usr/bin/cmake --install /home/guo/fishbot/ros2bookcode/chapt7/chapt7_ws/build/fishbot_application_cpp
